<html>
<body>
<pre>
<h1>µVision Build Log</h1>
<h2>Tool Versions:</h2>
IDE-Version: ¦ÌVision V5.17.0.0
Copyright (C) 2015 ARM Ltd and ARM Germany GmbH. All rights reserved.
License Information: X Kraft, XKraft, LIC=RC9X7-EPC47-AQ80M-XPAKG-NX0RT-V0U3E
 
Tool Versions:
Toolchain:       MDK-ARM Standard  Version: 5.17
Toolchain Path:  C:\Keil_v5\ARM\ARMCC\Bin
C Compiler:      Armcc.exe V5.06 update 1 (build 61)
Assembler:       Armasm.exe V5.06 update 1 (build 61)
Linker/Locator:  ArmLink.exe V5.06 update 1 (build 61)
Library Manager: ArmAr.exe V5.06 update 1 (build 61)
Hex Converter:   FromElf.exe V5.06 update 1 (build 61)
CPU DLL:         SARMCM3.DLL V5.17
Dialog DLL:      DCM.DLL V1.13.4.0
Target DLL:      STLink\ST-LINKIII-KEIL_SWO.dll V2.0.18.0
Dialog DLL:      TCM.DLL V1.14.6.0
 
<h2>Project:</h2>
d:\study\ardupilot\FlyAssistant_F743\MDK-ARM\H743_Fly.uvprojx
Project File Date:  07/17/2022

<h2>Output:</h2>
*** Using Compiler 'V5.06 update 1 (build 61)', folder: 'C:\Keil_v5\ARM\ARMCC\Bin'
Build target 'H743_Fly'
compiling main.c...
../Core/Src/main.c(525): warning:  #223-D: function "abs" declared implicitly
          if(abs(distance - 1500) > 100 && is_takeoff==1)
../Core/Src/main.c(268): warning:  #550-D: variable "cmd" was set but never used
  	uint8_t cmd=0;
../Core/Src/main.c(269): warning:  #177-D: variable "key" was declared but never referenced
  	uint8_t key;
../Core/Src/main.c(271): warning:  #550-D: variable "ContrlTime_x" was set but never used
    uint32_t ContrlTime_x = 0;
../Core/Src/main.c(272): warning:  #550-D: variable "ContrlTime_y" was set but never used
    uint32_t ContrlTime_y = 0;
../Core/Src/main.c(277): warning:  #177-D: variable "Ctrl_flag_time" was declared but never referenced
    uint32_t Ctrl_flag_time = 0;
../Core/Src/main.c(279): warning:  #177-D: variable "decodetimer" was declared but never referenced
  	uint32_t decodetimer;
../Core/Src/main.c(282): warning:  #177-D: variable "flag_rx2" was declared but never referenced
    int flag_rx2 = 0;
../Core/Src/main.c(283): warning:  #177-D: variable "msg1" was declared but never referenced
  	mavlink_message_t msg1;
../Core/Src/main.c(284): warning:  #177-D: variable "msg2" was declared but never referenced
  	mavlink_message_t msg2;
../Core/Src/main.c(285): warning:  #177-D: variable "msg_tmp" was declared but never referenced
  	mavlink_message_t msg_tmp;
../Core/Src/main.c(286): warning:  #177-D: variable "msg_altitude" was declared but never referenced
  	mavlink_message_t msg_altitude;
../Core/Src/main.c(287): warning:  #177-D: variable "msg_request_data_stream" was declared but never referenced
  	mavlink_message_t msg_request_data_stream;
../Core/Src/main.c(288): warning:  #177-D: variable "len" was declared but never referenced
  	uint32_t len = 0;
../Core/Src/main.c(289): warning:  #177-D: variable "str" was declared but never referenced
    uint8_t str[] = "hello world\r\n";
../Core/Src/main.c(1896): warning:  #177-D: variable "tim17_1ms" was declared but never referenced
  	  static uint16_t tim17_1ms= 0;//?Ð¶Ï´??ý¼?????
../Core/Src/main.c(2367): warning:  #550-D: variable "len" was set but never used
  	uint16_t len;	
../Core/Src/main.c(2393): warning:  #550-D: variable "len" was set but never used
  	uint16_t len;	
../Core/Src/main.c(2424): warning:  #550-D: variable "len" was set but never used
  	uint16_t len;
../Core/Src/main.c(87): warning:  #177-D: variable "Recv_Cnt_UART1" was declared but never referenced
  static int Recv_Cnt_UART1 = 0;
../Core/Src/main.c(89): warning:  #177-D: variable "Recv_Cnt_UART3" was declared but never referenced
  static int Recv_Cnt_UART3 = 0;
../Core/Src/main.c(90): warning:  #177-D: variable "UART1_Frame_Flag" was declared but never referenced
  static int UART1_Frame_Flag = 0;
../Core/Src/main.c(92): warning:  #177-D: variable "UART3_Frame_Flag" was declared but never referenced
  static int UART3_Frame_Flag = 0;
../Core/Src/main.c(93): warning:  #177-D: variable "heartbeat" was declared but never referenced
  static int heartbeat = 0;
../Core/Src/main.c(94): warning:  #177-D: variable "MAVLink_message_length" was declared but never referenced
  static int MAVLink_message_length = 0;
../Core/Src/main.c(95): warning:  #177-D: variable "packet" was declared but never referenced
  static mavlink_distance_sensor_t packet;
../Core/Src/main.c(96): warning:  #177-D: variable "height" was declared but never referenced
  static float height = 0;
../Core/Src/main.c: 27 warnings, 0 errors
linking...
Program Size: Code=36424 RO-data=1336 RW-data=336 ZI-data=4528  
FromELF: creating hex file...
"H743_Fly\H743_Fly.axf" - 0 Error(s), 27 Warning(s).

<h2>Software Packages used:</h2>

Package Vendor: ARM
                http://www.keil.com/pack/ARM.CMSIS.4.5.0.pack
                ARM::CMSIS:CORE:4.3.0
                CMSIS (Cortex Microcontroller Software Interface Standard)
   * Component: CORE Version: 4.3.0

<h2>Collection of Component include folders:</h2>
  d:\study\ardupilot\FlyAssistant_F743\MDK-ARM\RTE
  C:\Keil_v5\ARM\PACK\ARM\CMSIS\4.5.0\CMSIS\Include
  C:\Keil_v5\ARM\PACK\Keil\STM32H7xx_DFP\2.4.0\Drivers\CMSIS\Device\ST\STM32H7xx\Include

<h2>Collection of Component Files used:</h2>

   * Component: ARM::CMSIS:CORE:4.3.0
Build Time Elapsed:  00:00:11
</pre>
</body>
</html>
