<html>
<body>
<pre>
<h1>µVision Build Log</h1>
<h2>Tool Versions:</h2>
IDE-Version: ¦ÌVision V5.23.0.0
Copyright (C) 2017 ARM Ltd and ARM Germany GmbH. All rights reserved.
License Information: 1 2041729, HP Inc., LIC=P6F56-DKL4I-JPTZQ-NPAAZ-GJ9CY-5X6VK
 
Tool Versions:
Toolchain:       MDK-ARM Professional  Version: 5.23
Toolchain Path:  F:\Tools\KEIL_v5\ARM\ARMCC\Bin
C Compiler:      Armcc.exe V5.06 update 4 (build 422)
Assembler:       Armasm.exe V5.06 update 4 (build 422)
Linker/Locator:  ArmLink.exe V5.06 update 4 (build 422)
Library Manager: ArmAr.exe V5.06 update 4 (build 422)
Hex Converter:   FromElf.exe V5.06 update 4 (build 422)
CPU DLL:         SARMCM3.DLL V5.23
Dialog DLL:      DCM.DLL V1.15.0.0
Target DLL:      STLink\ST-LINKIII-KEIL_SWO.dll V2.0.18.0
Dialog DLL:      TCM.DLL V1.27.0.0
 
<h2>Project:</h2>
f:\User\lemon\Desktop\UVA_assistant\MDK-ARM\H743_Fly.uvprojx
Project File Date:  07/18/2022

<h2>Output:</h2>
*** Using Compiler 'V5.06 update 4 (build 422)', folder: 'F:\Tools\KEIL_v5\ARM\ARMCC\Bin'
Build target 'H743_Fly'
assembling startup_stm32h743xx.s...
compiling Matrix.c...
..\Src\Matrix.c(114): warning:  #223-D: function "memset" declared implicitly
    memset(p->buf, 0, FIFO_LEN);
..\Src\Matrix.c(274): warning:  #1-D: last line of file ends without a newline
  }
..\Src\Matrix.c: 2 warnings, 0 errors
compiling Kalman.c...
..\Src\Kalman.c(27): warning:  #1035-D: single-precision operand implicitly converted to double-precision
      kalman->lastPredCovVal = sqrt(1.0 - kalman->kg) * currPredCovVal;
..\Src\Kalman.c(28): warning:  #1035-D: single-precision operand implicitly converted to double-precision
      kalman->lastRealCovVal = sqrt(1.0 - kalman->kg) * currRealCovVal;
..\Src\Kalman.c(31): warning:  #1-D: last line of file ends without a newline
  }
..\Src\Kalman.c: 3 warnings, 0 errors
compiling stm32h7xx_ll_exti.c...
compiling MAV_Altitude_Decode.c...
compiling flyControl.c...
..\Src\flyControl.c(116): warning:  #223-D: function "abs" declared implicitly
  		PID_Control_param = (abs(CurrentPoint - SetPoint) > 85)?  1.3  : 1.0;
..\Src\flyControl.c(129): warning:  #1035-D: single-precision operand implicitly converted to double-precision
  		if(flag) out *= 0.5;
..\Src\flyControl.c(148): warning:  #223-D: function "abs" declared implicitly
  	out = abs((int)out);
..\Src\flyControl.c(274): warning:  #223-D: function "abs" declared implicitly
  	if(abs(current_height - target_height) < 100)
..\Src\flyControl.c(408): warning:  #223-D: function "abs" declared implicitly
  		if(abs(point_x - SetPoint_x) < 45)
..\Src\flyControl.c(425): warning:  #223-D: function "abs" declared implicitly
  		if(abs(point_y - SetPoint_y) < 45)
..\Src\flyControl.c(397): warning:  #550-D: variable "x"  was set but never used
  	int x = 0;
..\Src\flyControl.c(398): warning:  #550-D: variable "y"  was set but never used
  	int y = 0;
..\Src\flyControl.c: 8 warnings, 0 errors
compiling key.c...
compiling encodedDecoder.c...
compiling stm32h7xx_it.c...
compiling led.c...
compiling beep.c...
compiling stm32h7xx_hal_msp.c...
compiling uart_api.c...
compiling main.c...
../Core/Src/main.c(534): warning:  #223-D: function "abs" declared implicitly
          if(abs(distance - 1500) > 100 && is_takeoff==1)
../Core/Src/main.c(272): warning:  #550-D: variable "cmd"  was set but never used
  	uint8_t cmd=0;
../Core/Src/main.c(273): warning:  #177-D: variable "key"  was declared but never referenced
  	uint8_t key;
../Core/Src/main.c(275): warning:  #550-D: variable "ContrlTime_x"  was set but never used
    uint32_t ContrlTime_x = 0;
../Core/Src/main.c(276): warning:  #550-D: variable "ContrlTime_y"  was set but never used
    uint32_t ContrlTime_y = 0;
../Core/Src/main.c(281): warning:  #177-D: variable "Ctrl_flag_time"  was declared but never referenced
    uint32_t Ctrl_flag_time = 0;
../Core/Src/main.c(283): warning:  #177-D: variable "decodetimer"  was declared but never referenced
  	uint32_t decodetimer;
../Core/Src/main.c(286): warning:  #177-D: variable "flag_rx2"  was declared but never referenced
    int flag_rx2 = 0;
../Core/Src/main.c(287): warning:  #177-D: variable "msg1"  was declared but never referenced
  	mavlink_message_t msg1;
../Core/Src/main.c(288): warning:  #177-D: variable "msg2"  was declared but never referenced
  	mavlink_message_t msg2;
../Core/Src/main.c(289): warning:  #177-D: variable "msg_tmp"  was declared but never referenced
  	mavlink_message_t msg_tmp;
../Core/Src/main.c(290): warning:  #177-D: variable "msg_altitude"  was declared but never referenced
  	mavlink_message_t msg_altitude;
../Core/Src/main.c(291): warning:  #177-D: variable "msg_request_data_stream"  was declared but never referenced
  	mavlink_message_t msg_request_data_stream;
../Core/Src/main.c(292): warning:  #177-D: variable "len"  was declared but never referenced
  	uint32_t len = 0;
../Core/Src/main.c(293): warning:  #177-D: variable "str"  was declared but never referenced
    uint8_t str[] = "hello world\r\n";
../Core/Src/main.c(2378): warning:  #550-D: variable "len"  was set but never used
  	uint16_t len;	
../Core/Src/main.c(2404): warning:  #550-D: variable "len"  was set but never used
  	uint16_t len;	
../Core/Src/main.c(2435): warning:  #550-D: variable "len"  was set but never used
  	uint16_t len;
../Core/Src/main.c(88): warning:  #177-D: variable "Recv_Cnt_UART1"  was declared but never referenced
  static int Recv_Cnt_UART1 = 0;
../Core/Src/main.c(90): warning:  #177-D: variable "Recv_Cnt_UART3"  was declared but never referenced
  static int Recv_Cnt_UART3 = 0;
../Core/Src/main.c(91): warning:  #177-D: variable "UART1_Frame_Flag"  was declared but never referenced
  static int UART1_Frame_Flag = 0;
../Core/Src/main.c(93): warning:  #177-D: variable "UART3_Frame_Flag"  was declared but never referenced
  static int UART3_Frame_Flag = 0;
../Core/Src/main.c(94): warning:  #177-D: variable "heartbeat"  was declared but never referenced
  static int heartbeat = 0;
../Core/Src/main.c(95): warning:  #177-D: variable "MAVLink_message_length"  was declared but never referenced
  static int MAVLink_message_length = 0;
../Core/Src/main.c(96): warning:  #177-D: variable "packet"  was declared but never referenced
  static mavlink_distance_sensor_t packet;
../Core/Src/main.c(97): warning:  #177-D: variable "height"  was declared but never referenced
  static float height = 0;
../Core/Src/main.c: 26 warnings, 0 errors
compiling stm32h7xx_hal_adc_ex.c...
compiling stm32h7xx_hal_adc.c...
compiling stm32h7xx_hal_rcc.c...
compiling stm32h7xx_hal_flash.c...
compiling stm32h7xx_hal_hsem.c...
compiling stm32h7xx_hal_gpio.c...
compiling stm32h7xx_hal_rcc_ex.c...
compiling stm32h7xx_hal_flash_ex.c...
compiling stm32h7xx_hal_dma_ex.c...
compiling stm32h7xx_hal_mdma.c...
compiling stm32h7xx_hal_dma.c...
compiling stm32h7xx_hal_pwr.c...
compiling stm32h7xx_hal_pwr_ex.c...
compiling stm32h7xx_hal.c...
compiling stm32h7xx_hal_cortex.c...
compiling stm32h7xx_hal_exti.c...
compiling stm32h7xx_hal_i2c_ex.c...
compiling stm32h7xx_hal_i2c.c...
compiling stm32h7xx_hal_tim.c...
compiling stm32h7xx_hal_tim_ex.c...
compiling stm32h7xx_ll_utils.c...
compiling stm32h7xx_ll_rcc.c...
compiling stm32h7xx_ll_gpio.c...
compiling stm32h7xx_ll_usart.c...
compiling system_stm32h7xx.c...
compiling stm32h7xx_ll_dma.c...
linking...
Program Size: Code=39680 RO-data=1480 RW-data=348 ZI-data=4628  
FromELF: creating hex file...
"H743_Fly\H743_Fly.axf" - 0 Error(s), 39 Warning(s).

<h2>Software Packages used:</h2>

Package Vendor: ARM
                http://www.keil.com/pack/ARM.CMSIS.5.0.1.pack
                ARM::CMSIS:CORE:5.0.1
                CMSIS (Cortex Microcontroller Software Interface Standard)
   * Component: CORE Version: 5.0.1

<h2>Collection of Component include folders:</h2>
  .\RTE\_H743_Fly
  F:\Tools\KEIL_v5\ARM\PACK\ARM\CMSIS\5.0.1\CMSIS\Include
  F:\Tools\KEIL_v5\ARM\PACK\Keil\STM32H7xx_DFP\2.3.0\Drivers\CMSIS\Device\ST\STM32H7xx\Include

<h2>Collection of Component Files used:</h2>

   * Component: ARM::CMSIS:CORE:5.0.1
Build Time Elapsed:  00:02:01
</pre>
</body>
</html>
