Component: ARM Compiler 5.06 update 4 (build 422) Tool: armlink [4d35d2]

==============================================================================

Section Cross References

    startup_stm32h743xx.o(RESET) refers to startup_stm32h743xx.o(STACK) for __initial_sp
    startup_stm32h743xx.o(RESET) refers to startup_stm32h743xx.o(.text) for Reset_Handler
    startup_stm32h743xx.o(RESET) refers to stm32h7xx_it.o(i.NMI_Handler) for NMI_Handler
    startup_stm32h743xx.o(RESET) refers to stm32h7xx_it.o(i.HardFault_Handler) for HardFault_Handler
    startup_stm32h743xx.o(RESET) refers to stm32h7xx_it.o(i.MemManage_Handler) for MemManage_Handler
    startup_stm32h743xx.o(RESET) refers to stm32h7xx_it.o(i.BusFault_Handler) for BusFault_Handler
    startup_stm32h743xx.o(RESET) refers to stm32h7xx_it.o(i.UsageFault_Handler) for UsageFault_Handler
    startup_stm32h743xx.o(RESET) refers to stm32h7xx_it.o(i.SVC_Handler) for SVC_Handler
    startup_stm32h743xx.o(RESET) refers to stm32h7xx_it.o(i.DebugMon_Handler) for DebugMon_Handler
    startup_stm32h743xx.o(RESET) refers to stm32h7xx_it.o(i.PendSV_Handler) for PendSV_Handler
    startup_stm32h743xx.o(RESET) refers to stm32h7xx_it.o(i.SysTick_Handler) for SysTick_Handler
    startup_stm32h743xx.o(RESET) refers to stm32h7xx_it.o(i.TIM2_IRQHandler) for TIM2_IRQHandler
    startup_stm32h743xx.o(RESET) refers to stm32h7xx_it.o(i.TIM3_IRQHandler) for TIM3_IRQHandler
    startup_stm32h743xx.o(RESET) refers to stm32h7xx_it.o(i.TIM4_IRQHandler) for TIM4_IRQHandler
    startup_stm32h743xx.o(RESET) refers to stm32h7xx_it.o(i.I2C1_EV_IRQHandler) for I2C1_EV_IRQHandler
    startup_stm32h743xx.o(RESET) refers to stm32h7xx_it.o(i.I2C1_ER_IRQHandler) for I2C1_ER_IRQHandler
    startup_stm32h743xx.o(RESET) refers to stm32h7xx_it.o(i.USART1_IRQHandler) for USART1_IRQHandler
    startup_stm32h743xx.o(RESET) refers to stm32h7xx_it.o(i.USART2_IRQHandler) for USART2_IRQHandler
    startup_stm32h743xx.o(RESET) refers to stm32h7xx_it.o(i.USART3_IRQHandler) for USART3_IRQHandler
    startup_stm32h743xx.o(RESET) refers to stm32h7xx_it.o(i.TIM8_BRK_TIM12_IRQHandler) for TIM8_BRK_TIM12_IRQHandler
    startup_stm32h743xx.o(RESET) refers to stm32h7xx_it.o(i.TIM8_UP_TIM13_IRQHandler) for TIM8_UP_TIM13_IRQHandler
    startup_stm32h743xx.o(RESET) refers to stm32h7xx_it.o(i.TIM5_IRQHandler) for TIM5_IRQHandler
    startup_stm32h743xx.o(RESET) refers to stm32h7xx_it.o(i.UART5_IRQHandler) for UART5_IRQHandler
    startup_stm32h743xx.o(RESET) refers to stm32h7xx_it.o(i.TIM15_IRQHandler) for TIM15_IRQHandler
    startup_stm32h743xx.o(.text) refers to system_stm32h7xx.o(i.SystemInit) for SystemInit
    startup_stm32h743xx.o(.text) refers to entry.o(.ARM.Collect$$$$00000000) for __main
    beep.o(i.BEEP_OFF) refers to stm32h7xx_hal_gpio.o(i.HAL_GPIO_WritePin) for HAL_GPIO_WritePin
    beep.o(i.BEEP_ON) refers to stm32h7xx_hal_gpio.o(i.HAL_GPIO_WritePin) for HAL_GPIO_WritePin
    encodeddecoder.o(i.encodeDecode_Analysis) refers to encodeddecoder.o(.bss) for .bss
    encodeddecoder.o(i.encodeDecode_Analysis_UWB) refers to encodeddecoder.o(.data) for .data
    key.o(i.GetKey_NUM) refers to key.o(i.KeyScanning) for KeyScanning
    key.o(i.GetKey_NUM) refers to led.o(i.LED2_Flash) for LED2_Flash
    key.o(i.GetKey_NUM) refers to beep.o(i.BEEP_ON) for BEEP_ON
    key.o(i.KeyScanning) refers to stm32h7xx_hal_gpio.o(i.HAL_GPIO_ReadPin) for HAL_GPIO_ReadPin
    key.o(i.KeyScanning) refers to stm32h7xx_hal.o(i.HAL_Delay) for HAL_Delay
    key.o(i.KeyScanning) refers to printfa.o(i.__0printf) for __2printf
    key.o(i.KeyScanning) refers to key.o(.data) for .data
    led.o(i.LED1_Flash) refers to stm32h7xx_hal_gpio.o(i.HAL_GPIO_TogglePin) for HAL_GPIO_TogglePin
    led.o(i.LED1_Slow_Flash) refers to stm32h7xx_hal_gpio.o(i.HAL_GPIO_WritePin) for HAL_GPIO_WritePin
    led.o(i.LED1_Slow_Flash) refers to stm32h7xx_hal.o(i.HAL_Delay) for HAL_Delay
    led.o(i.LED2_Flash) refers to stm32h7xx_hal_gpio.o(i.HAL_GPIO_TogglePin) for HAL_GPIO_TogglePin
    led.o(i.LED2_Slow_Flash) refers to stm32h7xx_hal_gpio.o(i.HAL_GPIO_WritePin) for HAL_GPIO_WritePin
    led.o(i.LED2_Slow_Flash) refers to stm32h7xx_hal.o(i.HAL_Delay) for HAL_Delay
    led.o(i.LED3_Flash) refers to stm32h7xx_hal_gpio.o(i.HAL_GPIO_TogglePin) for HAL_GPIO_TogglePin
    led.o(i.LED3_Slow_Flash) refers to stm32h7xx_hal_gpio.o(i.HAL_GPIO_WritePin) for HAL_GPIO_WritePin
    led.o(i.LED3_Slow_Flash) refers to stm32h7xx_hal.o(i.HAL_Delay) for HAL_Delay
    led.o(i.LED_B_Flash) refers to led.o(i.LED1_Flash) for LED1_Flash
    led.o(i.LED_B_Off) refers to stm32h7xx_hal_gpio.o(i.HAL_GPIO_WritePin) for HAL_GPIO_WritePin
    led.o(i.LED_G_Flash) refers to led.o(i.LED2_Flash) for LED2_Flash
    led.o(i.LED_G_Off) refers to stm32h7xx_hal_gpio.o(i.HAL_GPIO_WritePin) for HAL_GPIO_WritePin
    led.o(i.LED_R_Flash) refers to led.o(i.LED3_Flash) for LED3_Flash
    led.o(i.LED_R_Off) refers to stm32h7xx_hal_gpio.o(i.HAL_GPIO_WritePin) for HAL_GPIO_WritePin
[...]
    .bss                                     0x2400015c   Section       24  encodeddecoder.o(.bss)
    .bss                                     0x24000174   Section        9  uart_api.o(.bss)
    .bss                                     0x24000180   Section      128  flycontrol.o(.bss)
    .bss                                     0x24000200   Section     2892  main.o(.bss)
    m_mavlink_status                         0x240002b0   Data          48  main.o(.bss)
    rebuf                                    0x240002e0   Data          20  main.o(.bss)
    .bss                                     0x24000d4c   Section       16  kalman.o(.bss)
    .bss                                     0x24000d5c   Section       16  kalman.o(.bss)
    HEAP                                     0x24000d70   Section      512  startup_stm32h743xx.o(HEAP)
    STACK                                    0x24000f70   Section     1024  startup_stm32h743xx.o(STACK)

    Global Symbols

    Symbol Name                              Value     Ov Type        Size  Object(Section)

    BuildAttributes$$THM_ISAv4$E$P$D$K$B$S$7EM$VFPv5_D16$PE$PLD8$A:L22UL41UL21$X:L11$S22US41US21$IEEE1$IW$USESV6$~STKCKD$USESV7$~SHL$OTIME$ROPI$IEEEX$EBA8$MICROLIB$REQ8$PRES8$EABIv2 0x00000000   Number         0  anon$$obj.o ABSOLUTE
    __ARM_use_no_argv                        0x00000000   Number         0  main.o ABSOLUTE
    _printf_a                                0x00000000   Number         0  stubs.o ABSOLUTE
    _printf_c                                0x00000000   Number         0  stubs.o ABSOLUTE
    _printf_charcount                        0x00000000   Number         0  stubs.o ABSOLUTE
    _printf_d                                0x00000000   Number         0  stubs.o ABSOLUTE
    _printf_e                                0x00000000   Number         0  stubs.o ABSOLUTE
    _printf_f                                0x00000000   Number         0  stubs.o ABSOLUTE
    _printf_flags                            0x00000000   Number         0  stubs.o ABSOLUTE
    _printf_fp_dec                           0x00000000   Number         0  stubs.o ABSOLUTE
    _printf_fp_hex                           0x00000000   Number         0  stubs.o ABSOLUTE
    _printf_g                                0x00000000   Number         0  stubs.o ABSOLUTE
    _printf_i                                0x00000000   Number         0  stubs.o ABSOLUTE
    _printf_int_dec                          0x00000000   Number         0  stubs.o ABSOLUTE
    _printf_l                                0x00000000   Number         0  stubs.o ABSOLUTE
    _printf_lc                               0x00000000   Number         0  stubs.o ABSOLUTE
    _printf_ll                               0x00000000   Number         0  stubs.o ABSOLUTE
    _printf_lld                              0x00000000   Number         0  stubs.o ABSOLUTE
    _printf_lli                              0x00000000   Number         0  stubs.o ABSOLUTE
    _printf_llo                              0x00000000   Number         0  stubs.o ABSOLUTE
    _printf_llu                              0x00000000   Number         0  stubs.o ABSOLUTE
    _printf_llx                              0x00000000   Number         0  stubs.o ABSOLUTE
    _printf_longlong_dec                     0x00000000   Number         0  stubs.o ABSOLUTE
    _printf_longlong_hex                     0x00000000   Number         0  stubs.o ABSOLUTE
    _printf_longlong_oct                     0x00000000   Number         0  stubs.o ABSOLUTE
    _printf_ls                               0x00000000   Number         0  stubs.o ABSOLUTE
    _printf_mbtowc                           0x00000000   Number         0  stubs.o ABSOLUTE
    _printf_n                                0x00000000   Number         0  stubs.o ABSOLUTE
    _printf_o                                0x00000000   Number         0  stubs.o ABSOLUTE
    _printf_p                                0x00000000   Number         0  stubs.o ABSOLUTE
    _printf_percent                          0x00000000   Number         0  stubs.o ABSOLUTE
    _printf_pre_padding                      0x00000000   Number         0  stubs.o ABSOLUTE
    _printf_return_value                     0x00000000   Number         0  stubs.o ABSOLUTE
    _printf_s                                0x00000000   Number         0  stubs.o ABSOLUTE
    _printf_sizespec                         0x00000000   Number         0  stubs.o ABSOLUTE
    _printf_str                              0x00000000   Number         0  stubs.o ABSOLUTE
    _printf_truncate_signed                  0x00000000   Number         0  stubs.o ABSOLUTE
    _printf_truncate_unsigned                0x00000000   Number         0  stubs.o ABSOLUTE
    _printf_u                                0x00000000   Number         0  stubs.o ABSOLUTE
    _printf_wc                               0x00000000   Number         0  stubs.o ABSOLUTE
    _printf_wctomb                           0x00000000   Number         0  stubs.o ABSOLUTE
    _printf_widthprec                        0x00000000   Number         0  stubs.o ABSOLUTE
    _printf_x                                0x00000000   Number         0  stubs.o ABSOLUTE
    __cpp_initialize__aeabi_                  - Undefined Weak Reference
    __cxa_finalize                            - Undefined Weak Reference
    _clock_init                               - Undefined Weak Reference
    _microlib_exit                            - Undefined Weak Reference
    __Vectors_Size                           0x00000298   Number         0  startup_stm32h743xx.o ABSOLUTE
    __Vectors                                0x08000000   Data           4  startup_stm32h743xx.o(RESET)
    __Vectors_End                            0x08000298   Data           0  startup_stm32h743xx.o(RESET)
    __main                                   0x08000299   Thumb Code     0  entry.o(.ARM.Collect$$$$00000000)
    _main_stk                                0x08000299   Thumb Code     0  entry2.o(.ARM.Collect$$$$00000001)
    _main_scatterload                        0x0800029d   Thumb Code     0  entry5.o(.ARM.Collect$$$$00000004)
    __main_after_scatterload                 0x080002a1   Thumb Code     0  entry5.o(.ARM.Collect$$$$00000004)
    _main_clock                              0x080002a1   Thumb Code     0  entry7b.o(.ARM.Collect$$$$00000008)
    _main_cpp_init                           0x080002a1   Thumb Code     0  entry8b.o(.ARM.Collect$$$$0000000A)
    _main_init                               0x080002a1   Thumb Code     0  entry9a.o(.ARM.Collect$$$$0000000B)
    __rt_final_cpp                           0x080002a9   Thumb Code     0  entry10a.o(.ARM.Collect$$$$0000000D)
    __rt_final_exit                          0x080002a9   Thumb Code     0  entry11a.o(.ARM.Collect$$$$0000000F)
    Reset_Handler                            0x080002ad   Thumb Code     8  startup_stm32h743xx.o(.text)
    ADC3_IRQHandler                          0x080002c7   Thumb Code     0  startup_stm32h743xx.o(.text)
    ADC_IRQHandler                           0x080002c7   Thumb Code     0  startup_stm32h743xx.o(.text)
    BDMA_Channel0_IRQHandler                 0x080002c7   Thumb Code     0  startup_stm32h743xx.o(.text)
    BDMA_Channel1_IRQHandler                 0x080002c7   Thumb Code     0  startup_stm32h743xx.o(.text)
    BDMA_Channel2_IRQHandler                 0x080002c7   Thumb Code     0  startup_stm32h743xx.o(.text)
    BDMA_Channel3_IRQHandler                 0x080002c7   Thumb Code     0  startup_stm32h743xx.o(.text)
    BDMA_Channel4_IRQHandler                 0x080002c7   Thumb Code     0  startup_stm32h743xx.o(.text)
    BDMA_Channel5_IRQHandler                 0x080002c7   Thumb Code     0  startup_stm32h743xx.o(.text)
    BDMA_Channel6_IRQHandler                 0x080002c7   Thumb Code     0  startup_stm32h743xx.o(.text)
    BDMA_Channel7_IRQHandler                 0x080002c7   Thumb Code     0  startup_stm32h743xx.o(.text)
    CEC_IRQHandler                           0x080002c7   Thumb Code     0  startup_stm32h743xx.o(.text)
    COMP1_IRQHandler                         0x080002c7   Thumb Code     0  startup_stm32h743xx.o(.text)
    CRS_IRQHandler                           0x080002c7   Thumb Code     0  startup_stm32h743xx.o(.text)
    DCMI_IRQHandler                          0x080002c7   Thumb Code     0  startup_stm32h743xx.o(.text)
    DFSDM1_FLT0_IRQHandler                   0x080002c7   Thumb Code     0  startup_stm32h743xx.o(.text)
    DFSDM1_FLT1_IRQHandler                   0x080002c7   Thumb Code     0  startup_stm32h743xx.o(.text)
    DFSDM1_FLT2_IRQHandler                   0x080002c7   Thumb Code     0  startup_stm32h743xx.o(.text)
    DFSDM1_FLT3_IRQHandler                   0x080002c7   Thumb Code     0  startup_stm32h743xx.o(.text)
    DMA1_Stream0_IRQHandler                  0x080002c7   Thumb Code     0  startup_stm32h743xx.o(.text)
    DMA1_Stream1_IRQHandler                  0x080002c7   Thumb Code     0  startup_stm32h743xx.o(.text)
    DMA1_Stream2_IRQHandler                  0x080002c7   Thumb Code     0  startup_stm32h743xx.o(.text)
    DMA1_Stream3_IRQHandler                  0x080002c7   Thumb Code     0  startup_stm32h743xx.o(.text)
    DMA1_Stream4_IRQHandler                  0x080002c7   Thumb Code     0  startup_stm32h743xx.o(.text)
    DMA1_Stream5_IRQHandler                  0x080002c7   Thumb Code     0  startup_stm32h743xx.o(.text)
    DMA1_Stream6_IRQHandler                  0x080002c7   Thumb Code     0  startup_stm32h743xx.o(.text)
    DMA1_Stream7_IRQHandler                  0x080002c7   Thumb Code     0  startup_stm32h743xx.o(.text)
    DMA2D_IRQHandler                         0x080002c7   Thumb Code     0  startup_stm32h743xx.o(.text)
    DMA2_Stream0_IRQHandler                  0x080002c7   Thumb Code     0  startup_stm32h743xx.o(.text)
    DMA2_Stream1_IRQHandler                  0x080002c7   Thumb Code     0  startup_stm32h743xx.o(.text)
    DMA2_Stream2_IRQHandler                  0x080002c7   Thumb Code     0  startup_stm32h743xx.o(.text)
    DMA2_Stream3_IRQHandler                  0x080002c7   Thumb Code     0  startup_stm32h743xx.o(.text)
    DMA2_Stream4_IRQHandler                  0x080002c7   Thumb Code     0  startup_stm32h743xx.o(.text)
    DMA2_Stream5_IRQHandler                  0x080002c7   Thumb Code     0  startup_stm32h743xx.o(.text)
    DMA2_Stream6_IRQHandler                  0x080002c7   Thumb Code     0  startup_stm32h743xx.o(.text)
    DMA2_Stream7_IRQHandler                  0x080002c7   Thumb Code     0  startup_stm32h743xx.o(.text)
    DMAMUX1_OVR_IRQHandler                   0x080002c7   Thumb Code     0  startup_stm32h743xx.o(.text)
    DMAMUX2_OVR_IRQHandler                   0x080002c7   Thumb Code     0  startup_stm32h743xx.o(.text)
    ECC_IRQHandler                           0x080002c7   Thumb Code     0  startup_stm32h743xx.o(.text)
    ETH_IRQHandler                           0x080002c7   Thumb Code     0  startup_stm32h743xx.o(.text)
    ETH_WKUP_IRQHandler                      0x080002c7   Thumb Code     0  startup_stm32h743xx.o(.text)
    EXTI0_IRQHandler                         0x080002c7   Thumb Code     0  startup_stm32h743xx.o(.text)
    EXTI15_10_IRQHandler                     0x080002c7   Thumb Code     0  startup_stm32h743xx.o(.text)
    EXTI1_IRQHandler                         0x080002c7   Thumb Code     0  startup_stm32h743xx.o(.text)
    EXTI2_IRQHandler                         0x080002c7   Thumb Code     0  startup_stm32h743xx.o(.text)
    EXTI3_IRQHandler                         0x080002c7   Thumb Code     0  startup_stm32h743xx.o(.text)
    EXTI4_IRQHandler                         0x080002c7   Thumb Code     0  startup_stm32h743xx.o(.text)
    EXTI9_5_IRQHandler                       0x080002c7   Thumb Code     0  startup_stm32h743xx.o(.text)
    FDCAN1_IT0_IRQHandler                    0x080002c7   Thumb Code     0  startup_stm32h743xx.o(.text)
    FDCAN1_IT1_IRQHandler                    0x080002c7   Thumb Code     0  startup_stm32h743xx.o(.text)
    FDCAN2_IT0_IRQHandler                    0x080002c7   Thumb Code     0  startup_stm32h743xx.o(.text)
    FDCAN2_IT1_IRQHandler                    0x080002c7   Thumb Code     0  startup_stm32h743xx.o(.text)
    FDCAN_CAL_IRQHandler                     0x080002c7   Thumb Code     0  startup_stm32h743xx.o(.text)
    FLASH_IRQHandler                         0x080002c7   Thumb Code     0  startup_stm32h743xx.o(.text)
    FMC_IRQHandler                           0x080002c7   Thumb Code     0  startup_stm32h743xx.o(.text)
    FPU_IRQHandler                           0x080002c7   Thumb Code     0  startup_stm32h743xx.o(.text)
    HRTIM1_FLT_IRQHandler                    0x080002c7   Thumb Code     0  startup_stm32h743xx.o(.text)
    HRTIM1_Master_IRQHandler                 0x080002c7   Thumb Code     0  startup_stm32h743xx.o(.text)
    HRTIM1_TIMA_IRQHandler                   0x080002c7   Thumb Code     0  startup_stm32h743xx.o(.text)
    HRTIM1_TIMB_IRQHandler                   0x080002c7   Thumb Code     0  startup_stm32h743xx.o(.text)
    HRTIM1_TIMC_IRQHandler                   0x080002c7   Thumb Code     0  startup_stm32h743xx.o(.text)
    HRTIM1_TIMD_IRQHandler                   0x080002c7   Thumb Code     0  startup_stm32h743xx.o(.text)
    HRTIM1_TIME_IRQHandler                   0x080002c7   Thumb Code     0  startup_stm32h743xx.o(.text)
    HSEM1_IRQHandler                         0x080002c7   Thumb Code     0  startup_stm32h743xx.o(.text)
    I2C2_ER_IRQHandler                       0x080002c7   Thumb Code     0  startup_stm32h743xx.o(.text)
    I2C2_EV_IRQHandler                       0x080002c7   Thumb Code     0  startup_stm32h743xx.o(.text)
    I2C3_ER_IRQHandler                       0x080002c7   Thumb Code     0  startup_stm32h743xx.o(.text)
    I2C3_EV_IRQHandler                       0x080002c7   Thumb Code     0  startup_stm32h743xx.o(.text)
    I2C4_ER_IRQHandler                       0x080002c7   Thumb Code     0  startup_stm32h743xx.o(.text)
    I2C4_EV_IRQHandler                       0x080002c7   Thumb Code     0  startup_stm32h743xx.o(.text)
    JPEG_IRQHandler                          0x080002c7   Thumb Code     0  startup_stm32h743xx.o(.text)
    LPTIM1_IRQHandler                        0x080002c7   Thumb Code     0  startup_stm32h743xx.o(.text)
    LPTIM2_IRQHandler                        0x080002c7   Thumb Code     0  startup_stm32h743xx.o(.text)
    LPTIM3_IRQHandler                        0x080002c7   Thumb Code     0  startup_stm32h743xx.o(.text)
    LPTIM4_IRQHandler                        0x080002c7   Thumb Code     0  startup_stm32h743xx.o(.text)
    LPTIM5_IRQHandler                        0x080002c7   Thumb Code     0  startup_stm32h743xx.o(.text)
    LPUART1_IRQHandler                       0x080002c7   Thumb Code     0  startup_stm32h743xx.o(.text)
    LTDC_ER_IRQHandler                       0x080002c7   Thumb Code     0  startup_stm32h743xx.o(.text)
    LTDC_IRQHandler                          0x080002c7   Thumb Code     0  startup_stm32h743xx.o(.text)
    MDIOS_IRQHandler                         0x080002c7   Thumb Code     0  startup_stm32h743xx.o(.text)
    MDIOS_WKUP_IRQHandler                    0x080002c7   Thumb Code     0  startup_stm32h743xx.o(.text)
    MDMA_IRQHandler                          0x080002c7   Thumb Code     0  startup_stm32h743xx.o(.text)
    OTG_FS_EP1_IN_IRQHandler                 0x080002c7   Thumb Code     0  startup_stm32h743xx.o(.text)
    OTG_FS_EP1_OUT_IRQHandler                0x080002c7   Thumb Code     0  startup_stm32h743xx.o(.text)
    OTG_FS_IRQHandler                        0x080002c7   Thumb Code     0  startup_stm32h743xx.o(.text)
    OTG_FS_WKUP_IRQHandler                   0x080002c7   Thumb Code     0  startup_stm32h743xx.o(.text)
    OTG_HS_EP1_IN_IRQHandler                 0x080002c7   Thumb Code     0  startup_stm32h743xx.o(.text)
    OTG_HS_EP1_OUT_IRQHandler                0x080002c7   Thumb Code     0  startup_stm32h743xx.o(.text)
    OTG_HS_IRQHandler                        0x080002c7   Thumb Code     0  startup_stm32h743xx.o(.text)
    OTG_HS_WKUP_IRQHandler                   0x080002c7   Thumb Code     0  startup_stm32h743xx.o(.text)
    PVD_AVD_IRQHandler                       0x080002c7   Thumb Code     0  startup_stm32h743xx.o(.text)
    QUADSPI_IRQHandler                       0x080002c7   Thumb Code     0  startup_stm32h743xx.o(.text)
    RCC_IRQHandler                           0x080002c7   Thumb Code     0  startup_stm32h743xx.o(.text)
    RNG_IRQHandler                           0x080002c7   Thumb Code     0  startup_stm32h743xx.o(.text)
    RTC_Alarm_IRQHandler                     0x080002c7   Thumb Code     0  startup_stm32h743xx.o(.text)
    RTC_WKUP_IRQHandler                      0x080002c7   Thumb Code     0  startup_stm32h743xx.o(.text)
    SAI1_IRQHandler                          0x080002c7   Thumb Code     0  startup_stm32h743xx.o(.text)
    SAI2_IRQHandler                          0x080002c7   Thumb Code     0  startup_stm32h743xx.o(.text)
    SAI3_IRQHandler                          0x080002c7   Thumb Code     0  startup_stm32h743xx.o(.text)
    SAI4_IRQHandler                          0x080002c7   Thumb Code     0  startup_stm32h743xx.o(.text)
    SDMMC1_IRQHandler                        0x080002c7   Thumb Code     0  startup_stm32h743xx.o(.text)
    SDMMC2_IRQHandler                        0x080002c7   Thumb Code     0  startup_stm32h743xx.o(.text)
    SPDIF_RX_IRQHandler                      0x080002c7   Thumb Code     0  startup_stm32h743xx.o(.text)
    SPI1_IRQHandler                          0x080002c7   Thumb Code     0  startup_stm32h743xx.o(.text)
    SPI2_IRQHandler                          0x080002c7   Thumb Code     0  startup_stm32h743xx.o(.text)
    SPI3_IRQHandler                          0x080002c7   Thumb Code     0  startup_stm32h743xx.o(.text)
    SPI4_IRQHandler                          0x080002c7   Thumb Code     0  startup_stm32h743xx.o(.text)
    SPI5_IRQHandler                          0x080002c7   Thumb Code     0  startup_stm32h743xx.o(.text)
    SPI6_IRQHandler                          0x080002c7   Thumb Code     0  startup_stm32h743xx.o(.text)
    SWPMI1_IRQHandler                        0x080002c7   Thumb Code     0  startup_stm32h743xx.o(.text)
    TAMP_STAMP_IRQHandler                    0x080002c7   Thumb Code     0  startup_stm32h743xx.o(.text)
    TIM16_IRQHandler                         0x080002c7   Thumb Code     0  startup_stm32h743xx.o(.text)
    TIM17_IRQHandler                         0x080002c7   Thumb Code     0  startup_stm32h743xx.o(.text)
    TIM1_BRK_IRQHandler                      0x080002c7   Thumb Code     0  startup_stm32h743xx.o(.text)
    TIM1_CC_IRQHandler                       0x080002c7   Thumb Code     0  startup_stm32h743xx.o(.text)
    TIM1_TRG_COM_IRQHandler                  0x080002c7   Thumb Code     0  startup_stm32h743xx.o(.text)
    TIM1_UP_IRQHandler                       0x080002c7   Thumb Code     0  startup_stm32h743xx.o(.text)
    TIM6_DAC_IRQHandler                      0x080002c7   Thumb Code     0  startup_stm32h743xx.o(.text)
    TIM7_IRQHandler                          0x080002c7   Thumb Code     0  startup_stm32h743xx.o(.text)
    TIM8_CC_IRQHandler                       0x080002c7   Thumb Code     0  startup_stm32h743xx.o(.text)
    TIM8_TRG_COM_TIM14_IRQHandler            0x080002c7   Thumb Code     0  startup_stm32h743xx.o(.text)
    UART4_IRQHandler                         0x080002c7   Thumb Code     0  startup_stm32h743xx.o(.text)
    UART7_IRQHandler                         0x080002c7   Thumb Code     0  startup_stm32h743xx.o(.text)
    UART8_IRQHandler                         0x080002c7   Thumb Code     0  startup_stm32h743xx.o(.text)
    USART6_IRQHandler                        0x080002c7   Thumb Code     0  startup_stm32h743xx.o(.text)
    WAKEUP_PIN_IRQHandler                    0x080002c7   Thumb Code     0  startup_stm32h743xx.o(.text)
    WWDG_IRQHandler                          0x080002c7   Thumb Code     0  startup_stm32h743xx.o(.text)
    abs                                      0x080002d1   Thumb Code     8  siabs.o(.text)
    __aeabi_memcpy                           0x080002d9   Thumb Code    36  memcpya.o(.text)
    __aeabi_memcpy4                          0x080002d9   Thumb Code     0  memcpya.o(.text)
    __aeabi_memcpy8                          0x080002d9   Thumb Code     0  memcpya.o(.text)
    __aeabi_memset                           0x080002fd   Thumb Code    14  memseta.o(.text)
    __aeabi_memset4                          0x080002fd   Thumb Code     0  memseta.o(.text)
    __aeabi_memset8                          0x080002fd   Thumb Code     0  memseta.o(.text)
    __aeabi_memclr                           0x0800030b   Thumb Code     4  memseta.o(.text)
    __aeabi_memclr4                          0x0800030b   Thumb Code     0  memseta.o(.text)
    __aeabi_memclr8                          0x0800030b   Thumb Code     0  memseta.o(.text)
    _memset$wrapper                          0x0800030f   Thumb Code    18  memseta.o(.text)
    __aeabi_uidiv                            0x08000321   Thumb Code     0  uidiv.o(.text)
    __aeabi_uidivmod                         0x08000321   Thumb Code    44  uidiv.o(.text)
    __aeabi_uldivmod                         0x0800034d   Thumb Code    98  uldiv.o(.text)
    __I$use$fp                               0x080003af   Thumb Code     0  iusefp.o(.text)
    __aeabi_dadd                             0x080003af   Thumb Code   322  dadd.o(.text)
    __aeabi_dsub                             0x080004f1   Thumb Code     6  dadd.o(.text)
    __aeabi_drsub                            0x080004f7   Thumb Code     6  dadd.o(.text)
    __aeabi_dmul                             0x080004fd   Thumb Code   228  dmul.o(.text)
    __aeabi_ddiv                             0x080005e1   Thumb Code   222  ddiv.o(.text)
    __ARM_scalbn                             0x080006bf   Thumb Code    46  dscalb.o(.text)
    scalbn                                   0x080006bf   Thumb Code     0  dscalb.o(.text)
    __aeabi_d2ulz                            0x080006ed   Thumb Code    48  dfixul.o(.text)
    __aeabi_cdrcmple                         0x0800071d   Thumb Code    48  cdrcmple.o(.text)
    __scatterload                            0x0800074d   Thumb Code    28  init.o(.text)
    __scatterload_rt2                        0x0800074d   Thumb Code     0  init.o(.text)
    __aeabi_llsl                             0x08000771   Thumb Code    30  llshl.o(.text)
    _ll_shift_l                              0x08000771   Thumb Code     0  llshl.o(.text)
    __aeabi_llsr                             0x0800078f   Thumb Code    32  llushr.o(.text)
    _ll_ushift_r                             0x0800078f   Thumb Code     0  llushr.o(.text)
    __aeabi_lasr                             0x080007af   Thumb Code    36  llsshr.o(.text)
    _ll_sshift_r                             0x080007af   Thumb Code     0  llsshr.o(.text)
    _double_round                            0x080007d3   Thumb Code    30  depilogue.o(.text)
    _double_epilogue                         0x080007f1   Thumb Code   156  depilogue.o(.text)
    __decompress                             0x0800088d   Thumb Code     0  __dczerorl2.o(.text)
    __decompress1                            0x0800088d   Thumb Code    86  __dczerorl2.o(.text)
    ADC_ConfigureBoostMode                   0x080008e5   Thumb Code   234  stm32h7xx_hal_adc.o(i.ADC_ConfigureBoostMode)
    BEEP_OFF                                 0x080009ed   Thumb Code    10  beep.o(i.BEEP_OFF)
    BEEP_ON                                  0x080009fd   Thumb Code    10  beep.o(i.BEEP_ON)
    BSP_USART_SendArray_LL                   0x08000a0d   Thumb Code    40  uart_api.o(i.BSP_USART_SendArray_LL)
    BSP_USART_SendData_LL                    0x08000a35   Thumb Code    24  uart_api.o(i.BSP_USART_SendData_LL)
    BSP_USART_StartIT_LL                     0x08000a4d   Thumb Code    22  uart_api.o(i.BSP_USART_StartIT_LL)
    BubbleSort                               0x08000a65   Thumb Code    52  matrix.o(i.BubbleSort)
    BusFault_Handler                         0x08000a99   Thumb Code     2  stm32h7xx_it.o(i.BusFault_Handler)
    DebugMon_Handler                         0x08000a9b   Thumb Code     2  stm32h7xx_it.o(i.DebugMon_Handler)
    Device_Init                              0x08000a9d   Thumb Code   102  flycontrol.o(i.Device_Init)
    Error_Handler                            0x08000b11   Thumb Code     4  main.o(i.Error_Handler)
    Get_UWB_distance                         0x08000b15   Thumb Code    60  main.o(i.Get_UWB_distance)
    HAL_ADCEx_MultiModeConfigChannel         0x08000b5d   Thumb Code   274  stm32h7xx_hal_adc_ex.o(i.HAL_ADCEx_MultiModeConfigChannel)
    HAL_ADC_ConfigChannel                    0x08000c85   Thumb Code   928  stm32h7xx_hal_adc.o(i.HAL_ADC_ConfigChannel)
    HAL_ADC_Init                             0x0800105d   Thumb Code   498  stm32h7xx_hal_adc.o(i.HAL_ADC_Init)
    HAL_ADC_MspInit                          0x08001285   Thumb Code   142  stm32h7xx_hal_msp.o(i.HAL_ADC_MspInit)
    HAL_DMA_Abort_IT                         0x08001325   Thumb Code   602  stm32h7xx_hal_dma.o(i.HAL_DMA_Abort_IT)
    HAL_DMA_GetState                         0x080015a9   Thumb Code     6  stm32h7xx_hal_dma.o(i.HAL_DMA_GetState)
    HAL_Delay                                0x080015b1   Thumb Code    32  stm32h7xx_hal.o(i.HAL_Delay)
    HAL_GPIO_Init                            0x080015d5   Thumb Code   506  stm32h7xx_hal_gpio.o(i.HAL_GPIO_Init)
    HAL_GPIO_ReadPin                         0x08001801   Thumb Code    10  stm32h7xx_hal_gpio.o(i.HAL_GPIO_ReadPin)
    HAL_GPIO_TogglePin                       0x0800180b   Thumb Code    16  stm32h7xx_hal_gpio.o(i.HAL_GPIO_TogglePin)
    HAL_GPIO_WritePin                        0x0800181b   Thumb Code    10  stm32h7xx_hal_gpio.o(i.HAL_GPIO_WritePin)
    HAL_GetREVID                             0x08001825   Thumb Code     8  stm32h7xx_hal.o(i.HAL_GetREVID)
    HAL_GetTick                              0x08001831   Thumb Code     6  stm32h7xx_hal.o(i.HAL_GetTick)
    HAL_I2CEx_ConfigAnalogFilter             0x0800183d   Thumb Code    88  stm32h7xx_hal_i2c_ex.o(i.HAL_I2CEx_ConfigAnalogFilter)
    HAL_I2CEx_ConfigDigitalFilter            0x08001895   Thumb Code    84  stm32h7xx_hal_i2c_ex.o(i.HAL_I2CEx_ConfigDigitalFilter)
    HAL_I2C_AbortCpltCallback                0x080018e9   Thumb Code     2  stm32h7xx_hal_i2c.o(i.HAL_I2C_AbortCpltCallback)
    HAL_I2C_AddrCallback                     0x080018eb   Thumb Code     2  stm32h7xx_hal_i2c.o(i.HAL_I2C_AddrCallback)
    HAL_I2C_ER_IRQHandler                    0x080018ed   Thumb Code   104  stm32h7xx_hal_i2c.o(i.HAL_I2C_ER_IRQHandler)
    HAL_I2C_EV_IRQHandler                    0x08001955   Thumb Code    16  stm32h7xx_hal_i2c.o(i.HAL_I2C_EV_IRQHandler)
    HAL_I2C_ErrorCallback                    0x08001965   Thumb Code     2  stm32h7xx_hal_i2c.o(i.HAL_I2C_ErrorCallback)
    HAL_I2C_Init                             0x08001969   Thumb Code   180  stm32h7xx_hal_i2c.o(i.HAL_I2C_Init)
    HAL_I2C_ListenCpltCallback               0x08001a21   Thumb Code     2  stm32h7xx_hal_i2c.o(i.HAL_I2C_ListenCpltCallback)
    HAL_I2C_MspInit                          0x08001a25   Thumb Code   150  stm32h7xx_hal_msp.o(i.HAL_I2C_MspInit)
    HAL_I2C_SlaveRxCpltCallback              0x08001ac9   Thumb Code     2  stm32h7xx_hal_i2c.o(i.HAL_I2C_SlaveRxCpltCallback)
    HAL_I2C_SlaveTxCpltCallback              0x08001acb   Thumb Code     2  stm32h7xx_hal_i2c.o(i.HAL_I2C_SlaveTxCpltCallback)
    HAL_IncTick                              0x08001acd   Thumb Code    12  stm32h7xx_hal.o(i.HAL_IncTick)
    HAL_Init                                 0x08001add   Thumb Code    74  stm32h7xx_hal.o(i.HAL_Init)
    HAL_InitTick                             0x08001b39   Thumb Code    56  stm32h7xx_hal.o(i.HAL_InitTick)
    HAL_MPU_ConfigRegion                     0x08001b79   Thumb Code    86  stm32h7xx_hal_cortex.o(i.HAL_MPU_ConfigRegion)
    HAL_MPU_Disable                          0x08001bd5   Thumb Code    24  stm32h7xx_hal_cortex.o(i.HAL_MPU_Disable)
    HAL_MPU_Enable                           0x08001bf1   Thumb Code    30  stm32h7xx_hal_cortex.o(i.HAL_MPU_Enable)
    HAL_MspInit                              0x08001c15   Thumb Code    22  stm32h7xx_hal_msp.o(i.HAL_MspInit)
    HAL_NVIC_EnableIRQ                       0x08001c31   Thumb Code    26  stm32h7xx_hal_cortex.o(i.HAL_NVIC_EnableIRQ)
    HAL_NVIC_SetPriority                     0x08001c4d   Thumb Code    60  stm32h7xx_hal_cortex.o(i.HAL_NVIC_SetPriority)
    HAL_NVIC_SetPriorityGrouping             0x08001c8d   Thumb Code    28  stm32h7xx_hal_cortex.o(i.HAL_NVIC_SetPriorityGrouping)
    HAL_PWREx_ConfigSupply                   0x08001cb1   Thumb Code    78  stm32h7xx_hal_pwr_ex.o(i.HAL_PWREx_ConfigSupply)
    HAL_RCCEx_GetD3PCLK1Freq                 0x08001d05   Thumb Code    26  stm32h7xx_hal_rcc_ex.o(i.HAL_RCCEx_GetD3PCLK1Freq)
    HAL_RCCEx_GetPLL1ClockFreq               0x08001d29   Thumb Code   298  stm32h7xx_hal_rcc_ex.o(i.HAL_RCCEx_GetPLL1ClockFreq)
    HAL_RCCEx_GetPLL2ClockFreq               0x08001e71   Thumb Code   296  stm32h7xx_hal_rcc_ex.o(i.HAL_RCCEx_GetPLL2ClockFreq)
    HAL_RCCEx_GetPLL3ClockFreq               0x08001fb5   Thumb Code   296  stm32h7xx_hal_rcc_ex.o(i.HAL_RCCEx_GetPLL3ClockFreq)
    HAL_RCCEx_GetPeriphCLKFreq               0x080020f9   Thumb Code   596  stm32h7xx_hal_rcc_ex.o(i.HAL_RCCEx_GetPeriphCLKFreq)
    HAL_RCCEx_PeriphCLKConfig                0x08002365   Thumb Code  2258  stm32h7xx_hal_rcc_ex.o(i.HAL_RCCEx_PeriphCLKConfig)
    HAL_RCC_ClockConfig                      0x08002c39   Thumb Code   580  stm32h7xx_hal_rcc.o(i.HAL_RCC_ClockConfig)
    HAL_RCC_GetHCLKFreq                      0x08002e95   Thumb Code    52  stm32h7xx_hal_rcc.o(i.HAL_RCC_GetHCLKFreq)
    HAL_RCC_GetSysClockFreq                  0x08002ed9   Thumb Code   278  stm32h7xx_hal_rcc.o(i.HAL_RCC_GetSysClockFreq)
    HAL_RCC_OscConfig                        0x08003011   Thumb Code  1322  stm32h7xx_hal_rcc.o(i.HAL_RCC_OscConfig)
    HAL_SYSCFG_AnalogSwitchConfig            0x08003541   Thumb Code    12  stm32h7xx_hal.o(i.HAL_SYSCFG_AnalogSwitchConfig)
    HAL_SYSTICK_Config                       0x08003551   Thumb Code    38  stm32h7xx_hal_cortex.o(i.HAL_SYSTICK_Config)
    HAL_TIMEx_Break2Callback                 0x08003577   Thumb Code     2  stm32h7xx_hal_tim_ex.o(i.HAL_TIMEx_Break2Callback)
    HAL_TIMEx_BreakCallback                  0x08003579   Thumb Code     2  stm32h7xx_hal_tim_ex.o(i.HAL_TIMEx_BreakCallback)
    HAL_TIMEx_CommutCallback                 0x0800357b   Thumb Code     2  stm32h7xx_hal_tim_ex.o(i.HAL_TIMEx_CommutCallback)
    HAL_TIMEx_MasterConfigSynchronization    0x0800357d   Thumb Code   134  stm32h7xx_hal_tim_ex.o(i.HAL_TIMEx_MasterConfigSynchronization)
    HAL_TIM_Base_Init                        0x08003621   Thumb Code    98  stm32h7xx_hal_tim.o(i.HAL_TIM_Base_Init)
    HAL_TIM_Base_MspInit                     0x08003685   Thumb Code   428  stm32h7xx_hal_msp.o(i.HAL_TIM_Base_MspInit)
    HAL_TIM_Base_Start_IT                    0x08003855   Thumb Code   106  stm32h7xx_hal_tim.o(i.HAL_TIM_Base_Start_IT)
    HAL_TIM_Base_Stop_IT                     0x080038e1   Thumb Code    48  stm32h7xx_hal_tim.o(i.HAL_TIM_Base_Stop_IT)
    HAL_TIM_ConfigClockSource                0x08003911   Thumb Code   248  stm32h7xx_hal_tim.o(i.HAL_TIM_ConfigClockSource)
    HAL_TIM_IC_CaptureCallback               0x08003a0d   Thumb Code  1348  main.o(i.HAL_TIM_IC_CaptureCallback)
    HAL_TIM_IC_ConfigChannel                 0x08003f55   Thumb Code   290  stm32h7xx_hal_tim.o(i.HAL_TIM_IC_ConfigChannel)
    HAL_TIM_IC_Init                          0x08004077   Thumb Code    98  stm32h7xx_hal_tim.o(i.HAL_TIM_IC_Init)
    HAL_TIM_IC_MspInit                       0x080040d9   Thumb Code     2  stm32h7xx_hal_tim.o(i.HAL_TIM_IC_MspInit)
    HAL_TIM_IC_Start_IT                      0x080040dd   Thumb Code   292  stm32h7xx_hal_tim.o(i.HAL_TIM_IC_Start_IT)
    HAL_TIM_IC_Stop_IT                       0x08004221   Thumb Code   182  stm32h7xx_hal_tim.o(i.HAL_TIM_IC_Stop_IT)
    HAL_TIM_IRQHandler                       0x080042d7   Thumb Code   386  stm32h7xx_hal_tim.o(i.HAL_TIM_IRQHandler)
    HAL_TIM_MspPostInit                      0x08004459   Thumb Code   112  stm32h7xx_hal_msp.o(i.HAL_TIM_MspPostInit)
    HAL_TIM_OC_DelayElapsedCallback          0x080044dd   Thumb Code     2  stm32h7xx_hal_tim.o(i.HAL_TIM_OC_DelayElapsedCallback)
    HAL_TIM_PWM_ConfigChannel                0x080044df   Thumb Code   292  stm32h7xx_hal_tim.o(i.HAL_TIM_PWM_ConfigChannel)
    HAL_TIM_PWM_Init                         0x08004603   Thumb Code    98  stm32h7xx_hal_tim.o(i.HAL_TIM_PWM_Init)
    HAL_TIM_PWM_MspInit                      0x08004665   Thumb Code     2  stm32h7xx_hal_tim.o(i.HAL_TIM_PWM_MspInit)
    HAL_TIM_PWM_PulseFinishedCallback        0x08004667   Thumb Code     2  stm32h7xx_hal_tim.o(i.HAL_TIM_PWM_PulseFinishedCallback)
    HAL_TIM_PWM_Start                        0x08004669   Thumb Code   232  stm32h7xx_hal_tim.o(i.HAL_TIM_PWM_Start)
    HAL_TIM_PeriodElapsedCallback            0x08004779   Thumb Code   158  main.o(i.HAL_TIM_PeriodElapsedCallback)
    HAL_TIM_ReadCapturedValue                0x0800482d   Thumb Code    44  stm32h7xx_hal_tim.o(i.HAL_TIM_ReadCapturedValue)
    HAL_TIM_TriggerCallback                  0x08004859   Thumb Code     2  stm32h7xx_hal_tim.o(i.HAL_TIM_TriggerCallback)
    HardFault_Handler                        0x0800485b   Thumb Code     2  stm32h7xx_it.o(i.HardFault_Handler)
    I2C1_ER_IRQHandler                       0x0800485d   Thumb Code     6  stm32h7xx_it.o(i.I2C1_ER_IRQHandler)
    I2C1_EV_IRQHandler                       0x08004869   Thumb Code     6  stm32h7xx_it.o(i.I2C1_EV_IRQHandler)
    LED1_Flash                               0x08004e89   Thumb Code     8  led.o(i.LED1_Flash)
    LED1_Slow_Flash                          0x08004e95   Thumb Code    40  led.o(i.LED1_Slow_Flash)
    LED2_Flash                               0x08004ec1   Thumb Code     8  led.o(i.LED2_Flash)
    LED3_Flash                               0x08004ecd   Thumb Code     8  led.o(i.LED3_Flash)
    LED_B_Off                                0x08004ed9   Thumb Code    10  led.o(i.LED_B_Off)
    LED_G_Flash                              0x08004ee9   Thumb Code     4  led.o(i.LED_G_Flash)
    LED_G_Off                                0x08004eed   Thumb Code    10  led.o(i.LED_G_Off)
    LED_R_Off                                0x08004efd   Thumb Code    10  led.o(i.LED_R_Off)
    LL_GPIO_Init                             0x08004f75   Thumb Code   180  stm32h7xx_ll_gpio.o(i.LL_GPIO_Init)
    LL_RCC_CalcPLLClockFreq                  0x08005039   Thumb Code    70  stm32h7xx_ll_rcc.o(i.LL_RCC_CalcPLLClockFreq)
    LL_RCC_GetPLL1ClockFreq                  0x080050a5   Thumb Code   224  stm32h7xx_ll_rcc.o(i.LL_RCC_GetPLL1ClockFreq)
    LL_RCC_GetPLL2ClockFreq                  0x08005195   Thumb Code   226  stm32h7xx_ll_rcc.o(i.LL_RCC_GetPLL2ClockFreq)
    LL_RCC_GetPLL3ClockFreq                  0x08005289   Thumb Code   230  stm32h7xx_ll_rcc.o(i.LL_RCC_GetPLL3ClockFreq)
    LL_RCC_GetUSARTClockFreq                 0x08005391   Thumb Code   240  stm32h7xx_ll_rcc.o(i.LL_RCC_GetUSARTClockFreq)
    LL_USART_Init                            0x0800550d   Thumb Code   232  stm32h7xx_ll_usart.o(i.LL_USART_Init)
    Loiter                                   0x08005659   Thumb Code   218  flycontrol.o(i.Loiter)
    MemManage_Handler                        0x08006101   Thumb Code     2  stm32h7xx_it.o(i.MemManage_Handler)
    NMI_Handler                              0x08006103   Thumb Code     2  stm32h7xx_it.o(i.NMI_Handler)
    PIDCalc                                  0x08006139   Thumb Code   222  flycontrol.o(i.PIDCalc)
    PIDInit                                  0x08006225   Thumb Code   154  flycontrol.o(i.PIDInit)
    PID_GetTime                              0x080062d5   Thumb Code   142  flycontrol.o(i.PID_GetTime)
    Pack_cxof_buf                            0x08006371   Thumb Code    64  uart_api.o(i.Pack_cxof_buf)
    PendSV_Handler                           0x080063b1   Thumb Code     2  stm32h7xx_it.o(i.PendSV_Handler)
    RC_Read                                  0x08006851   Thumb Code    44  main.o(i.RC_Read)
    RC_bridge                                0x08006881   Thumb Code    62  flycontrol.o(i.RC_bridge)
    SVC_Handler                              0x080068e1   Thumb Code     2  stm32h7xx_it.o(i.SVC_Handler)
    Send_cxof_buf                            0x080068e3   Thumb Code     4  uart_api.o(i.Send_cxof_buf)
    Set_PWM_Pitch                            0x080068e9   Thumb Code     6  flycontrol.o(i.Set_PWM_Pitch)
    Set_PWM_Roll                             0x080068f5   Thumb Code     6  flycontrol.o(i.Set_PWM_Roll)
    Set_PWM_Thr                              0x08006901   Thumb Code     6  flycontrol.o(i.Set_PWM_Thr)
    Set_PWM_Yaw                              0x0800690d   Thumb Code     6  flycontrol.o(i.Set_PWM_Yaw)
    SysTick_Handler                          0x08006919   Thumb Code     4  stm32h7xx_it.o(i.SysTick_Handler)
    SystemClock_Config                       0x0800691d   Thumb Code   158  main.o(i.SystemClock_Config)
    SystemInit                               0x080069c5   Thumb Code   180  system_stm32h7xx.o(i.SystemInit)
    TIM12_Set                                0x08006aa1   Thumb Code    20  main.o(i.TIM12_Set)
    TIM13_Set                                0x08006abd   Thumb Code    20  main.o(i.TIM13_Set)
    TIM15_IRQHandler                         0x08006ad9   Thumb Code     6  stm32h7xx_it.o(i.TIM15_IRQHandler)
    TIM15_Set                                0x08006ae5   Thumb Code    20  main.o(i.TIM15_Set)
    TIM2_IRQHandler                          0x08006b01   Thumb Code     6  stm32h7xx_it.o(i.TIM2_IRQHandler)
    TIM3_IRQHandler                          0x08006b0d   Thumb Code     6  stm32h7xx_it.o(i.TIM3_IRQHandler)
    TIM4_IRQHandler                          0x08006b19   Thumb Code     6  stm32h7xx_it.o(i.TIM4_IRQHandler)
    TIM5_IRQHandler                          0x08006b25   Thumb Code     6  stm32h7xx_it.o(i.TIM5_IRQHandler)
    TIM8_BRK_TIM12_IRQHandler                0x08006b31   Thumb Code     6  stm32h7xx_it.o(i.TIM8_BRK_TIM12_IRQHandler)
    TIM8_UP_TIM13_IRQHandler                 0x08006b3d   Thumb Code     6  stm32h7xx_it.o(i.TIM8_UP_TIM13_IRQHandler)
    TIM_Base_SetConfig                       0x08006b49   Thumb Code   162  stm32h7xx_hal_tim.o(i.TIM_Base_SetConfig)
    TIM_CCxChannelCmd                        0x08006c0d   Thumb Code    26  stm32h7xx_hal_tim.o(i.TIM_CCxChannelCmd)
    TIM_ETR_SetConfig                        0x08006c27   Thumb Code    18  stm32h7xx_hal_tim.o(i.TIM_ETR_SetConfig)
    TIM_OC2_SetConfig                        0x08006cf5   Thumb Code   126  stm32h7xx_hal_tim.o(i.TIM_OC2_SetConfig)
    TIM_TI1_SetConfig                        0x08006fa9   Thumb Code   100  stm32h7xx_hal_tim.o(i.TIM_TI1_SetConfig)
    Take_off                                 0x08007085   Thumb Code   108  flycontrol.o(i.Take_off)
    UART5_IRQHandler                         0x08007105   Thumb Code     6  stm32h7xx_it.o(i.UART5_IRQHandler)
    USART1_IRQHandler                        0x08007111   Thumb Code     6  stm32h7xx_it.o(i.USART1_IRQHandler)
    USART2_IRQHandler                        0x0800711d   Thumb Code     6  stm32h7xx_it.o(i.USART2_IRQHandler)
    USART3_IRQHandler                        0x08007129   Thumb Code     6  stm32h7xx_it.o(i.USART3_IRQHandler)
    USART_RxCallback                         0x08007135   Thumb Code   338  main.o(i.USART_RxCallback)
    UsageFault_Handler                       0x080072bd   Thumb Code     2  stm32h7xx_it.o(i.UsageFault_Handler)
    __0printf                                0x080072c1   Thumb Code    22  printfa.o(i.__0printf)
    __1printf                                0x080072c1   Thumb Code     0  printfa.o(i.__0printf)
    __2printf                                0x080072c1   Thumb Code     0  printfa.o(i.__0printf)
    __c89printf                              0x080072c1   Thumb Code     0  printfa.o(i.__0printf)
    printf                                   0x080072c1   Thumb Code     0  printfa.o(i.__0printf)
    __ARM_fpclassify                         0x080072e1   Thumb Code    48  fpclassify.o(i.__ARM_fpclassify)
    __hardfp_exp                             0x08007381   Thumb Code   486  exp.o(i.__hardfp_exp)
    __hardfp_pow                             0x080075e9   Thumb Code  2140  pow.o(i.__hardfp_pow)
    __hardfp_sqrt                            0x08007ee1   Thumb Code   102  sqrt.o(i.__hardfp_sqrt)
    __hardfp_tan                             0x08007f49   Thumb Code   108  tan.o(i.__hardfp_tan)
    __ieee754_rem_pio2                       0x08007fc9   Thumb Code   646  rred.o(i.__ieee754_rem_pio2)
    __kernel_poly                            0x080082d9   Thumb Code   112  poly.o(i.__kernel_poly)
    __kernel_tan                             0x08008349   Thumb Code   434  tan_i.o(i.__kernel_tan)
    __mathlib_dbl_divzero                    0x08008551   Thumb Code    14  dunder.o(i.__mathlib_dbl_divzero)
    __mathlib_dbl_infnan                     0x08008571   Thumb Code     6  dunder.o(i.__mathlib_dbl_infnan)
    __mathlib_dbl_infnan2                    0x08008577   Thumb Code     6  dunder.o(i.__mathlib_dbl_infnan2)
    __mathlib_dbl_invalid                    0x08008581   Thumb Code    10  dunder.o(i.__mathlib_dbl_invalid)
    __mathlib_dbl_overflow                   0x08008599   Thumb Code    10  dunder.o(i.__mathlib_dbl_overflow)
    __mathlib_dbl_underflow                  0x080085b1   Thumb Code    10  dunder.o(i.__mathlib_dbl_underflow)
    __scatterload_copy                       0x080085c9   Thumb Code    14  handlers.o(i.__scatterload_copy)
    __scatterload_null                       0x080085d7   Thumb Code     2  handlers.o(i.__scatterload_null)
    __scatterload_zeroinit                   0x080085d9   Thumb Code    14  handlers.o(i.__scatterload_zeroinit)
    __set_errno                              0x080085e9   Thumb Code     6  errno.o(i.__set_errno)
    calculate_cxof                           0x08008ea9   Thumb Code    76  matrix.o(i.calculate_cxof)
    calculate_location                       0x08008ef9   Thumb Code   246  matrix.o(i.calculate_location)
    creat_matrix                             0x08009005   Thumb Code   100  matrix.o(i.creat_matrix)
    delete_matrix                            0x08009069   Thumb Code    36  matrix.o(i.delete_matrix)
    encodeDecode_Analysis                    0x0800908d   Thumb Code   112  encodeddecoder.o(i.encodeDecode_Analysis)
    encodeDecode_Analysis_UWB                0x08009101   Thumb Code   194  encodeddecoder.o(i.encodeDecode_Analysis_UWB)
    encodeDecode_UWBpacket                   0x080091cd   Thumb Code    66  encodeddecoder.o(i.encodeDecode_UWBpacket)
    fabs                                     0x0800920f   Thumb Code    24  fabs.o(i.fabs)
    fputc                                    0x08009229   Thumb Code    16  main.o(i.fputc)
    free                                     0x0800923d   Thumb Code    76  malloc.o(i.free)
    kalman_calc                              0x0800928d   Thumb Code   174  kalman.o(i.kalman_calc)
    kalman_init                              0x0800933d   Thumb Code    26  kalman.o(i.kalman_init)
    main                                     0x08009361   Thumb Code  1582  main.o(i.main)
    malloc                                   0x080099cd   Thumb Code    92  malloc.o(i.malloc)
    matrix_T                                 0x08009a39   Thumb Code   100  matrix.o(i.matrix_T)
    matrix_inv3_3                            0x08009a9d   Thumb Code   442  matrix.o(i.matrix_inv3_3)
    mid_filter                               0x08009c59   Thumb Code    64  matrix.o(i.mid_filter)
    multiply_matrix                          0x08009c99   Thumb Code   144  matrix.o(i.multiply_matrix)
    sqrt                                     0x08009d2d   Thumb Code   106  sqrt.o(i.sqrt)
    LL_RCC_PrescTable                        0x08009dbc   Data          16  stm32h7xx_ll_rcc.o(.constdata)
    D1CorePrescTable                         0x08009dfc   Data          16  system_stm32h7xx.o(.constdata)
    __mathlib_zero                           0x08009ef0   Data           8  qnan.o(.constdata)
    Region$$Table$$Base                      0x0800a0a8   Number         0  anon$$obj.o(Region$$Table)
    Region$$Table$$Limit                     0x0800a0c8   Number         0  anon$$obj.o(Region$$Table)
    InitedFlag                               0x2400000c   Data           1  flycontrol.o(.data)
    PWM_Pitch_mid                            0x24000010   Data           4  flycontrol.o(.data)
    PWM_Roll_mid                             0x24000014   Data           4  flycontrol.o(.data)
    PWM_Thr_mid                              0x24000018   Data           4  flycontrol.o(.data)
    PWM_yaw_Max                              0x2400001c   Data           4  flycontrol.o(.data)
    PWM_yaw_mid                              0x24000020   Data           4  flycontrol.o(.data)
    PWM_yaw_min                              0x24000024   Data           4  flycontrol.o(.data)
    PWM_Mode_Max                             0x24000028   Data           4  flycontrol.o(.data)
    PWM_Mode_mid                             0x2400002c   Data           4  flycontrol.o(.data)
    PWM_Mode_min                             0x24000030   Data           4  flycontrol.o(.data)
    DeadThreShold                            0x24000034   Data           4  flycontrol.o(.data)
    PWM_Thr_min_LOCK                         0x24000038   Data           4  flycontrol.o(.data)
    pwm_pitch_out                            0x2400003c   Data           4  flycontrol.o(.data)
    pwm_roll_out                             0x24000040   Data           4  flycontrol.o(.data)
    pwm_pitch_time                           0x2400004c   Data           4  flycontrol.o(.data)
    pwm_roll_time                            0x24000050   Data           4  flycontrol.o(.data)
    is_takeoff                               0x2400005c   Data           1  main.o(.data)
    Receive_ok                               0x2400005d   Data           1  main.o(.data)
    sum                                      0x2400005e   Data           1  main.o(.data)
    i                                        0x2400005f   Data           1  main.o(.data)
    RangeStatus                              0x24000060   Data           1  main.o(.data)
    Time                                     0x24000061   Data           1  main.o(.data)
    Mode                                     0x24000062   Data           1  main.o(.data)
    get_uwb_ready                            0x24000063   Data           1  main.o(.data)
    USART1_RX_STA                            0x24000066   Data           2  main.o(.data)
    USART2_RX_STA                            0x24000068   Data           2  main.o(.data)
    USART3_RX_STA                            0x2400006a   Data           2  main.o(.data)
    USART5_RX_STA                            0x2400006c   Data           2  main.o(.data)
    distance                                 0x2400006e   Data           2  main.o(.data)
    CHANNEL_1_RISE                           0x24000078   Data           4  main.o(.data)
    CHANNEL_1_FALL                           0x2400007c   Data           4  main.o(.data)
    CHANNEL_1_PULSE_WIDE                     0x24000080   Data           4  main.o(.data)
    CHANNEL_2_RISE                           0x24000084   Data           4  main.o(.data)
    CHANNEL_2_FALL                           0x24000088   Data           4  main.o(.data)
    CHANNEL_2_PULSE_WIDE                     0x2400008c   Data           4  main.o(.data)
    CHANNEL_3_RISE                           0x24000090   Data           4  main.o(.data)
    CHANNEL_3_FALL                           0x24000094   Data           4  main.o(.data)
    CHANNEL_3_PULSE_WIDE                     0x24000098   Data           4  main.o(.data)
    CHANNEL_4_RISE                           0x2400009c   Data           4  main.o(.data)
    CHANNEL_4_FALL                           0x240000a0   Data           4  main.o(.data)
    CHANNEL_4_PULSE_WIDE                     0x240000a4   Data           4  main.o(.data)
    CHANNEL_5_RISE                           0x240000a8   Data           4  main.o(.data)
    CHANNEL_5_FALL                           0x240000ac   Data           4  main.o(.data)
    CHANNEL_5_PULSE_WIDE                     0x240000b0   Data           4  main.o(.data)
    CHANNEL_6_RISE                           0x240000b4   Data           4  main.o(.data)
    CHANNEL_6_FALL                           0x240000b8   Data           4  main.o(.data)
    CHANNEL_6_PULSE_WIDE                     0x240000bc   Data           4  main.o(.data)
    CHANNEL_7_RISE                           0x240000c0   Data           4  main.o(.data)
    CHANNEL_7_FALL                           0x240000c4   Data           4  main.o(.data)
    CHANNEL_7_PULSE_WIDE                     0x240000c8   Data           4  main.o(.data)
    CHANNEL_8_RISE                           0x240000cc   Data           4  main.o(.data)
    CHANNEL_8_FALL                           0x240000d0   Data           4  main.o(.data)
    CHANNEL_8_PULSE_WIDE                     0x240000d4   Data           4  main.o(.data)
    ICFLAG_1                                 0x240000d8   Data           4  main.o(.data)
    ICFLAG_2                                 0x240000dc   Data           4  main.o(.data)
    ICFLAG_3                                 0x240000e0   Data           4  main.o(.data)
    ICFLAG_4                                 0x240000e4   Data           4  main.o(.data)
    ICFLAG_5                                 0x240000e8   Data           4  main.o(.data)
    ICFLAG_6                                 0x240000ec   Data           4  main.o(.data)
    ICFLAG_7                                 0x240000f0   Data           4  main.o(.data)
    ICFLAG_8                                 0x240000f4   Data           4  main.o(.data)
    PWM_Mode_N1                              0x240000f8   Data           4  main.o(.data)
    PWM_Mode_N2                              0x240000fc   Data           4  main.o(.data)
    PWM_Mode_N3                              0x24000100   Data           4  main.o(.data)
    PWM_Mode_N4                              0x24000104   Data           4  main.o(.data)
    mode_flag                                0x24000110   Data           4  main.o(.data)
    d_location                               0x24000114   Data           4  main.o(.data)
    takeoff_Time                             0x24000118   Data           4  main.o(.data)
    s_volt                                   0x2400011c   Data           4  main.o(.data)
    ADC_ReadBuffer                           0x24000120   Data           4  main.o(.data)
    re_buf_Data                              0x24000124   Data           8  main.o(.data)
    encodeAnswer                             0x2400012c   Data          11  main.o(.data)
    uwTickFreq                               0x24000138   Data           1  stm32h7xx_hal.o(.data)
    uwTickPrio                               0x2400013c   Data           4  stm32h7xx_hal.o(.data)
    uwTick                                   0x24000140   Data           4  stm32h7xx_hal.o(.data)
    SystemCoreClock                          0x24000144   Data           4  system_stm32h7xx.o(.data)
    SystemD2Clock                            0x24000148   Data           4  system_stm32h7xx.o(.data)
    __stdout                                 0x2400014c   Data           4  stdout.o(.data)
    __microlib_freelist                      0x24000150   Data           4  mvars.o(.data)
    __microlib_freelist_initialised          0x24000154   Data           4  mvars.o(.data)
    Attitude                                 0x2400015c   Data          24  encodeddecoder.o(.bss)
    cxof_buf                                 0x24000174   Data           9  uart_api.o(.bss)
    PID_Control_Pitch                        0x24000180   Data          32  flycontrol.o(.bss)
    PID_Control_Roll                         0x240001a0   Data          32  flycontrol.o(.bss)
    PID_Pitch_Time                           0x240001c0   Data          32  flycontrol.o(.bss)
    PID_Roll_Time                            0x240001e0   Data          32  flycontrol.o(.bss)
    uwb_buf                                  0x24000200   Data          80  main.o(.bss)
    distance_to_station                      0x24000250   Data          16  main.o(.bss)
    location                                 0x24000260   Data          12  main.o(.bss)
    x_array                                  0x2400026c   Data          28  main.o(.bss)
    y_array                                  0x24000288   Data          28  main.o(.bss)
    location_esm                             0x240002a4   Data          12  main.o(.bss)
    USART1_RX_BUF                            0x240002f4   Data         256  main.o(.bss)
    USART2_RX_BUF                            0x240003f4   Data         256  main.o(.bss)
    USART3_RX_BUF                            0x240004f4   Data         256  main.o(.bss)
    USART5_RX_BUF                            0x240005f4   Data         256  main.o(.bss)
    FreeBuffer_Encode                        0x240006f4   Data         256  main.o(.bss)
    FreeBuffer_Encode_3                      0x240007f4   Data         256  main.o(.bss)
    FreeBuffer_Encode_5                      0x240008f4   Data         256  main.o(.bss)
    OutData                                  0x240009f4   Data          16  main.o(.bss)
    PID_Control_Att                          0x24000a04   Data          32  main.o(.bss)
    hadc1                                    0x24000a24   Data         100  main.o(.bss)
    hadc3                                    0x24000a88   Data         100  main.o(.bss)
    hi2c1                                    0x24000aec   Data          76  main.o(.bss)
    htim2                                    0x24000b38   Data          76  main.o(.bss)
    htim3                                    0x24000b84   Data          76  main.o(.bss)
    htim4                                    0x24000bd0   Data          76  main.o(.bss)
    htim5                                    0x24000c1c   Data          76  main.o(.bss)
    htim12                                   0x24000c68   Data          76  main.o(.bss)
    htim13                                   0x24000cb4   Data          76  main.o(.bss)
    htim15                                   0x24000d00   Data          76  main.o(.bss)
    kalman_x                                 0x24000d4c   Data          16  kalman.o(.bss)
    kalman_y                                 0x24000d5c   Data          16  kalman.o(.bss)
    __heap_base                              0x24000d70   Data           0  startup_stm32h743xx.o(HEAP)
    __heap_limit                             0x24000f70   Data           0  startup_stm32h743xx.o(HEAP)
    __initial_sp                             0x24001370   Data           0  startup_stm32h743xx.o(STACK)



==============================================================================

Memory Map of the image

  Image Entry point : 0x08000299

  Load Region LR_IROM1 (Base: 0x08000000, Size: 0x0000a224, Max: 0x00200000, ABSOLUTE, COMPRESSED[0x0000a104])

    Execution Region ER_IROM1 (Base: 0x08000000, Size: 0x0000a0c8, Max: 0x00200000, ABSOLUTE)

    Base Addr    Size         Type   Attr      Idx    E Section Name        Object

    0x08000000   0x00000298   Data   RO            3    RESET               startup_stm32h743xx.o
    0x08000298   0x00000000   Code   RO         6300  * .ARM.Collect$$$$00000000  mc_w.l(entry.o)
    0x08000298   0x00000004   Code   RO         6638    .ARM.Collect$$$$00000001  mc_w.l(entry2.o)
    0x0800029c   0x00000004   Code   RO         6641    .ARM.Collect$$$$00000004  mc_w.l(entry5.o)
    0x080002a0   0x00000000   Code   RO         6643    .ARM.Collect$$$$00000008  mc_w.l(entry7b.o)
    0x080002a0   0x00000000   Code   RO         6645    .ARM.Collect$$$$0000000A  mc_w.l(entry8b.o)
    0x080002a0   0x00000008   Code   RO         6646    .ARM.Collect$$$$0000000B  mc_w.l(entry9a.o)
    0x080002a8   0x00000000   Code   RO         6648    .ARM.Collect$$$$0000000D  mc_w.l(entry10a.o)
    0x080002a8   0x00000000   Code   RO         6650    .ARM.Collect$$$$0000000F  mc_w.l(entry11a.o)
    0x080002a8   0x00000004   Code   RO         6639    .ARM.Collect$$$$00002712  mc_w.l(entry2.o)
    0x080002ac   0x00000024   Code   RO            4    .text               startup_stm32h743xx.o
    0x080002d0   0x00000008   Code   RO         6303    .text               mc_w.l(siabs.o)
    0x080002d8   0x00000024   Code   RO         6307    .text               mc_w.l(memcpya.o)
    0x080002fc   0x00000024   Code   RO         6309    .text               mc_w.l(memseta.o)
    0x08000320   0x0000002c   Code   RO         6653    .text               mc_w.l(uidiv.o)
    0x0800034c   0x00000062   Code   RO         6655    .text               mc_w.l(uldiv.o)
    0x080003ae   0x00000000   Code   RO         6666    .text               mc_w.l(iusefp.o)
    0x080003ae   0x0000014e   Code   RO         6667    .text               mf_w.l(dadd.o)
    0x080004fc   0x000000e4   Code   RO         6669    .text               mf_w.l(dmul.o)
    0x080005e0   0x000000de   Code   RO         6671    .text               mf_w.l(ddiv.o)
    0x080006be   0x0000002e   Code   RO         6673    .text               mf_w.l(dscalb.o)
    0x080006ec   0x00000030   Code   RO         6675    .text               mf_w.l(dfixul.o)
    0x0800071c   0x00000030   Code   RO         6677    .text               mf_w.l(cdrcmple.o)
    0x0800074c   0x00000024   Code   RO         6679    .text               mc_w.l(init.o)
    0x08000770   0x0000001e   Code   RO         6681    .text               mc_w.l(llshl.o)
    0x0800078e   0x00000020   Code   RO         6683    .text               mc_w.l(llushr.o)
    0x080007ae   0x00000024   Code   RO         6685    .text               mc_w.l(llsshr.o)
    0x080007d2   0x000000ba   Code   RO         6687    .text               mf_w.l(depilogue.o)
    0x0800088c   0x00000056   Code   RO         6697    .text               mc_w.l(__dczerorl2.o)
    0x080008e2   0x00000002   PAD
    0x080008e4   0x00000108   Code   RO         1819    i.ADC_ConfigureBoostMode  stm32h7xx_hal_adc.o
    0x080009ec   0x00000010   Code   RO           13    i.BEEP_OFF          beep.o
    0x080009fc   0x00000010   Code   RO           14    i.BEEP_ON           beep.o
    0x08000a0c   0x00000028   Code   RO          384    i.BSP_USART_SendArray_LL  uart_api.o
    0x08000a34   0x00000018   Code   RO          385    i.BSP_USART_SendData_LL  uart_api.o
    0x08000a4c   0x00000016   Code   RO          386    i.BSP_USART_StartIT_LL  uart_api.o
    0x08000a62   0x00000002   PAD
    0x08000a64   0x00000034   Code   RO         1054    i.BubbleSort        matrix.o
    0x08000a98   0x00000002   Code   RO         1535    i.BusFault_Handler  stm32h7xx_it.o
    0x08000a9a   0x00000002   Code   RO         1536    i.DebugMon_Handler  stm32h7xx_it.o
    0x08000a9c   0x00000074   Code   RO          864    i.Device_Init       flycontrol.o
    0x08000b10   0x00000004   Code   RO         1174    i.Error_Handler     main.o
    0x08000b14   0x00000048   Code   RO         1175    i.Get_UWB_distance  main.o
    0x08000b5c   0x00000128   Code   RO         2061    i.HAL_ADCEx_MultiModeConfigChannel  stm32h7xx_hal_adc_ex.o
    0x08000c84   0x000003d8   Code   RO         1827    i.HAL_ADC_ConfigChannel  stm32h7xx_hal_adc.o
    0x0800105c   0x00000228   Code   RO         1836    i.HAL_ADC_Init      stm32h7xx_hal_adc.o
    0x08001284   0x000000a0   Code   RO         1690    i.HAL_ADC_MspInit   stm32h7xx_hal_msp.o
    0x08001324   0x00000284   Code   RO         2918    i.HAL_DMA_Abort_IT  stm32h7xx_hal_dma.o
    0x080015a8   0x00000006   Code   RO         2921    i.HAL_DMA_GetState  stm32h7xx_hal_dma.o
    0x080015ae   0x00000002   PAD
    0x080015b0   0x00000024   Code   RO         3767    i.HAL_Delay         stm32h7xx_hal.o
    0x080015d4   0x0000022c   Code   RO         2765    i.HAL_GPIO_Init     stm32h7xx_hal_gpio.o
    0x08001800   0x0000000a   Code   RO         2767    i.HAL_GPIO_ReadPin  stm32h7xx_hal_gpio.o
    0x0800180a   0x00000010   Code   RO         2768    i.HAL_GPIO_TogglePin  stm32h7xx_hal_gpio.o
    0x0800181a   0x0000000a   Code   RO         2769    i.HAL_GPIO_WritePin  stm32h7xx_hal_gpio.o
    0x08001824   0x0000000c   Code   RO         3778    i.HAL_GetREVID      stm32h7xx_hal.o
    0x08001830   0x0000000c   Code   RO         3779    i.HAL_GetTick       stm32h7xx_hal.o
    0x0800183c   0x00000058   Code   RO         4534    i.HAL_I2CEx_ConfigAnalogFilter  stm32h7xx_hal_i2c_ex.o
    0x08001894   0x00000054   Code   RO         4535    i.HAL_I2CEx_ConfigDigitalFilter  stm32h7xx_hal_i2c_ex.o
    0x080018e8   0x00000002   Code   RO         4072    i.HAL_I2C_AbortCpltCallback  stm32h7xx_hal_i2c.o
    0x080018ea   0x00000002   Code   RO         4073    i.HAL_I2C_AddrCallback  stm32h7xx_hal_i2c.o
    0x080018ec   0x00000068   Code   RO         4076    i.HAL_I2C_ER_IRQHandler  stm32h7xx_hal_i2c.o
    0x08001954   0x00000010   Code   RO         4077    i.HAL_I2C_EV_IRQHandler  stm32h7xx_hal_i2c.o
    0x08001964   0x00000002   Code   RO         4079    i.HAL_I2C_ErrorCallback  stm32h7xx_hal_i2c.o
    0x08001966   0x00000002   PAD
    0x08001968   0x000000b8   Code   RO         4083    i.HAL_I2C_Init      stm32h7xx_hal_i2c.o
    0x08001a20   0x00000002   Code   RO         4085    i.HAL_I2C_ListenCpltCallback  stm32h7xx_hal_i2c.o
    0x08001a22   0x00000002   PAD
    0x08001a24   0x000000a4   Code   RO         1692    i.HAL_I2C_MspInit   stm32h7xx_hal_msp.o
    0x08001ac8   0x00000002   Code   RO         4109    i.HAL_I2C_SlaveRxCpltCallback  stm32h7xx_hal_i2c.o
    0x08001aca   0x00000002   Code   RO         4110    i.HAL_I2C_SlaveTxCpltCallback  stm32h7xx_hal_i2c.o
    0x08001acc   0x00000010   Code   RO         3785    i.HAL_IncTick       stm32h7xx_hal.o
    0x08001adc   0x0000005c   Code   RO         3786    i.HAL_Init          stm32h7xx_hal.o
    0x08001b38   0x00000040   Code   RO         3787    i.HAL_InitTick      stm32h7xx_hal.o
    0x08001b78   0x0000005c   Code   RO         3620    i.HAL_MPU_ConfigRegion  stm32h7xx_hal_cortex.o
    0x08001bd4   0x0000001c   Code   RO         3621    i.HAL_MPU_Disable   stm32h7xx_hal_cortex.o
    0x08001bf0   0x00000024   Code   RO         3622    i.HAL_MPU_Enable    stm32h7xx_hal_cortex.o
    0x08001c14   0x0000001c   Code   RO         1693    i.HAL_MspInit       stm32h7xx_hal_msp.o
    0x08001c30   0x0000001a   Code   RO         3625    i.HAL_NVIC_EnableIRQ  stm32h7xx_hal_cortex.o
    0x08001c4a   0x00000002   PAD
    0x08001c4c   0x00000040   Code   RO         3631    i.HAL_NVIC_SetPriority  stm32h7xx_hal_cortex.o
    0x08001c8c   0x00000024   Code   RO         3632    i.HAL_NVIC_SetPriorityGrouping  stm32h7xx_hal_cortex.o
    0x08001cb0   0x00000054   Code   RO         3366    i.HAL_PWREx_ConfigSupply  stm32h7xx_hal_pwr_ex.o
    0x08001d04   0x00000024   Code   RO         2386    i.HAL_RCCEx_GetD3PCLK1Freq  stm32h7xx_hal_rcc_ex.o
    0x08001d28   0x00000148   Code   RO         2387    i.HAL_RCCEx_GetPLL1ClockFreq  stm32h7xx_hal_rcc_ex.o
    0x08001e70   0x00000144   Code   RO         2388    i.HAL_RCCEx_GetPLL2ClockFreq  stm32h7xx_hal_rcc_ex.o
    0x08001fb4   0x00000144   Code   RO         2389    i.HAL_RCCEx_GetPLL3ClockFreq  stm32h7xx_hal_rcc_ex.o
    0x080020f8   0x0000026c   Code   RO         2391    i.HAL_RCCEx_GetPeriphCLKFreq  stm32h7xx_hal_rcc_ex.o
    0x08002364   0x000008d2   Code   RO         2395    i.HAL_RCCEx_PeriphCLKConfig  stm32h7xx_hal_rcc_ex.o
    0x08002c36   0x00000002   PAD
    0x08002c38   0x0000025c   Code   RO         2271    i.HAL_RCC_ClockConfig  stm32h7xx_hal_rcc.o
    0x08002e94   0x00000044   Code   RO         2276    i.HAL_RCC_GetHCLKFreq  stm32h7xx_hal_rcc.o
    0x08002ed8   0x00000138   Code   RO         2280    i.HAL_RCC_GetSysClockFreq  stm32h7xx_hal_rcc.o
    0x08003010   0x00000530   Code   RO         2283    i.HAL_RCC_OscConfig  stm32h7xx_hal_rcc.o
    0x08003540   0x00000010   Code   RO         3791    i.HAL_SYSCFG_AnalogSwitchConfig  stm32h7xx_hal.o
    0x08003550   0x00000026   Code   RO         3636    i.HAL_SYSTICK_Config  stm32h7xx_hal_cortex.o
    0x08003576   0x00000002   Code   RO         5756    i.HAL_TIMEx_Break2Callback  stm32h7xx_hal_tim_ex.o
    0x08003578   0x00000002   Code   RO         5757    i.HAL_TIMEx_BreakCallback  stm32h7xx_hal_tim_ex.o
    0x0800357a   0x00000002   Code   RO         5758    i.HAL_TIMEx_CommutCallback  stm32h7xx_hal_tim_ex.o
    0x0800357c   0x000000a4   Code   RO         5778    i.HAL_TIMEx_MasterConfigSynchronization  stm32h7xx_hal_tim_ex.o
    0x08003620   0x00000062   Code   RO         5042    i.HAL_TIM_Base_Init  stm32h7xx_hal_tim.o
    0x08003682   0x00000002   PAD
    0x08003684   0x000001d0   Code   RO         1695    i.HAL_TIM_Base_MspInit  stm32h7xx_hal_msp.o
    0x08003854   0x0000008c   Code   RO         5047    i.HAL_TIM_Base_Start_IT  stm32h7xx_hal_tim.o
    0x080038e0   0x00000030   Code   RO         5050    i.HAL_TIM_Base_Stop_IT  stm32h7xx_hal_tim.o
    0x08003910   0x000000fc   Code   RO         5051    i.HAL_TIM_ConfigClockSource  stm32h7xx_hal_tim.o
    0x08003a0c   0x00000548   Code   RO         1176    i.HAL_TIM_IC_CaptureCallback  main.o
    0x08003f54   0x00000122   Code   RO         5078    i.HAL_TIM_IC_ConfigChannel  stm32h7xx_hal_tim.o
    0x08004076   0x00000062   Code   RO         5081    i.HAL_TIM_IC_Init   stm32h7xx_hal_tim.o
    0x080040d8   0x00000002   Code   RO         5083    i.HAL_TIM_IC_MspInit  stm32h7xx_hal_tim.o
    0x080040da   0x00000002   PAD
    0x080040dc   0x00000144   Code   RO         5086    i.HAL_TIM_IC_Start_IT  stm32h7xx_hal_tim.o
    0x08004220   0x000000b6   Code   RO         5089    i.HAL_TIM_IC_Stop_IT  stm32h7xx_hal_tim.o
    0x080042d6   0x00000182   Code   RO         5090    i.HAL_TIM_IRQHandler  stm32h7xx_hal_tim.o
    0x08004458   0x00000084   Code   RO         1696    i.HAL_TIM_MspPostInit  stm32h7xx_hal_msp.o
    0x080044dc   0x00000002   Code   RO         5093    i.HAL_TIM_OC_DelayElapsedCallback  stm32h7xx_hal_tim.o
    0x080044de   0x00000124   Code   RO         5114    i.HAL_TIM_PWM_ConfigChannel  stm32h7xx_hal_tim.o
    0x08004602   0x00000062   Code   RO         5117    i.HAL_TIM_PWM_Init  stm32h7xx_hal_tim.o
    0x08004664   0x00000002   Code   RO         5119    i.HAL_TIM_PWM_MspInit  stm32h7xx_hal_tim.o
    0x08004666   0x00000002   Code   RO         5120    i.HAL_TIM_PWM_PulseFinishedCallback  stm32h7xx_hal_tim.o
    0x08004668   0x00000110   Code   RO         5122    i.HAL_TIM_PWM_Start  stm32h7xx_hal_tim.o
    0x08004778   0x000000b4   Code   RO         1177    i.HAL_TIM_PeriodElapsedCallback  main.o
    0x0800482c   0x0000002c   Code   RO         5130    i.HAL_TIM_ReadCapturedValue  stm32h7xx_hal_tim.o
    0x08004858   0x00000002   Code   RO         5133    i.HAL_TIM_TriggerCallback  stm32h7xx_hal_tim.o
    0x0800485a   0x00000002   Code   RO         1537    i.HardFault_Handler  stm32h7xx_it.o
    0x0800485c   0x0000000c   Code   RO         1538    i.I2C1_ER_IRQHandler  stm32h7xx_it.o
    0x08004868   0x0000000c   Code   RO         1539    i.I2C1_EV_IRQHandler  stm32h7xx_it.o
    0x08004874   0x00000014   Code   RO         4122    i.I2C_DMAAbort      stm32h7xx_hal_i2c.o
    0x08004888   0x00000060   Code   RO         4128    i.I2C_Disable_IRQ   stm32h7xx_hal_i2c.o
    0x080048e8   0x00000022   Code   RO         4130    i.I2C_Flush_TXDR    stm32h7xx_hal_i2c.o
    0x0800490a   0x00000094   Code   RO         4131    i.I2C_ITAddrCplt    stm32h7xx_hal_i2c.o
    0x0800499e   0x00000002   PAD
    0x080049a0   0x000000f8   Code   RO         4132    i.I2C_ITError       stm32h7xx_hal_i2c.o
    0x08004a98   0x00000064   Code   RO         4133    i.I2C_ITListenCplt  stm32h7xx_hal_i2c.o
    0x08004afc   0x000001cc   Code   RO         4136    i.I2C_ITSlaveCplt   stm32h7xx_hal_i2c.o
    0x08004cc8   0x00000072   Code   RO         4137    i.I2C_ITSlaveSeqCplt  stm32h7xx_hal_i2c.o
    0x08004d3a   0x00000002   PAD
    0x08004d3c   0x00000120   Code   RO         4144    i.I2C_Slave_ISR_IT  stm32h7xx_hal_i2c.o
    0x08004e5c   0x0000002a   Code   RO         4146    i.I2C_TreatErrorCallback  stm32h7xx_hal_i2c.o
    0x08004e86   0x00000002   PAD
    0x08004e88   0x0000000c   Code   RO          296    i.LED1_Flash        led.o
    0x08004e94   0x0000002c   Code   RO          297    i.LED1_Slow_Flash   led.o
    0x08004ec0   0x0000000c   Code   RO          298    i.LED2_Flash        led.o
    0x08004ecc   0x0000000c   Code   RO          300    i.LED3_Flash        led.o
    0x08004ed8   0x00000010   Code   RO          303    i.LED_B_Off         led.o
    0x08004ee8   0x00000004   Code   RO          304    i.LED_G_Flash       led.o
    0x08004eec   0x00000010   Code   RO          305    i.LED_G_Off         led.o
    0x08004efc   0x00000010   Code   RO          307    i.LED_R_Off         led.o
    0x08004f0c   0x00000008   Code   RO         1848    i.LL_ADC_INJ_IsConversionOngoing  stm32h7xx_hal_adc.o
    0x08004f14   0x00000008   Code   RO         1849    i.LL_ADC_REG_IsConversionOngoing  stm32h7xx_hal_adc.o
    0x08004f1c   0x00000008   Code   RO         2071    i.LL_ADC_REG_IsConversionOngoing  stm32h7xx_hal_adc_ex.o
    0x08004f24   0x0000001e   Code   RO         1852    i.LL_ADC_SetChannelSamplingTime  stm32h7xx_hal_adc.o
    0x08004f42   0x00000002   PAD
    0x08004f44   0x00000018   Code   RO         1178    i.LL_AHB4_GRP1_EnableClock  main.o
    0x08004f5c   0x00000018   Code   RO         1179    i.LL_APB1_GRP1_EnableClock  main.o
    0x08004f74   0x000000b4   Code   RO         6116    i.LL_GPIO_Init      stm32h7xx_ll_gpio.o
    0x08005028   0x00000010   Code   RO         4660    i.LL_RCC_CSI_IsReady  stm32h7xx_ll_rcc.o
    0x08005038   0x0000004c   Code   RO         4661    i.LL_RCC_CalcPLLClockFreq  stm32h7xx_ll_rcc.o
    0x08005084   0x00000020   Code   RO         4666    i.LL_RCC_GetClockSource  stm32h7xx_ll_rcc.o
    0x080050a4   0x000000f0   Code   RO         4673    i.LL_RCC_GetPLL1ClockFreq  stm32h7xx_ll_rcc.o
    0x08005194   0x000000f4   Code   RO         4674    i.LL_RCC_GetPLL2ClockFreq  stm32h7xx_ll_rcc.o
    0x08005288   0x000000f8   Code   RO         4675    i.LL_RCC_GetPLL3ClockFreq  stm32h7xx_ll_rcc.o
    0x08005380   0x00000010   Code   RO         4683    i.LL_RCC_GetSysPrescaler  stm32h7xx_ll_rcc.o
    0x08005390   0x00000108   Code   RO         4685    i.LL_RCC_GetUSARTClockFreq  stm32h7xx_ll_rcc.o
    0x08005498   0x00000010   Code   RO         4687    i.LL_RCC_HSE_IsReady  stm32h7xx_ll_rcc.o
    0x080054a8   0x00000010   Code   RO         4688    i.LL_RCC_HSI_GetDivider  stm32h7xx_ll_rcc.o
    0x080054b8   0x00000010   Code   RO         4689    i.LL_RCC_HSI_IsReady  stm32h7xx_ll_rcc.o
    0x080054c8   0x00000010   Code   RO         4690    i.LL_RCC_LSE_IsReady  stm32h7xx_ll_rcc.o
    0x080054d8   0x00000010   Code   RO         4692    i.LL_RCC_PLL2_IsReady  stm32h7xx_ll_rcc.o
    0x080054e8   0x00000010   Code   RO         4693    i.LL_RCC_PLL3_IsReady  stm32h7xx_ll_rcc.o
    0x080054f8   0x00000012   Code   RO         1180    i.LL_USART_ConfigAsyncMode  main.o
    0x0800550a   0x00000002   PAD
    0x0800550c   0x00000118   Code   RO         6052    i.LL_USART_Init     stm32h7xx_ll_usart.o
    0x08005624   0x0000001a   Code   RO         1181    i.LL_USART_SetRXFIFOThreshold  main.o
    0x0800563e   0x00000002   PAD
    0x08005640   0x00000016   Code   RO         1182    i.LL_USART_SetTXFIFOThreshold  main.o
    0x08005656   0x00000002   PAD
    0x08005658   0x00000110   Code   RO          871    i.Loiter            flycontrol.o
    0x08005768   0x0000008c   Code   RO         1184    i.MX_ADC1_Init      main.o
    0x080057f4   0x00000070   Code   RO         1185    i.MX_ADC3_Init      main.o
    0x08005864   0x000000d0   Code   RO         1186    i.MX_GPIO_Init      main.o
    0x08005934   0x00000054   Code   RO         1187    i.MX_I2C1_Init      main.o
    0x08005988   0x0000004c   Code   RO         1188    i.MX_TIM12_Init     main.o
    0x080059d4   0x00000068   Code   RO         1189    i.MX_TIM15_Init     main.o
    0x08005a3c   0x000000c4   Code   RO         1190    i.MX_TIM2_Init      main.o
    0x08005b00   0x000000c8   Code   RO         1191    i.MX_TIM3_Init      main.o
    0x08005bc8   0x000000e4   Code   RO         1192    i.MX_TIM4_Init      main.o
    0x08005cac   0x000000e4   Code   RO         1193    i.MX_TIM5_Init      main.o
    0x08005d90   0x000000d8   Code   RO         1194    i.MX_UART5_Init     main.o
    0x08005e68   0x000000e8   Code   RO         1195    i.MX_USART1_UART_Init  main.o
    0x08005f50   0x000000d8   Code   RO         1196    i.MX_USART2_UART_Init  main.o
    0x08006028   0x000000d8   Code   RO         1197    i.MX_USART3_UART_Init  main.o
    0x08006100   0x00000002   Code   RO         1540    i.MemManage_Handler  stm32h7xx_it.o
    0x08006102   0x00000002   Code   RO         1541    i.NMI_Handler       stm32h7xx_it.o
    0x08006104   0x00000032   Code   RO         1198    i.NVIC_EncodePriority  main.o
    0x08006136   0x00000002   PAD
    0x08006138   0x000000ec   Code   RO          872    i.PIDCalc           flycontrol.o
    0x08006224   0x000000b0   Code   RO          873    i.PIDInit           flycontrol.o
    0x080062d4   0x0000009c   Code   RO          874    i.PID_GetTime       flycontrol.o
    0x08006370   0x00000040   Code   RO          387    i.Pack_cxof_buf     uart_api.o
    0x080063b0   0x00000002   Code   RO         1542    i.PendSV_Handler    stm32h7xx_it.o
    0x080063b2   0x00000002   PAD
    0x080063b4   0x000001b8   Code   RO         1200    i.PrintfHardInfo    main.o
    0x0800656c   0x00000120   Code   RO         2398    i.RCCEx_PLL2_Config  stm32h7xx_hal_rcc_ex.o
    0x0800668c   0x00000120   Code   RO         2399    i.RCCEx_PLL3_Config  stm32h7xx_hal_rcc_ex.o
    0x080067ac   0x0000001c   Code   RO         4694    i.RCC_GetHCLKClockFreq  stm32h7xx_ll_rcc.o
    0x080067c8   0x00000020   Code   RO         4695    i.RCC_GetPCLK1ClockFreq  stm32h7xx_ll_rcc.o
    0x080067e8   0x00000020   Code   RO         4696    i.RCC_GetPCLK2ClockFreq  stm32h7xx_ll_rcc.o
    0x08006808   0x00000048   Code   RO         4698    i.RCC_GetSystemClockFreq  stm32h7xx_ll_rcc.o
    0x08006850   0x00000030   Code   RO         1202    i.RC_Read           main.o
    0x08006880   0x00000060   Code   RO          875    i.RC_bridge         flycontrol.o
    0x080068e0   0x00000002   Code   RO         1543    i.SVC_Handler       stm32h7xx_it.o
    0x080068e2   0x00000004   Code   RO          388    i.Send_cxof_buf     uart_api.o
    0x080068e6   0x00000002   PAD
    0x080068e8   0x0000000c   Code   RO          879    i.Set_PWM_Pitch     flycontrol.o
    0x080068f4   0x0000000c   Code   RO          880    i.Set_PWM_Roll      flycontrol.o
    0x08006900   0x0000000c   Code   RO          881    i.Set_PWM_Thr       flycontrol.o
    0x0800690c   0x0000000c   Code   RO          882    i.Set_PWM_Yaw       flycontrol.o
    0x08006918   0x00000004   Code   RO         1544    i.SysTick_Handler   stm32h7xx_it.o
    0x0800691c   0x000000a8   Code   RO         1203    i.SystemClock_Config  main.o
    0x080069c4   0x000000dc   Code   RO         6215    i.SystemInit        system_stm32h7xx.o
    0x08006aa0   0x0000001c   Code   RO         1204    i.TIM12_Set         main.o
    0x08006abc   0x0000001c   Code   RO         1205    i.TIM13_Set         main.o
    0x08006ad8   0x0000000c   Code   RO         1545    i.TIM15_IRQHandler  stm32h7xx_it.o
    0x08006ae4   0x0000001c   Code   RO         1206    i.TIM15_Set         main.o
    0x08006b00   0x0000000c   Code   RO         1546    i.TIM2_IRQHandler   stm32h7xx_it.o
    0x08006b0c   0x0000000c   Code   RO         1547    i.TIM3_IRQHandler   stm32h7xx_it.o
    0x08006b18   0x0000000c   Code   RO         1548    i.TIM4_IRQHandler   stm32h7xx_it.o
    0x08006b24   0x0000000c   Code   RO         1549    i.TIM5_IRQHandler   stm32h7xx_it.o
    0x08006b30   0x0000000c   Code   RO         1550    i.TIM8_BRK_TIM12_IRQHandler  stm32h7xx_it.o
    0x08006b3c   0x0000000c   Code   RO         1551    i.TIM8_UP_TIM13_IRQHandler  stm32h7xx_it.o
    0x08006b48   0x000000c4   Code   RO         5135    i.TIM_Base_SetConfig  stm32h7xx_hal_tim.o
    0x08006c0c   0x0000001a   Code   RO         5136    i.TIM_CCxChannelCmd  stm32h7xx_hal_tim.o
    0x08006c26   0x00000012   Code   RO         5146    i.TIM_ETR_SetConfig  stm32h7xx_hal_tim.o
    0x08006c38   0x00000014   Code   RO         5147    i.TIM_ITRx_SetConfig  stm32h7xx_hal_tim.o
    0x08006c4c   0x000000a8   Code   RO         5148    i.TIM_OC1_SetConfig  stm32h7xx_hal_tim.o
    0x08006cf4   0x00000098   Code   RO         5149    i.TIM_OC2_SetConfig  stm32h7xx_hal_tim.o
    0x08006d8c   0x00000098   Code   RO         5150    i.TIM_OC3_SetConfig  stm32h7xx_hal_tim.o
    0x08006e24   0x00000078   Code   RO         5151    i.TIM_OC4_SetConfig  stm32h7xx_hal_tim.o
    0x08006e9c   0x00000074   Code   RO         5152    i.TIM_OC5_SetConfig  stm32h7xx_hal_tim.o
    0x08006f10   0x00000074   Code   RO         5153    i.TIM_OC6_SetConfig  stm32h7xx_hal_tim.o
    0x08006f84   0x00000022   Code   RO         5155    i.TIM_TI1_ConfigInputStage  stm32h7xx_hal_tim.o
    0x08006fa6   0x00000002   PAD
    0x08006fa8   0x00000080   Code   RO         5156    i.TIM_TI1_SetConfig  stm32h7xx_hal_tim.o
    0x08007028   0x00000024   Code   RO         5157    i.TIM_TI2_ConfigInputStage  stm32h7xx_hal_tim.o
    0x0800704c   0x00000036   Code   RO         5158    i.TIM_TI2_SetConfig  stm32h7xx_hal_tim.o
    0x08007082   0x00000002   PAD
    0x08007084   0x00000080   Code   RO          883    i.Take_off          flycontrol.o
    0x08007104   0x0000000c   Code   RO         1552    i.UART5_IRQHandler  stm32h7xx_it.o
    0x08007110   0x0000000c   Code   RO         1553    i.USART1_IRQHandler  stm32h7xx_it.o
    0x0800711c   0x0000000c   Code   RO         1554    i.USART2_IRQHandler  stm32h7xx_it.o
    0x08007128   0x0000000c   Code   RO         1555    i.USART3_IRQHandler  stm32h7xx_it.o
    0x08007134   0x00000188   Code   RO         1207    i.USART_RxCallback  main.o
    0x080072bc   0x00000002   Code   RO         1556    i.UsageFault_Handler  stm32h7xx_it.o
    0x080072be   0x00000002   PAD
    0x080072c0   0x00000020   Code   RO         6546    i.__0printf         mc_w.l(printfa.o)
    0x080072e0   0x00000030   Code   RO         6622    i.__ARM_fpclassify  m_wv.l(fpclassify.o)
    0x08007310   0x0000001a   Code   RO         1208    i.__NVIC_EnableIRQ  main.o
    0x0800732a   0x00000002   PAD
    0x0800732c   0x00000010   Code   RO         1209    i.__NVIC_GetPriorityGrouping  main.o
    0x0800733c   0x00000022   Code   RO         1210    i.__NVIC_SetPriority  main.o
    0x0800735e   0x00000022   Code   RO         3638    i.__NVIC_SetPriority  stm32h7xx_hal_cortex.o
    0x08007380   0x00000268   Code   RO         6248    i.__hardfp_exp      m_wv.l(exp.o)
    0x080075e8   0x000008f8   Code   RO         6262    i.__hardfp_pow      m_wv.l(pow.o)
    0x08007ee0   0x00000066   Code   RO         6276    i.__hardfp_sqrt     m_wv.l(sqrt.o)
    0x08007f46   0x00000002   PAD
    0x08007f48   0x00000080   Code   RO         6288    i.__hardfp_tan      m_wv.l(tan.o)
    0x08007fc8   0x00000310   Code   RO         6627    i.__ieee754_rem_pio2  m_wv.l(rred.o)
    0x080082d8   0x00000070   Code   RO         6624    i.__kernel_poly     m_wv.l(poly.o)
    0x08008348   0x00000208   Code   RO         6632    i.__kernel_tan      m_wv.l(tan_i.o)
    0x08008550   0x00000020   Code   RO         6602    i.__mathlib_dbl_divzero  m_wv.l(dunder.o)
    0x08008570   0x00000006   Code   RO         6603    i.__mathlib_dbl_infnan  m_wv.l(dunder.o)
    0x08008576   0x00000006   Code   RO         6604    i.__mathlib_dbl_infnan2  m_wv.l(dunder.o)
    0x0800857c   0x00000004   PAD
    0x08008580   0x00000018   Code   RO         6605    i.__mathlib_dbl_invalid  m_wv.l(dunder.o)
    0x08008598   0x00000018   Code   RO         6606    i.__mathlib_dbl_overflow  m_wv.l(dunder.o)
    0x080085b0   0x00000018   Code   RO         6608    i.__mathlib_dbl_underflow  m_wv.l(dunder.o)
    0x080085c8   0x0000000e   Code   RO         6691    i.__scatterload_copy  mc_w.l(handlers.o)
    0x080085d6   0x00000002   Code   RO         6692    i.__scatterload_null  mc_w.l(handlers.o)
    0x080085d8   0x0000000e   Code   RO         6693    i.__scatterload_zeroinit  mc_w.l(handlers.o)
    0x080085e6   0x00000002   PAD
    0x080085e8   0x0000000c   Code   RO         6661    i.__set_errno       mc_w.l(errno.o)
    0x080085f4   0x00000184   Code   RO         6553    i._fp_digits        mc_w.l(printfa.o)
    0x08008778   0x000006dc   Code   RO         6554    i._printf_core      mc_w.l(printfa.o)
    0x08008e54   0x00000024   Code   RO         6555    i._printf_post_padding  mc_w.l(printfa.o)
    0x08008e78   0x0000002e   Code   RO         6556    i._printf_pre_padding  mc_w.l(printfa.o)
    0x08008ea6   0x00000002   PAD
    0x08008ea8   0x00000050   Code   RO         1055    i.calculate_cxof    matrix.o
    0x08008ef8   0x0000010c   Code   RO         1056    i.calculate_location  matrix.o
    0x08009004   0x00000064   Code   RO         1057    i.creat_matrix      matrix.o
    0x08009068   0x00000024   Code   RO         1058    i.delete_matrix     matrix.o
    0x0800908c   0x00000074   Code   RO          197    i.encodeDecode_Analysis  encodeddecoder.o
    0x08009100   0x000000cc   Code   RO          198    i.encodeDecode_Analysis_UWB  encodeddecoder.o
    0x080091cc   0x00000042   Code   RO          199    i.encodeDecode_UWBpacket  encodeddecoder.o
    0x0800920e   0x00000018   Code   RO         6618    i.fabs              m_wv.l(fabs.o)
    0x08009226   0x00000002   PAD
    0x08009228   0x00000014   Code   RO         1214    i.fputc             main.o
    0x0800923c   0x00000050   Code   RO         6574    i.free              mc_w.l(malloc.o)
    0x0800928c   0x000000ae   Code   RO         1752    i.kalman_calc       kalman.o
    0x0800933a   0x00000002   PAD
    0x0800933c   0x00000024   Code   RO         1753    i.kalman_init       kalman.o
    0x08009360   0x0000066c   Code   RO         1217    i.main              main.o
    0x080099cc   0x0000006c   Code   RO         6575    i.malloc            mc_w.l(malloc.o)
    0x08009a38   0x00000064   Code   RO         1062    i.matrix_T          matrix.o
    0x08009a9c   0x000001ba   Code   RO         1064    i.matrix_inv3_3     matrix.o
    0x08009c56   0x00000002   PAD
    0x08009c58   0x00000040   Code   RO         1065    i.mid_filter        matrix.o
    0x08009c98   0x00000094   Code   RO         1066    i.multiply_matrix   matrix.o
    0x08009d2c   0x0000006a   Code   RO         6278    i.sqrt              m_wv.l(sqrt.o)
    0x08009d96   0x00000002   PAD
    0x08009d98   0x00000024   Data   RO         1070    .constdata          matrix.o
    0x08009dbc   0x00000010   Data   RO         4699    .constdata          stm32h7xx_ll_rcc.o
    0x08009dcc   0x00000030   Data   RO         6054    .constdata          stm32h7xx_ll_usart.o
    0x08009dfc   0x00000010   Data   RO         6216    .constdata          system_stm32h7xx.o
    0x08009e0c   0x00000004   PAD
    0x08009e10   0x00000058   Data   RO         6251    .constdata          m_wv.l(exp.o)
    0x08009e68   0x00000088   Data   RO         6265    .constdata          m_wv.l(pow.o)
    0x08009ef0   0x00000008   Data   RO         6626    .constdata          m_wv.l(qnan.o)
    0x08009ef8   0x000000c8   Data   RO         6629    .constdata          m_wv.l(rred.o)
    0x08009fc0   0x00000060   Data   RO         6633    .constdata          m_wv.l(tan_i.o)
    0x0800a020   0x00000088   Data   RO         1229    .conststring        main.o
    0x0800a0a8   0x00000020   Data   RO         6689    Region$$Table       anon$$obj.o


    Execution Region RW_IRAM1 (Base: 0x20000000, Size: 0x00000000, Max: 0x00020000, ABSOLUTE)

    **** No section assigned to this execution region ****


    Execution Region RW_IRAM2 (Base: 0x24000000, Size: 0x00001370, Max: 0x00080000, ABSOLUTE, COMPRESSED[0x0000003c])

    Base Addr    Size         Type   Attr      Idx    E Section Name        Object

    0x24000000   0x0000000c   Data   RW          201    .data               encodeddecoder.o
    0x2400000c   0x00000040   Data   RW          892    .data               flycontrol.o
    0x2400004c   0x00000004   Data   RW          898    .data               flycontrol.o
    0x24000050   0x00000004   Data   RW          899    .data               flycontrol.o
    0x24000054   0x00000008   Data   RW         1071    .data               matrix.o
    0x2400005c   0x000000db   Data   RW         1230    .data               main.o
    0x24000137   0x00000001   PAD
    0x24000138   0x0000000c   Data   RW         3808    .data               stm32h7xx_hal.o
    0x24000144   0x00000008   Data   RW         6217    .data               system_stm32h7xx.o
    0x2400014c   0x00000004   Data   RW         6652    .data               mc_w.l(stdout.o)
    0x24000150   0x00000004   Data   RW         6657    .data               mc_w.l(mvars.o)
    0x24000154   0x00000004   Data   RW         6658    .data               mc_w.l(mvars.o)
    0x24000158   0x00000004   Data   RW         6662    .data               mc_w.l(errno.o)
    0x2400015c   0x00000018   Zero   RW          200    .bss                encodeddecoder.o
    0x24000174   0x00000009   Zero   RW          391    .bss                uart_api.o
    0x2400017d   0x00000003   PAD
    0x24000180   0x00000080   Zero   RW          890    .bss                flycontrol.o
    0x24000200   0x00000b4c   Zero   RW         1223    .bss                main.o
    0x24000d4c   0x00000010   Zero   RW         1754    .bss                kalman.o
    0x24000d5c   0x00000010   Zero   RW         1755    .bss                kalman.o
    0x24000d6c   0x00000004   PAD
    0x24000d70   0x00000200   Zero   RW            2    HEAP                startup_stm32h743xx.o
    0x24000f70   0x00000400   Zero   RW            1    STACK               startup_stm32h743xx.o


==============================================================================

Image component sizes


      Code (inc. data)   RO Data    RW Data    ZI Data      Debug   Object Name

        32         12          0          0          0    1309644   beep.o
       386         14          0         12         24       5913   encodeddecoder.o
      1228        196          0         72        128      12055   flycontrol.o
       210         10          0          0         32       2124   kalman.o
       132         34          0          0          0       4075   led.o
      7100        930        136        219       2892     109250   main.o
      1290         30         36          8          0       8067   matrix.o
         0          0          0          0          0       3292   mav_altitude_decode.o
        36          8        664          0       1536        836   startup_stm32h743xx.o
       248         48          0         12          0      23956   stm32h7xx_hal.o
      1846        152          0          0          0      68660   stm32h7xx_hal_adc.o
       304         22          0          0          0      63279   stm32h7xx_hal_adc_ex.o
       354         28          0          0          0      41769   stm32h7xx_hal_cortex.o
       650         42          0          0          0       3266   stm32h7xx_hal_dma.o
       592         50          0          0          0       3496   stm32h7xx_hal_gpio.o
      1866         72          0          0          0      15839   stm32h7xx_hal_i2c.o
       172          0          0          0          0       1967   stm32h7xx_hal_i2c_ex.o
       948         94          0          0          0       4451   stm32h7xx_hal_msp.o
        84          6          0          0          0        789   stm32h7xx_hal_pwr_ex.o
      2312         88          0          0          0       5858   stm32h7xx_hal_rcc.o
      4466        172          0          0          0      10351   stm32h7xx_hal_rcc_ex.o
      3870        336          0          0          0      25413   stm32h7xx_hal_tim.o
       170         30          0          0          0       3076   stm32h7xx_hal_tim_ex.o
       176         78          0          0          0      10233   stm32h7xx_it.o
       180          0          0          0          0       7271   stm32h7xx_ll_gpio.o
      1396        180         16          0          0      58947   stm32h7xx_ll_rcc.o
       280         48         48          0          0      27268   stm32h7xx_ll_usart.o
       220         40         16          8          0       1378   system_stm32h7xx.o
       154          0          0          0          9      27132   uart_api.o

    ----------------------------------------------------------------------
     30750       2720        952        332       4628    1859655   Object Totals
         0          0         32          0          0          0   (incl. Generated)
        48          0          4          1          7          0   (incl. Padding)

    ----------------------------------------------------------------------

      Code (inc. data)   RO Data    RW Data    ZI Data      Debug   Library Member Name

       116         60          0          0          0        696   dunder.o
       616        130         88          0          0        260   exp.o
        24          0          0          0          0        124   fabs.o
        48          0          0          0          0        124   fpclassify.o
       112          0          0          0          0        116   poly.o
      2296        304        136          0          0        320   pow.o
         0          0          8          0          0          0   qnan.o
       784        138        200          0          0        172   rred.o
       208          0          0          0          0        280   sqrt.o
       128         20          0          0          0        144   tan.o
       520         86         96          0          0        196   tan_i.o
        86          0          0          0          0          0   __dczerorl2.o
         0          0          0          0          0          0   entry.o
         0          0          0          0          0          0   entry10a.o
         0          0          0          0          0          0   entry11a.o
         8          4          0          0          0          0   entry2.o
         4          0          0          0          0          0   entry5.o
         0          0          0          0          0          0   entry7b.o
         0          0          0          0          0          0   entry8b.o
         8          4          0          0          0          0   entry9a.o
        12          6          0          4          0         68   errno.o
        30          0          0          0          0          0   handlers.o
        36          8          0          0          0         68   init.o
         0          0          0          0          0          0   iusefp.o
        30          0          0          0          0         68   llshl.o
        36          0          0          0          0         68   llsshr.o
        32          0          0          0          0         68   llushr.o
       188         20          0          0          0        160   malloc.o
        36          0          0          0          0         68   memcpya.o
        36          0          0          0          0        108   memseta.o
         0          0          0          8          0          0   mvars.o
      2258         90          0          0          0        452   printfa.o
         8          0          0          0          0         68   siabs.o
         0          0          0          4          0          0   stdout.o
        44          0          0          0          0         80   uidiv.o
        98          0          0          0          0         92   uldiv.o
        48          0          0          0          0         68   cdrcmple.o
       334          0          0          0          0        148   dadd.o
       222          0          0          0          0        100   ddiv.o
       186          0          0          0          0        176   depilogue.o
        48          0          0          0          0         68   dfixul.o
       228          0          0          0          0         96   dmul.o
        46          0          0          0          0         80   dscalb.o

    ----------------------------------------------------------------------
      8930        870        528         16          0       4536   Library Totals
        16          0          0          0          0          0   (incl. Padding)

    ----------------------------------------------------------------------

      Code (inc. data)   RO Data    RW Data    ZI Data      Debug   Library Name

      4852        738        528          0          0       2432   m_wv.l
      2950        132          0         16          0       1368   mc_w.l
      1112          0          0          0          0        736   mf_w.l

    ----------------------------------------------------------------------
      8930        870        528         16          0       4536   Library Totals

    ----------------------------------------------------------------------

==============================================================================


      Code (inc. data)   RO Data    RW Data    ZI Data      Debug   

     39680       3590       1480        348       4628    1841235   Grand Totals
     39680       3590       1480         60       4628    1841235   ELF Image Totals (compressed)
     39680       3590       1480         60          0          0   ROM Totals

==============================================================================

    Total RO  Size (Code + RO Data)                41160 (  40.20kB)
    Total RW  Size (RW Data + ZI Data)              4976 (   4.86kB)
    Total ROM Size (Code + RO Data + RW Data)      41220 (  40.25kB)

==============================================================================

