Component: ARM Compiler 5.06 update 4 (build 422) Tool: armlink [4d35d2]

==============================================================================

Section Cross References

    startup_stm32h743xx.o(RESET) refers to startup_stm32h743xx.o(STACK) for __initial_sp
    startup_stm32h743xx.o(RESET) refers to startup_stm32h743xx.o(.text) for Reset_Handler
    startup_stm32h743xx.o(RESET) refers to stm32h7xx_it.o(i.NMI_Handler) for NMI_Handler
    startup_stm32h743xx.o(RESET) refers to stm32h7xx_it.o(i.HardFault_Handler) for HardFault_Handler
    startup_stm32h743xx.o(RESET) refers to stm32h7xx_it.o(i.MemManage_Handler) for MemManage_Handler
    startup_stm32h743xx.o(RESET) refers to stm32h7xx_it.o(i.BusFault_Handler) for BusFault_Handler
    startup_stm32h743xx.o(RESET) refers to stm32h7xx_it.o(i.UsageFault_Handler) for UsageFault_Handler
    startup_stm32h743xx.o(RESET) refers to stm32h7xx_it.o(i.SVC_Handler) for SVC_Handler
    startup_stm32h743xx.o(RESET) refers to stm32h7xx_it.o(i.DebugMon_Handler) for DebugMon_Handler
    startup_stm32h743xx.o(RESET) refers to stm32h7xx_it.o(i.PendSV_Handler) for PendSV_Handler
    startup_stm32h743xx.o(RESET) refers to stm32h7xx_it.o(i.SysTick_Handler) for SysTick_Handler
    startup_stm32h743xx.o(RESET) refers to stm32h7xx_it.o(i.TIM2_IRQHandler) for TIM2_IRQHandler
    startup_stm32h743xx.o(RESET) refers to stm32h7xx_it.o(i.TIM3_IRQHandler) for TIM3_IRQHandler
    startup_stm32h743xx.o(RESET) refers to stm32h7xx_it.o(i.TIM4_IRQHandler) for TIM4_IRQHandler
    startup_stm32h743xx.o(RESET) refers to stm32h7xx_it.o(i.I2C1_EV_IRQHandler) for I2C1_EV_IRQHandler
    startup_stm32h743xx.o(RESET) refers to stm32h7xx_it.o(i.I2C1_ER_IRQHandler) for I2C1_ER_IRQHandler
    startup_stm32h743xx.o(RESET) refers to stm32h7xx_it.o(i.USART1_IRQHandler) for USART1_IRQHandler
    startup_stm32h743xx.o(RESET) refers to stm32h7xx_it.o(i.USART2_IRQHandler) for USART2_IRQHandler
    startup_stm32h743xx.o(RESET) refers to stm32h7xx_it.o(i.USART3_IRQHandler) for USART3_IRQHandler
    startup_stm32h743xx.o(RESET) refers to stm32h7xx_it.o(i.TIM8_BRK_TIM12_IRQHandler) for TIM8_BRK_TIM12_IRQHandler
    startup_stm32h743xx.o(RESET) refers to stm32h7xx_it.o(i.TIM8_UP_TIM13_IRQHandler) for TIM8_UP_TIM13_IRQHandler
    startup_stm32h743xx.o(RESET) refers to stm32h7xx_it.o(i.TIM5_IRQHandler) for TIM5_IRQHandler
    startup_stm32h743xx.o(RESET) refers to stm32h7xx_it.o(i.UART5_IRQHandler) for UART5_IRQHandler
    startup_stm32h743xx.o(RESET) refers to stm32h7xx_it.o(i.TIM15_IRQHandler) for TIM15_IRQHandler
    startup_stm32h743xx.o(.text) refers to system_stm32h7xx.o(i.SystemInit) for SystemInit
    startup_stm32h743xx.o(.text) refers to entry.o(.ARM.Collect$$$$00000000) for __main
    beep.o(i.BEEP_OFF) refers to stm32h7xx_hal_gpio.o(i.HAL_GPIO_WritePin) for HAL_GPIO_WritePin
    beep.o(i.BEEP_ON) refers to stm32h7xx_hal_gpio.o(i.HAL_GPIO_WritePin) for HAL_GPIO_WritePin
    encodeddecoder.o(i.encodeDecode_Analysis) refers to encodeddecoder.o(.bss) for .bss
    key.o(i.GetKey_NUM) refers to key.o(i.KeyScanning) for KeyScanning
    key.o(i.GetKey_NUM) refers to led.o(i.LED2_Flash) for LED2_Flash
    key.o(i.GetKey_NUM) refers to beep.o(i.BEEP_ON) for BEEP_ON
    key.o(i.KeyScanning) refers to stm32h7xx_hal_gpio.o(i.HAL_GPIO_ReadPin) for HAL_GPIO_ReadPin
    key.o(i.KeyScanning) refers to stm32h7xx_hal.o(i.HAL_Delay) for HAL_Delay
    key.o(i.KeyScanning) refers to printfa.o(i.__0printf) for __2printf
    key.o(i.KeyScanning) refers to key.o(.data) for .data
    led.o(i.LED1_Flash) refers to stm32h7xx_hal_gpio.o(i.HAL_GPIO_TogglePin) for HAL_GPIO_TogglePin
    led.o(i.LED1_Slow_Flash) refers to stm32h7xx_hal_gpio.o(i.HAL_GPIO_WritePin) for HAL_GPIO_WritePin
    led.o(i.LED1_Slow_Flash) refers to stm32h7xx_hal.o(i.HAL_Delay) for HAL_Delay
    led.o(i.LED2_Flash) refers to stm32h7xx_hal_gpio.o(i.HAL_GPIO_TogglePin) for HAL_GPIO_TogglePin
    led.o(i.LED2_Slow_Flash) refers to stm32h7xx_hal_gpio.o(i.HAL_GPIO_WritePin) for HAL_GPIO_WritePin
    led.o(i.LED2_Slow_Flash) refers to stm32h7xx_hal.o(i.HAL_Delay) for HAL_Delay
    led.o(i.LED3_Flash) refers to stm32h7xx_hal_gpio.o(i.HAL_GPIO_TogglePin) for HAL_GPIO_TogglePin
    led.o(i.LED3_Slow_Flash) refers to stm32h7xx_hal_gpio.o(i.HAL_GPIO_WritePin) for HAL_GPIO_WritePin
    led.o(i.LED3_Slow_Flash) refers to stm32h7xx_hal.o(i.HAL_Delay) for HAL_Delay
    led.o(i.LED_B_Flash) refers to led.o(i.LED1_Flash) for LED1_Flash
    led.o(i.LED_B_Off) refers to stm32h7xx_hal_gpio.o(i.HAL_GPIO_WritePin) for HAL_GPIO_WritePin
    led.o(i.LED_G_Flash) refers to led.o(i.LED2_Flash) for LED2_Flash
    led.o(i.LED_G_Off) refers to stm32h7xx_hal_gpio.o(i.HAL_GPIO_WritePin) for HAL_GPIO_WritePin
    led.o(i.LED_R_Flash) refers to led.o(i.LED3_Flash) for LED3_Flash
    led.o(i.LED_R_Off) refers to stm32h7xx_hal_gpio.o(i.HAL_GPIO_WritePin) for HAL_GPIO_WritePin
    uart_api.o(i.Send_cxof_buf) refers to uart_api.o(i.BSP_USART_SendArray_LL) for BSP_USART_SendArray_LL
[...]
    i._printf_pre_padding                    0x08008210   Section        0  printfa.o(i._printf_pre_padding)
    _printf_pre_padding                      0x08008211   Thumb Code    46  printfa.o(i._printf_pre_padding)
    i.calculate_cxof                         0x08008240   Section        0  matrix.o(i.calculate_cxof)
    i.calculate_location                     0x08008284   Section        0  matrix.o(i.calculate_location)
    i.creat_matrix                           0x08008380   Section        0  matrix.o(i.creat_matrix)
    i.delete_matrix                          0x080083e4   Section        0  matrix.o(i.delete_matrix)
    i.encodeDecode_Analysis                  0x08008408   Section        0  encodeddecoder.o(i.encodeDecode_Analysis)
    i.encodeDecode_UWBpacket                 0x0800847c   Section        0  encodeddecoder.o(i.encodeDecode_UWBpacket)
    i.fabs                                   0x080084be   Section        0  fabs.o(i.fabs)
    i.fputc                                  0x080084d8   Section        0  main.o(i.fputc)
    i.free                                   0x080084ec   Section        0  malloc.o(i.free)
    i.main                                   0x0800853c   Section        0  main.o(i.main)
    i.malloc                                 0x08008a68   Section        0  malloc.o(i.malloc)
    i.matrix_T                               0x08008ad4   Section        0  matrix.o(i.matrix_T)
    i.matrix_inv3_3                          0x08008b38   Section        0  matrix.o(i.matrix_inv3_3)
    i.multiply_matrix                        0x08008cf4   Section        0  matrix.o(i.multiply_matrix)
    i.print_matrix                           0x08008d88   Section        0  matrix.o(i.print_matrix)
    .constdata                               0x08008de8   Section       36  matrix.o(.constdata)
    .constdata                               0x08008e0c   Section       16  stm32h7xx_ll_rcc.o(.constdata)
    .constdata                               0x08008e1c   Section       48  stm32h7xx_ll_usart.o(.constdata)
    USART_PRESCALER_TAB                      0x08008e1c   Data          48  stm32h7xx_ll_usart.o(.constdata)
    .constdata                               0x08008e4c   Section       16  system_stm32h7xx.o(.constdata)
    .constdata                               0x08008e60   Section      200  rred.o(.constdata)
    pio2s                                    0x08008e60   Data          48  rred.o(.constdata)
    twooverpi                                0x08008e90   Data         152  rred.o(.constdata)
    .constdata                               0x08008f28   Section       96  tan_i.o(.constdata)
    Todd                                     0x08008f28   Data          48  tan_i.o(.constdata)
    Teven                                    0x08008f58   Data          48  tan_i.o(.constdata)
    .conststring                             0x08008f88   Section      136  main.o(.conststring)
    .data                                    0x24000000   Section       64  flycontrol.o(.data)
    basic_value                              0x24000038   Data           4  flycontrol.o(.data)
    PID_Control_param                        0x2400003c   Data           4  flycontrol.o(.data)
    .data                                    0x24000040   Section        4  flycontrol.o(.data)
    .data                                    0x24000044   Section        4  flycontrol.o(.data)
    .data                                    0x24000048   Section        8  matrix.o(.data)
    pre_location                             0x24000048   Data           8  matrix.o(.data)
    .data                                    0x24000050   Section      215  main.o(.data)
    uart5_cnt                                0x24000059   Data           1  main.o(.data)
    uwb_id                                   0x2400005a   Data           1  main.o(.data)
    usart3_index                             0x2400005b   Data           1  main.o(.data)
    tim13_1ms                                0x24000064   Data           2  main.o(.data)
    tim15_1ms                                0x24000066   Data           2  main.o(.data)
    tim12_1ms                                0x24000068   Data           2  main.o(.data)
    s_dat                                    0x2400006a   Data           2  main.o(.data)
    Recv_Cnt_UART2                           0x240000fc   Data           4  main.o(.data)
    UART2_Frame_Flag                         0x24000100   Data           4  main.o(.data)
    .data                                    0x24000128   Section       12  stm32h7xx_hal.o(.data)
    .data                                    0x24000134   Section        8  system_stm32h7xx.o(.data)
    .data                                    0x2400013c   Section        4  stdout.o(.data)
    .data                                    0x24000140   Section        4  mvars.o(.data)
    .data                                    0x24000144   Section        4  mvars.o(.data)
    .data                                    0x24000148   Section        4  errno.o(.data)
    _errno                                   0x24000148   Data           4  errno.o(.data)
    .bss                                     0x2400014c   Section       24  encodeddecoder.o(.bss)
    .bss                                     0x24000164   Section        9  uart_api.o(.bss)
    .bss                                     0x24000170   Section      128  flycontrol.o(.bss)
    .bss                                     0x240001f0   Section     2312  main.o(.bss)
    m_mavlink_status                         0x2400025c   Data          48  main.o(.bss)
    rebuf                                    0x2400028c   Data          20  main.o(.bss)
    HEAP                                     0x24000af8   Section      512  startup_stm32h743xx.o(HEAP)
    STACK                                    0x24000cf8   Section     1024  startup_stm32h743xx.o(STACK)

    Global Symbols

    Symbol Name                              Value     Ov Type        Size  Object(Section)

    BuildAttributes$$THM_ISAv4$E$P$D$K$B$S$7EM$VFPv5_D16$PE$PLD8$A:L22UL41UL21$X:L11$S22US41US21$IEEE1$IW$USESV6$~STKCKD$USESV7$~SHL$OTIME$ROPI$IEEEX$EBA8$MICROLIB$REQ8$PRES8$EABIv2 0x00000000   Number         0  anon$$obj.o ABSOLUTE
    __ARM_use_no_argv                        0x00000000   Number         0  main.o ABSOLUTE
    _printf_a                                0x00000000   Number         0  stubs.o ABSOLUTE
    _printf_c                                0x00000000   Number         0  stubs.o ABSOLUTE
    _printf_charcount                        0x00000000   Number         0  stubs.o ABSOLUTE
    _printf_d                                0x00000000   Number         0  stubs.o ABSOLUTE
    _printf_e                                0x00000000   Number         0  stubs.o ABSOLUTE
    _printf_f                                0x00000000   Number         0  stubs.o ABSOLUTE
    _printf_flags                            0x00000000   Number         0  stubs.o ABSOLUTE
    _printf_fp_dec                           0x00000000   Number         0  stubs.o ABSOLUTE
    _printf_fp_hex                           0x00000000   Number         0  stubs.o ABSOLUTE
    _printf_g                                0x00000000   Number         0  stubs.o ABSOLUTE
    _printf_i                                0x00000000   Number         0  stubs.o ABSOLUTE
    _printf_int_dec                          0x00000000   Number         0  stubs.o ABSOLUTE
    _printf_l                                0x00000000   Number         0  stubs.o ABSOLUTE
    _printf_lc                               0x00000000   Number         0  stubs.o ABSOLUTE
    _printf_ll                               0x00000000   Number         0  stubs.o ABSOLUTE
    _printf_lld                              0x00000000   Number         0  stubs.o ABSOLUTE
    _printf_lli                              0x00000000   Number         0  stubs.o ABSOLUTE
    _printf_llo                              0x00000000   Number         0  stubs.o ABSOLUTE
    _printf_llu                              0x00000000   Number         0  stubs.o ABSOLUTE
    _printf_llx                              0x00000000   Number         0  stubs.o ABSOLUTE
    _printf_longlong_dec                     0x00000000   Number         0  stubs.o ABSOLUTE
    _printf_longlong_hex                     0x00000000   Number         0  stubs.o ABSOLUTE
    _printf_longlong_oct                     0x00000000   Number         0  stubs.o ABSOLUTE
    _printf_ls                               0x00000000   Number         0  stubs.o ABSOLUTE
    _printf_mbtowc                           0x00000000   Number         0  stubs.o ABSOLUTE
    _printf_n                                0x00000000   Number         0  stubs.o ABSOLUTE
    _printf_o                                0x00000000   Number         0  stubs.o ABSOLUTE
    _printf_p                                0x00000000   Number         0  stubs.o ABSOLUTE
    _printf_percent                          0x00000000   Number         0  stubs.o ABSOLUTE
    _printf_pre_padding                      0x00000000   Number         0  stubs.o ABSOLUTE
    _printf_return_value                     0x00000000   Number         0  stubs.o ABSOLUTE
    _printf_s                                0x00000000   Number         0  stubs.o ABSOLUTE
    _printf_sizespec                         0x00000000   Number         0  stubs.o ABSOLUTE
    _printf_str                              0x00000000   Number         0  stubs.o ABSOLUTE
    _printf_truncate_signed                  0x00000000   Number         0  stubs.o ABSOLUTE
    _printf_truncate_unsigned                0x00000000   Number         0  stubs.o ABSOLUTE
    _printf_u                                0x00000000   Number         0  stubs.o ABSOLUTE
    _printf_wc                               0x00000000   Number         0  stubs.o ABSOLUTE
    _printf_wctomb                           0x00000000   Number         0  stubs.o ABSOLUTE
    _printf_widthprec                        0x00000000   Number         0  stubs.o ABSOLUTE
    _printf_x                                0x00000000   Number         0  stubs.o ABSOLUTE
    __cpp_initialize__aeabi_                  - Undefined Weak Reference
    __cxa_finalize                            - Undefined Weak Reference
    _clock_init                               - Undefined Weak Reference
    _microlib_exit                            - Undefined Weak Reference
    __Vectors_Size                           0x00000298   Number         0  startup_stm32h743xx.o ABSOLUTE
    __Vectors                                0x08000000   Data           4  startup_stm32h743xx.o(RESET)
    __Vectors_End                            0x08000298   Data           0  startup_stm32h743xx.o(RESET)
    __main                                   0x08000299   Thumb Code     0  entry.o(.ARM.Collect$$$$00000000)
    _main_stk                                0x08000299   Thumb Code     0  entry2.o(.ARM.Collect$$$$00000001)
    _main_scatterload                        0x0800029d   Thumb Code     0  entry5.o(.ARM.Collect$$$$00000004)
    __main_after_scatterload                 0x080002a1   Thumb Code     0  entry5.o(.ARM.Collect$$$$00000004)
    _main_clock                              0x080002a1   Thumb Code     0  entry7b.o(.ARM.Collect$$$$00000008)
    _main_cpp_init                           0x080002a1   Thumb Code     0  entry8b.o(.ARM.Collect$$$$0000000A)
    _main_init                               0x080002a1   Thumb Code     0  entry9a.o(.ARM.Collect$$$$0000000B)
    __rt_final_cpp                           0x080002a9   Thumb Code     0  entry10a.o(.ARM.Collect$$$$0000000D)
    __rt_final_exit                          0x080002a9   Thumb Code     0  entry11a.o(.ARM.Collect$$$$0000000F)
    Reset_Handler                            0x080002ad   Thumb Code     8  startup_stm32h743xx.o(.text)
    ADC3_IRQHandler                          0x080002c7   Thumb Code     0  startup_stm32h743xx.o(.text)
    ADC_IRQHandler                           0x080002c7   Thumb Code     0  startup_stm32h743xx.o(.text)
    BDMA_Channel0_IRQHandler                 0x080002c7   Thumb Code     0  startup_stm32h743xx.o(.text)
    BDMA_Channel1_IRQHandler                 0x080002c7   Thumb Code     0  startup_stm32h743xx.o(.text)
    BDMA_Channel2_IRQHandler                 0x080002c7   Thumb Code     0  startup_stm32h743xx.o(.text)
    BDMA_Channel3_IRQHandler                 0x080002c7   Thumb Code     0  startup_stm32h743xx.o(.text)
    BDMA_Channel4_IRQHandler                 0x080002c7   Thumb Code     0  startup_stm32h743xx.o(.text)
    BDMA_Channel5_IRQHandler                 0x080002c7   Thumb Code     0  startup_stm32h743xx.o(.text)
    BDMA_Channel6_IRQHandler                 0x080002c7   Thumb Code     0  startup_stm32h743xx.o(.text)
    BDMA_Channel7_IRQHandler                 0x080002c7   Thumb Code     0  startup_stm32h743xx.o(.text)
    CEC_IRQHandler                           0x080002c7   Thumb Code     0  startup_stm32h743xx.o(.text)
    COMP1_IRQHandler                         0x080002c7   Thumb Code     0  startup_stm32h743xx.o(.text)
    CRS_IRQHandler                           0x080002c7   Thumb Code     0  startup_stm32h743xx.o(.text)
    DCMI_IRQHandler                          0x080002c7   Thumb Code     0  startup_stm32h743xx.o(.text)
    DFSDM1_FLT0_IRQHandler                   0x080002c7   Thumb Code     0  startup_stm32h743xx.o(.text)
    DFSDM1_FLT1_IRQHandler                   0x080002c7   Thumb Code     0  startup_stm32h743xx.o(.text)
    DFSDM1_FLT2_IRQHandler                   0x080002c7   Thumb Code     0  startup_stm32h743xx.o(.text)
    DFSDM1_FLT3_IRQHandler                   0x080002c7   Thumb Code     0  startup_stm32h743xx.o(.text)
    DMA1_Stream0_IRQHandler                  0x080002c7   Thumb Code     0  startup_stm32h743xx.o(.text)
    DMA1_Stream1_IRQHandler                  0x080002c7   Thumb Code     0  startup_stm32h743xx.o(.text)
    DMA1_Stream2_IRQHandler                  0x080002c7   Thumb Code     0  startup_stm32h743xx.o(.text)
    DMA1_Stream3_IRQHandler                  0x080002c7   Thumb Code     0  startup_stm32h743xx.o(.text)
    DMA1_Stream4_IRQHandler                  0x080002c7   Thumb Code     0  startup_stm32h743xx.o(.text)
    DMA1_Stream5_IRQHandler                  0x080002c7   Thumb Code     0  startup_stm32h743xx.o(.text)
    DMA1_Stream6_IRQHandler                  0x080002c7   Thumb Code     0  startup_stm32h743xx.o(.text)
    DMA1_Stream7_IRQHandler                  0x080002c7   Thumb Code     0  startup_stm32h743xx.o(.text)
    DMA2D_IRQHandler                         0x080002c7   Thumb Code     0  startup_stm32h743xx.o(.text)
    DMA2_Stream0_IRQHandler                  0x080002c7   Thumb Code     0  startup_stm32h743xx.o(.text)
    DMA2_Stream1_IRQHandler                  0x080002c7   Thumb Code     0  startup_stm32h743xx.o(.text)
    DMA2_Stream2_IRQHandler                  0x080002c7   Thumb Code     0  startup_stm32h743xx.o(.text)
    DMA2_Stream3_IRQHandler                  0x080002c7   Thumb Code     0  startup_stm32h743xx.o(.text)
    DMA2_Stream4_IRQHandler                  0x080002c7   Thumb Code     0  startup_stm32h743xx.o(.text)
    DMA2_Stream5_IRQHandler                  0x080002c7   Thumb Code     0  startup_stm32h743xx.o(.text)
    DMA2_Stream6_IRQHandler                  0x080002c7   Thumb Code     0  startup_stm32h743xx.o(.text)
    DMA2_Stream7_IRQHandler                  0x080002c7   Thumb Code     0  startup_stm32h743xx.o(.text)
    DMAMUX1_OVR_IRQHandler                   0x080002c7   Thumb Code     0  startup_stm32h743xx.o(.text)
    DMAMUX2_OVR_IRQHandler                   0x080002c7   Thumb Code     0  startup_stm32h743xx.o(.text)
    ECC_IRQHandler                           0x080002c7   Thumb Code     0  startup_stm32h743xx.o(.text)
    ETH_IRQHandler                           0x080002c7   Thumb Code     0  startup_stm32h743xx.o(.text)
    ETH_WKUP_IRQHandler                      0x080002c7   Thumb Code     0  startup_stm32h743xx.o(.text)
    EXTI0_IRQHandler                         0x080002c7   Thumb Code     0  startup_stm32h743xx.o(.text)
    EXTI15_10_IRQHandler                     0x080002c7   Thumb Code     0  startup_stm32h743xx.o(.text)
    EXTI1_IRQHandler                         0x080002c7   Thumb Code     0  startup_stm32h743xx.o(.text)
    EXTI2_IRQHandler                         0x080002c7   Thumb Code     0  startup_stm32h743xx.o(.text)
    EXTI3_IRQHandler                         0x080002c7   Thumb Code     0  startup_stm32h743xx.o(.text)
    EXTI4_IRQHandler                         0x080002c7   Thumb Code     0  startup_stm32h743xx.o(.text)
    EXTI9_5_IRQHandler                       0x080002c7   Thumb Code     0  startup_stm32h743xx.o(.text)
    FDCAN1_IT0_IRQHandler                    0x080002c7   Thumb Code     0  startup_stm32h743xx.o(.text)
    FDCAN1_IT1_IRQHandler                    0x080002c7   Thumb Code     0  startup_stm32h743xx.o(.text)
    FDCAN2_IT0_IRQHandler                    0x080002c7   Thumb Code     0  startup_stm32h743xx.o(.text)
    FDCAN2_IT1_IRQHandler                    0x080002c7   Thumb Code     0  startup_stm32h743xx.o(.text)
    FDCAN_CAL_IRQHandler                     0x080002c7   Thumb Code     0  startup_stm32h743xx.o(.text)
    FLASH_IRQHandler                         0x080002c7   Thumb Code     0  startup_stm32h743xx.o(.text)
    FMC_IRQHandler                           0x080002c7   Thumb Code     0  startup_stm32h743xx.o(.text)
    FPU_IRQHandler                           0x080002c7   Thumb Code     0  startup_stm32h743xx.o(.text)
    HRTIM1_FLT_IRQHandler                    0x080002c7   Thumb Code     0  startup_stm32h743xx.o(.text)
    HRTIM1_Master_IRQHandler                 0x080002c7   Thumb Code     0  startup_stm32h743xx.o(.text)
    HRTIM1_TIMA_IRQHandler                   0x080002c7   Thumb Code     0  startup_stm32h743xx.o(.text)
    HRTIM1_TIMB_IRQHandler                   0x080002c7   Thumb Code     0  startup_stm32h743xx.o(.text)
    HRTIM1_TIMC_IRQHandler                   0x080002c7   Thumb Code     0  startup_stm32h743xx.o(.text)
    HRTIM1_TIMD_IRQHandler                   0x080002c7   Thumb Code     0  startup_stm32h743xx.o(.text)
    HRTIM1_TIME_IRQHandler                   0x080002c7   Thumb Code     0  startup_stm32h743xx.o(.text)
    HSEM1_IRQHandler                         0x080002c7   Thumb Code     0  startup_stm32h743xx.o(.text)
    I2C2_ER_IRQHandler                       0x080002c7   Thumb Code     0  startup_stm32h743xx.o(.text)
    I2C2_EV_IRQHandler                       0x080002c7   Thumb Code     0  startup_stm32h743xx.o(.text)
    I2C3_ER_IRQHandler                       0x080002c7   Thumb Code     0  startup_stm32h743xx.o(.text)
    I2C3_EV_IRQHandler                       0x080002c7   Thumb Code     0  startup_stm32h743xx.o(.text)
    I2C4_ER_IRQHandler                       0x080002c7   Thumb Code     0  startup_stm32h743xx.o(.text)
    I2C4_EV_IRQHandler                       0x080002c7   Thumb Code     0  startup_stm32h743xx.o(.text)
    JPEG_IRQHandler                          0x080002c7   Thumb Code     0  startup_stm32h743xx.o(.text)
    LPTIM1_IRQHandler                        0x080002c7   Thumb Code     0  startup_stm32h743xx.o(.text)
    LPTIM2_IRQHandler                        0x080002c7   Thumb Code     0  startup_stm32h743xx.o(.text)
    LPTIM3_IRQHandler                        0x080002c7   Thumb Code     0  startup_stm32h743xx.o(.text)
    LPTIM4_IRQHandler                        0x080002c7   Thumb Code     0  startup_stm32h743xx.o(.text)
    LPTIM5_IRQHandler                        0x080002c7   Thumb Code     0  startup_stm32h743xx.o(.text)
    LPUART1_IRQHandler                       0x080002c7   Thumb Code     0  startup_stm32h743xx.o(.text)
    LTDC_ER_IRQHandler                       0x080002c7   Thumb Code     0  startup_stm32h743xx.o(.text)
    LTDC_IRQHandler                          0x080002c7   Thumb Code     0  startup_stm32h743xx.o(.text)
    MDIOS_IRQHandler                         0x080002c7   Thumb Code     0  startup_stm32h743xx.o(.text)
    MDIOS_WKUP_IRQHandler                    0x080002c7   Thumb Code     0  startup_stm32h743xx.o(.text)
    MDMA_IRQHandler                          0x080002c7   Thumb Code     0  startup_stm32h743xx.o(.text)
    OTG_FS_EP1_IN_IRQHandler                 0x080002c7   Thumb Code     0  startup_stm32h743xx.o(.text)
    OTG_FS_EP1_OUT_IRQHandler                0x080002c7   Thumb Code     0  startup_stm32h743xx.o(.text)
    OTG_FS_IRQHandler                        0x080002c7   Thumb Code     0  startup_stm32h743xx.o(.text)
    OTG_FS_WKUP_IRQHandler                   0x080002c7   Thumb Code     0  startup_stm32h743xx.o(.text)
    OTG_HS_EP1_IN_IRQHandler                 0x080002c7   Thumb Code     0  startup_stm32h743xx.o(.text)
    OTG_HS_EP1_OUT_IRQHandler                0x080002c7   Thumb Code     0  startup_stm32h743xx.o(.text)
    OTG_HS_IRQHandler                        0x080002c7   Thumb Code     0  startup_stm32h743xx.o(.text)
    OTG_HS_WKUP_IRQHandler                   0x080002c7   Thumb Code     0  startup_stm32h743xx.o(.text)
    PVD_AVD_IRQHandler                       0x080002c7   Thumb Code     0  startup_stm32h743xx.o(.text)
    QUADSPI_IRQHandler                       0x080002c7   Thumb Code     0  startup_stm32h743xx.o(.text)
    RCC_IRQHandler                           0x080002c7   Thumb Code     0  startup_stm32h743xx.o(.text)
    RNG_IRQHandler                           0x080002c7   Thumb Code     0  startup_stm32h743xx.o(.text)
    RTC_Alarm_IRQHandler                     0x080002c7   Thumb Code     0  startup_stm32h743xx.o(.text)
    RTC_WKUP_IRQHandler                      0x080002c7   Thumb Code     0  startup_stm32h743xx.o(.text)
    SAI1_IRQHandler                          0x080002c7   Thumb Code     0  startup_stm32h743xx.o(.text)
    SAI2_IRQHandler                          0x080002c7   Thumb Code     0  startup_stm32h743xx.o(.text)
    SAI3_IRQHandler                          0x080002c7   Thumb Code     0  startup_stm32h743xx.o(.text)
    SAI4_IRQHandler                          0x080002c7   Thumb Code     0  startup_stm32h743xx.o(.text)
    SDMMC1_IRQHandler                        0x080002c7   Thumb Code     0  startup_stm32h743xx.o(.text)
    SDMMC2_IRQHandler                        0x080002c7   Thumb Code     0  startup_stm32h743xx.o(.text)
    SPDIF_RX_IRQHandler                      0x080002c7   Thumb Code     0  startup_stm32h743xx.o(.text)
    SPI1_IRQHandler                          0x080002c7   Thumb Code     0  startup_stm32h743xx.o(.text)
    SPI2_IRQHandler                          0x080002c7   Thumb Code     0  startup_stm32h743xx.o(.text)
    SPI3_IRQHandler                          0x080002c7   Thumb Code     0  startup_stm32h743xx.o(.text)
    SPI4_IRQHandler                          0x080002c7   Thumb Code     0  startup_stm32h743xx.o(.text)
    SPI5_IRQHandler                          0x080002c7   Thumb Code     0  startup_stm32h743xx.o(.text)
    SPI6_IRQHandler                          0x080002c7   Thumb Code     0  startup_stm32h743xx.o(.text)
    SWPMI1_IRQHandler                        0x080002c7   Thumb Code     0  startup_stm32h743xx.o(.text)
    TAMP_STAMP_IRQHandler                    0x080002c7   Thumb Code     0  startup_stm32h743xx.o(.text)
    TIM16_IRQHandler                         0x080002c7   Thumb Code     0  startup_stm32h743xx.o(.text)
    TIM17_IRQHandler                         0x080002c7   Thumb Code     0  startup_stm32h743xx.o(.text)
    TIM1_BRK_IRQHandler                      0x080002c7   Thumb Code     0  startup_stm32h743xx.o(.text)
    TIM1_CC_IRQHandler                       0x080002c7   Thumb Code     0  startup_stm32h743xx.o(.text)
    TIM1_TRG_COM_IRQHandler                  0x080002c7   Thumb Code     0  startup_stm32h743xx.o(.text)
    TIM1_UP_IRQHandler                       0x080002c7   Thumb Code     0  startup_stm32h743xx.o(.text)
    TIM6_DAC_IRQHandler                      0x080002c7   Thumb Code     0  startup_stm32h743xx.o(.text)
    TIM7_IRQHandler                          0x080002c7   Thumb Code     0  startup_stm32h743xx.o(.text)
    TIM8_CC_IRQHandler                       0x080002c7   Thumb Code     0  startup_stm32h743xx.o(.text)
    TIM8_TRG_COM_TIM14_IRQHandler            0x080002c7   Thumb Code     0  startup_stm32h743xx.o(.text)
    UART4_IRQHandler                         0x080002c7   Thumb Code     0  startup_stm32h743xx.o(.text)
    UART7_IRQHandler                         0x080002c7   Thumb Code     0  startup_stm32h743xx.o(.text)
    UART8_IRQHandler                         0x080002c7   Thumb Code     0  startup_stm32h743xx.o(.text)
    USART6_IRQHandler                        0x080002c7   Thumb Code     0  startup_stm32h743xx.o(.text)
    WAKEUP_PIN_IRQHandler                    0x080002c7   Thumb Code     0  startup_stm32h743xx.o(.text)
    WWDG_IRQHandler                          0x080002c7   Thumb Code     0  startup_stm32h743xx.o(.text)
    __aeabi_memcpy                           0x080002d1   Thumb Code    36  memcpya.o(.text)
    __aeabi_memcpy4                          0x080002d1   Thumb Code     0  memcpya.o(.text)
    __aeabi_memcpy8                          0x080002d1   Thumb Code     0  memcpya.o(.text)
    __aeabi_memset                           0x080002f5   Thumb Code    14  memseta.o(.text)
    __aeabi_memset4                          0x080002f5   Thumb Code     0  memseta.o(.text)
    __aeabi_memset8                          0x080002f5   Thumb Code     0  memseta.o(.text)
    __aeabi_memclr                           0x08000303   Thumb Code     4  memseta.o(.text)
    __aeabi_memclr4                          0x08000303   Thumb Code     0  memseta.o(.text)
    __aeabi_memclr8                          0x08000303   Thumb Code     0  memseta.o(.text)
    _memset$wrapper                          0x08000307   Thumb Code    18  memseta.o(.text)
    __aeabi_uidiv                            0x08000319   Thumb Code     0  uidiv.o(.text)
    __aeabi_uidivmod                         0x08000319   Thumb Code    44  uidiv.o(.text)
    __aeabi_uldivmod                         0x08000345   Thumb Code    98  uldiv.o(.text)
    __I$use$fp                               0x080003a7   Thumb Code     0  iusefp.o(.text)
    __aeabi_dadd                             0x080003a7   Thumb Code   322  dadd.o(.text)
    __aeabi_dsub                             0x080004e9   Thumb Code     6  dadd.o(.text)
    __aeabi_drsub                            0x080004ef   Thumb Code     6  dadd.o(.text)
    __aeabi_dmul                             0x080004f5   Thumb Code   228  dmul.o(.text)
    __aeabi_ddiv                             0x080005d9   Thumb Code   222  ddiv.o(.text)
    __aeabi_d2ulz                            0x080006b7   Thumb Code    48  dfixul.o(.text)
    __aeabi_cdrcmple                         0x080006e9   Thumb Code    48  cdrcmple.o(.text)
    __scatterload                            0x08000719   Thumb Code    28  init.o(.text)
    __scatterload_rt2                        0x08000719   Thumb Code     0  init.o(.text)
    __aeabi_llsl                             0x0800073d   Thumb Code    30  llshl.o(.text)
    _ll_shift_l                              0x0800073d   Thumb Code     0  llshl.o(.text)
    __aeabi_llsr                             0x0800075b   Thumb Code    32  llushr.o(.text)
    _ll_ushift_r                             0x0800075b   Thumb Code     0  llushr.o(.text)
    __aeabi_lasr                             0x0800077b   Thumb Code    36  llsshr.o(.text)
    _ll_sshift_r                             0x0800077b   Thumb Code     0  llsshr.o(.text)
    _double_round                            0x0800079f   Thumb Code    30  depilogue.o(.text)
    _double_epilogue                         0x080007bd   Thumb Code   156  depilogue.o(.text)
    __decompress                             0x08000859   Thumb Code     0  __dczerorl2.o(.text)
    __decompress1                            0x08000859   Thumb Code    86  __dczerorl2.o(.text)
    ADC_ConfigureBoostMode                   0x080008b1   Thumb Code   234  stm32h7xx_hal_adc.o(i.ADC_ConfigureBoostMode)
    BEEP_OFF                                 0x080009b9   Thumb Code    10  beep.o(i.BEEP_OFF)
    BEEP_ON                                  0x080009c9   Thumb Code    10  beep.o(i.BEEP_ON)
    BSP_USART_SendArray_LL                   0x080009d9   Thumb Code    40  uart_api.o(i.BSP_USART_SendArray_LL)
    BSP_USART_SendData_LL                    0x08000a01   Thumb Code    24  uart_api.o(i.BSP_USART_SendData_LL)
    BSP_USART_StartIT_LL                     0x08000a19   Thumb Code    22  uart_api.o(i.BSP_USART_StartIT_LL)
    BusFault_Handler                         0x08000a2f   Thumb Code     2  stm32h7xx_it.o(i.BusFault_Handler)
    DebugMon_Handler                         0x08000a31   Thumb Code     2  stm32h7xx_it.o(i.DebugMon_Handler)
    Device_Init                              0x08000a35   Thumb Code   102  flycontrol.o(i.Device_Init)
    Error_Handler                            0x08000aa9   Thumb Code     4  main.o(i.Error_Handler)
    Get_UWB_distance                         0x08000aad   Thumb Code    60  main.o(i.Get_UWB_distance)
    HAL_ADCEx_MultiModeConfigChannel         0x08000af5   Thumb Code   274  stm32h7xx_hal_adc_ex.o(i.HAL_ADCEx_MultiModeConfigChannel)
    HAL_ADC_ConfigChannel                    0x08000c1d   Thumb Code   928  stm32h7xx_hal_adc.o(i.HAL_ADC_ConfigChannel)
    HAL_ADC_Init                             0x08000ff5   Thumb Code   498  stm32h7xx_hal_adc.o(i.HAL_ADC_Init)
    HAL_ADC_MspInit                          0x0800121d   Thumb Code   142  stm32h7xx_hal_msp.o(i.HAL_ADC_MspInit)
    HAL_DMA_Abort_IT                         0x080012bd   Thumb Code   602  stm32h7xx_hal_dma.o(i.HAL_DMA_Abort_IT)
    HAL_DMA_GetState                         0x08001541   Thumb Code     6  stm32h7xx_hal_dma.o(i.HAL_DMA_GetState)
    HAL_Delay                                0x08001549   Thumb Code    32  stm32h7xx_hal.o(i.HAL_Delay)
    HAL_GPIO_Init                            0x0800156d   Thumb Code   506  stm32h7xx_hal_gpio.o(i.HAL_GPIO_Init)
    HAL_GPIO_ReadPin                         0x08001799   Thumb Code    10  stm32h7xx_hal_gpio.o(i.HAL_GPIO_ReadPin)
    HAL_GPIO_TogglePin                       0x080017a3   Thumb Code    16  stm32h7xx_hal_gpio.o(i.HAL_GPIO_TogglePin)
    HAL_GPIO_WritePin                        0x080017b3   Thumb Code    10  stm32h7xx_hal_gpio.o(i.HAL_GPIO_WritePin)
    HAL_GetREVID                             0x080017bd   Thumb Code     8  stm32h7xx_hal.o(i.HAL_GetREVID)
    HAL_GetTick                              0x080017c9   Thumb Code     6  stm32h7xx_hal.o(i.HAL_GetTick)
    HAL_I2CEx_ConfigAnalogFilter             0x080017d5   Thumb Code    88  stm32h7xx_hal_i2c_ex.o(i.HAL_I2CEx_ConfigAnalogFilter)
    HAL_I2CEx_ConfigDigitalFilter            0x0800182d   Thumb Code    84  stm32h7xx_hal_i2c_ex.o(i.HAL_I2CEx_ConfigDigitalFilter)
    HAL_I2C_AbortCpltCallback                0x08001881   Thumb Code     2  stm32h7xx_hal_i2c.o(i.HAL_I2C_AbortCpltCallback)
    HAL_I2C_AddrCallback                     0x08001883   Thumb Code     2  stm32h7xx_hal_i2c.o(i.HAL_I2C_AddrCallback)
    HAL_I2C_ER_IRQHandler                    0x08001885   Thumb Code   104  stm32h7xx_hal_i2c.o(i.HAL_I2C_ER_IRQHandler)
    HAL_I2C_EV_IRQHandler                    0x080018ed   Thumb Code    16  stm32h7xx_hal_i2c.o(i.HAL_I2C_EV_IRQHandler)
    HAL_I2C_ErrorCallback                    0x080018fd   Thumb Code     2  stm32h7xx_hal_i2c.o(i.HAL_I2C_ErrorCallback)
    HAL_I2C_Init                             0x08001901   Thumb Code   180  stm32h7xx_hal_i2c.o(i.HAL_I2C_Init)
    HAL_I2C_ListenCpltCallback               0x080019b9   Thumb Code     2  stm32h7xx_hal_i2c.o(i.HAL_I2C_ListenCpltCallback)
    HAL_I2C_MspInit                          0x080019bd   Thumb Code   150  stm32h7xx_hal_msp.o(i.HAL_I2C_MspInit)
    HAL_I2C_SlaveRxCpltCallback              0x08001a61   Thumb Code     2  stm32h7xx_hal_i2c.o(i.HAL_I2C_SlaveRxCpltCallback)
    HAL_I2C_SlaveTxCpltCallback              0x08001a63   Thumb Code     2  stm32h7xx_hal_i2c.o(i.HAL_I2C_SlaveTxCpltCallback)
    HAL_IncTick                              0x08001a65   Thumb Code    12  stm32h7xx_hal.o(i.HAL_IncTick)
    HAL_Init                                 0x08001a75   Thumb Code    74  stm32h7xx_hal.o(i.HAL_Init)
    HAL_InitTick                             0x08001ad1   Thumb Code    56  stm32h7xx_hal.o(i.HAL_InitTick)
    HAL_MPU_ConfigRegion                     0x08001b11   Thumb Code    86  stm32h7xx_hal_cortex.o(i.HAL_MPU_ConfigRegion)
    HAL_MPU_Disable                          0x08001b6d   Thumb Code    24  stm32h7xx_hal_cortex.o(i.HAL_MPU_Disable)
    HAL_MPU_Enable                           0x08001b89   Thumb Code    30  stm32h7xx_hal_cortex.o(i.HAL_MPU_Enable)
    HAL_MspInit                              0x08001bad   Thumb Code    22  stm32h7xx_hal_msp.o(i.HAL_MspInit)
    HAL_NVIC_EnableIRQ                       0x08001bc9   Thumb Code    26  stm32h7xx_hal_cortex.o(i.HAL_NVIC_EnableIRQ)
    HAL_NVIC_SetPriority                     0x08001be5   Thumb Code    60  stm32h7xx_hal_cortex.o(i.HAL_NVIC_SetPriority)
    HAL_NVIC_SetPriorityGrouping             0x08001c25   Thumb Code    28  stm32h7xx_hal_cortex.o(i.HAL_NVIC_SetPriorityGrouping)
    HAL_PWREx_ConfigSupply                   0x08001c49   Thumb Code    78  stm32h7xx_hal_pwr_ex.o(i.HAL_PWREx_ConfigSupply)
    HAL_RCCEx_GetD3PCLK1Freq                 0x08001c9d   Thumb Code    26  stm32h7xx_hal_rcc_ex.o(i.HAL_RCCEx_GetD3PCLK1Freq)
    HAL_RCCEx_GetPLL1ClockFreq               0x08001cc1   Thumb Code   298  stm32h7xx_hal_rcc_ex.o(i.HAL_RCCEx_GetPLL1ClockFreq)
    HAL_RCCEx_GetPLL2ClockFreq               0x08001e09   Thumb Code   296  stm32h7xx_hal_rcc_ex.o(i.HAL_RCCEx_GetPLL2ClockFreq)
    HAL_RCCEx_GetPLL3ClockFreq               0x08001f4d   Thumb Code   296  stm32h7xx_hal_rcc_ex.o(i.HAL_RCCEx_GetPLL3ClockFreq)
    HAL_RCCEx_GetPeriphCLKFreq               0x08002091   Thumb Code   596  stm32h7xx_hal_rcc_ex.o(i.HAL_RCCEx_GetPeriphCLKFreq)
    HAL_RCCEx_PeriphCLKConfig                0x080022fd   Thumb Code  2258  stm32h7xx_hal_rcc_ex.o(i.HAL_RCCEx_PeriphCLKConfig)
    HAL_RCC_ClockConfig                      0x08002bd1   Thumb Code   580  stm32h7xx_hal_rcc.o(i.HAL_RCC_ClockConfig)
    HAL_RCC_GetHCLKFreq                      0x08002e2d   Thumb Code    52  stm32h7xx_hal_rcc.o(i.HAL_RCC_GetHCLKFreq)
    HAL_RCC_GetSysClockFreq                  0x08002e71   Thumb Code   278  stm32h7xx_hal_rcc.o(i.HAL_RCC_GetSysClockFreq)
    HAL_RCC_OscConfig                        0x08002fa9   Thumb Code  1322  stm32h7xx_hal_rcc.o(i.HAL_RCC_OscConfig)
    HAL_SYSCFG_AnalogSwitchConfig            0x080034d9   Thumb Code    12  stm32h7xx_hal.o(i.HAL_SYSCFG_AnalogSwitchConfig)
    HAL_SYSTICK_Config                       0x080034e9   Thumb Code    38  stm32h7xx_hal_cortex.o(i.HAL_SYSTICK_Config)
    HAL_TIMEx_Break2Callback                 0x0800350f   Thumb Code     2  stm32h7xx_hal_tim_ex.o(i.HAL_TIMEx_Break2Callback)
    HAL_TIMEx_BreakCallback                  0x08003511   Thumb Code     2  stm32h7xx_hal_tim_ex.o(i.HAL_TIMEx_BreakCallback)
    HAL_TIMEx_CommutCallback                 0x08003513   Thumb Code     2  stm32h7xx_hal_tim_ex.o(i.HAL_TIMEx_CommutCallback)
    HAL_TIMEx_MasterConfigSynchronization    0x08003515   Thumb Code   134  stm32h7xx_hal_tim_ex.o(i.HAL_TIMEx_MasterConfigSynchronization)
    HAL_TIM_Base_Init                        0x080035b9   Thumb Code    98  stm32h7xx_hal_tim.o(i.HAL_TIM_Base_Init)
    HAL_TIM_Base_MspInit                     0x0800361d   Thumb Code   428  stm32h7xx_hal_msp.o(i.HAL_TIM_Base_MspInit)
    HAL_TIM_Base_Start_IT                    0x080037ed   Thumb Code   106  stm32h7xx_hal_tim.o(i.HAL_TIM_Base_Start_IT)
    HAL_TIM_Base_Stop_IT                     0x08003879   Thumb Code    48  stm32h7xx_hal_tim.o(i.HAL_TIM_Base_Stop_IT)
    HAL_TIM_ConfigClockSource                0x080038a9   Thumb Code   248  stm32h7xx_hal_tim.o(i.HAL_TIM_ConfigClockSource)
    HAL_TIM_IC_CaptureCallback               0x080039a5   Thumb Code  1348  main.o(i.HAL_TIM_IC_CaptureCallback)
    HAL_TIM_IC_ConfigChannel                 0x08003eed   Thumb Code   290  stm32h7xx_hal_tim.o(i.HAL_TIM_IC_ConfigChannel)
    HAL_TIM_IC_Init                          0x0800400f   Thumb Code    98  stm32h7xx_hal_tim.o(i.HAL_TIM_IC_Init)
    HAL_TIM_IC_MspInit                       0x08004071   Thumb Code     2  stm32h7xx_hal_tim.o(i.HAL_TIM_IC_MspInit)
    HAL_TIM_IC_Start_IT                      0x08004075   Thumb Code   292  stm32h7xx_hal_tim.o(i.HAL_TIM_IC_Start_IT)
    HAL_TIM_IC_Stop_IT                       0x080041b9   Thumb Code   182  stm32h7xx_hal_tim.o(i.HAL_TIM_IC_Stop_IT)
    HAL_TIM_IRQHandler                       0x0800426f   Thumb Code   386  stm32h7xx_hal_tim.o(i.HAL_TIM_IRQHandler)
    HAL_TIM_MspPostInit                      0x080043f1   Thumb Code   112  stm32h7xx_hal_msp.o(i.HAL_TIM_MspPostInit)
    HAL_TIM_OC_DelayElapsedCallback          0x08004475   Thumb Code     2  stm32h7xx_hal_tim.o(i.HAL_TIM_OC_DelayElapsedCallback)
    HAL_TIM_PWM_ConfigChannel                0x08004477   Thumb Code   292  stm32h7xx_hal_tim.o(i.HAL_TIM_PWM_ConfigChannel)
    HAL_TIM_PWM_Init                         0x0800459b   Thumb Code    98  stm32h7xx_hal_tim.o(i.HAL_TIM_PWM_Init)
    HAL_TIM_PWM_MspInit                      0x080045fd   Thumb Code     2  stm32h7xx_hal_tim.o(i.HAL_TIM_PWM_MspInit)
    HAL_TIM_PWM_PulseFinishedCallback        0x080045ff   Thumb Code     2  stm32h7xx_hal_tim.o(i.HAL_TIM_PWM_PulseFinishedCallback)
    HAL_TIM_PWM_Start                        0x08004601   Thumb Code   232  stm32h7xx_hal_tim.o(i.HAL_TIM_PWM_Start)
    HAL_TIM_PeriodElapsedCallback            0x08004711   Thumb Code   158  main.o(i.HAL_TIM_PeriodElapsedCallback)
    HAL_TIM_ReadCapturedValue                0x080047c5   Thumb Code    44  stm32h7xx_hal_tim.o(i.HAL_TIM_ReadCapturedValue)
    HAL_TIM_TriggerCallback                  0x080047f1   Thumb Code     2  stm32h7xx_hal_tim.o(i.HAL_TIM_TriggerCallback)
    HardFault_Handler                        0x080047f3   Thumb Code     2  stm32h7xx_it.o(i.HardFault_Handler)
    I2C1_ER_IRQHandler                       0x080047f5   Thumb Code     6  stm32h7xx_it.o(i.I2C1_ER_IRQHandler)
    I2C1_EV_IRQHandler                       0x08004801   Thumb Code     6  stm32h7xx_it.o(i.I2C1_EV_IRQHandler)
    LED1_Flash                               0x08004e21   Thumb Code     8  led.o(i.LED1_Flash)
    LED1_Slow_Flash                          0x08004e2d   Thumb Code    40  led.o(i.LED1_Slow_Flash)
    LED2_Flash                               0x08004e59   Thumb Code     8  led.o(i.LED2_Flash)
    LED3_Flash                               0x08004e65   Thumb Code     8  led.o(i.LED3_Flash)
    LED_B_Off                                0x08004e71   Thumb Code    10  led.o(i.LED_B_Off)
    LED_G_Flash                              0x08004e81   Thumb Code     4  led.o(i.LED_G_Flash)
    LED_G_Off                                0x08004e85   Thumb Code    10  led.o(i.LED_G_Off)
    LED_R_Off                                0x08004e95   Thumb Code    10  led.o(i.LED_R_Off)
    LL_GPIO_Init                             0x08004f0d   Thumb Code   180  stm32h7xx_ll_gpio.o(i.LL_GPIO_Init)
    LL_RCC_CalcPLLClockFreq                  0x08004fd1   Thumb Code    70  stm32h7xx_ll_rcc.o(i.LL_RCC_CalcPLLClockFreq)
    LL_RCC_GetPLL1ClockFreq                  0x0800503d   Thumb Code   224  stm32h7xx_ll_rcc.o(i.LL_RCC_GetPLL1ClockFreq)
    LL_RCC_GetPLL2ClockFreq                  0x0800512d   Thumb Code   226  stm32h7xx_ll_rcc.o(i.LL_RCC_GetPLL2ClockFreq)
    LL_RCC_GetPLL3ClockFreq                  0x08005221   Thumb Code   230  stm32h7xx_ll_rcc.o(i.LL_RCC_GetPLL3ClockFreq)
    LL_RCC_GetUSARTClockFreq                 0x08005329   Thumb Code   240  stm32h7xx_ll_rcc.o(i.LL_RCC_GetUSARTClockFreq)
    LL_USART_Init                            0x080054a5   Thumb Code   232  stm32h7xx_ll_usart.o(i.LL_USART_Init)
    Loiter                                   0x080055f1   Thumb Code   218  flycontrol.o(i.Loiter)
    MemManage_Handler                        0x08006099   Thumb Code     2  stm32h7xx_it.o(i.MemManage_Handler)
    NMI_Handler                              0x0800609b   Thumb Code     2  stm32h7xx_it.o(i.NMI_Handler)
    PIDCalc                                  0x080060d1   Thumb Code   222  flycontrol.o(i.PIDCalc)
    PIDInit                                  0x080061bd   Thumb Code   154  flycontrol.o(i.PIDInit)
    PID_GetTime                              0x0800626d   Thumb Code   142  flycontrol.o(i.PID_GetTime)
    Pack_cxof_buf                            0x08006309   Thumb Code    64  uart_api.o(i.Pack_cxof_buf)
    PendSV_Handler                           0x08006349   Thumb Code     2  stm32h7xx_it.o(i.PendSV_Handler)
    RC_Read                                  0x080067e9   Thumb Code    44  main.o(i.RC_Read)
    RC_bridge                                0x08006819   Thumb Code    62  flycontrol.o(i.RC_bridge)
    SVC_Handler                              0x08006879   Thumb Code     2  stm32h7xx_it.o(i.SVC_Handler)
    Send_cxof_buf                            0x0800687b   Thumb Code     4  uart_api.o(i.Send_cxof_buf)
    Set_PWM_Pitch                            0x08006881   Thumb Code     6  flycontrol.o(i.Set_PWM_Pitch)
    Set_PWM_Roll                             0x0800688d   Thumb Code     6  flycontrol.o(i.Set_PWM_Roll)
    Set_PWM_Thr                              0x08006899   Thumb Code     6  flycontrol.o(i.Set_PWM_Thr)
    Set_PWM_Yaw                              0x080068a5   Thumb Code     6  flycontrol.o(i.Set_PWM_Yaw)
    SysTick_Handler                          0x080068b1   Thumb Code     4  stm32h7xx_it.o(i.SysTick_Handler)
    SystemClock_Config                       0x080068b5   Thumb Code   158  main.o(i.SystemClock_Config)
    SystemInit                               0x0800695d   Thumb Code   180  system_stm32h7xx.o(i.SystemInit)
    TIM12_Set                                0x08006a39   Thumb Code    20  main.o(i.TIM12_Set)
    TIM13_Set                                0x08006a55   Thumb Code    20  main.o(i.TIM13_Set)
    TIM15_IRQHandler                         0x08006a71   Thumb Code     6  stm32h7xx_it.o(i.TIM15_IRQHandler)
    TIM15_Set                                0x08006a7d   Thumb Code    20  main.o(i.TIM15_Set)
    TIM2_IRQHandler                          0x08006a99   Thumb Code     6  stm32h7xx_it.o(i.TIM2_IRQHandler)
    TIM3_IRQHandler                          0x08006aa5   Thumb Code     6  stm32h7xx_it.o(i.TIM3_IRQHandler)
    TIM4_IRQHandler                          0x08006ab1   Thumb Code     6  stm32h7xx_it.o(i.TIM4_IRQHandler)
    TIM5_IRQHandler                          0x08006abd   Thumb Code     6  stm32h7xx_it.o(i.TIM5_IRQHandler)
    TIM8_BRK_TIM12_IRQHandler                0x08006ac9   Thumb Code     6  stm32h7xx_it.o(i.TIM8_BRK_TIM12_IRQHandler)
    TIM8_UP_TIM13_IRQHandler                 0x08006ad5   Thumb Code     6  stm32h7xx_it.o(i.TIM8_UP_TIM13_IRQHandler)
    TIM_Base_SetConfig                       0x08006ae1   Thumb Code   162  stm32h7xx_hal_tim.o(i.TIM_Base_SetConfig)
    TIM_CCxChannelCmd                        0x08006ba5   Thumb Code    26  stm32h7xx_hal_tim.o(i.TIM_CCxChannelCmd)
    TIM_ETR_SetConfig                        0x08006bbf   Thumb Code    18  stm32h7xx_hal_tim.o(i.TIM_ETR_SetConfig)
    TIM_OC2_SetConfig                        0x08006c8d   Thumb Code   126  stm32h7xx_hal_tim.o(i.TIM_OC2_SetConfig)
    TIM_TI1_SetConfig                        0x08006f41   Thumb Code   100  stm32h7xx_hal_tim.o(i.TIM_TI1_SetConfig)
    UART5_IRQHandler                         0x0800701d   Thumb Code     6  stm32h7xx_it.o(i.UART5_IRQHandler)
    USART1_IRQHandler                        0x08007029   Thumb Code     6  stm32h7xx_it.o(i.USART1_IRQHandler)
    USART2_IRQHandler                        0x08007035   Thumb Code     6  stm32h7xx_it.o(i.USART2_IRQHandler)
    USART3_IRQHandler                        0x08007041   Thumb Code     6  stm32h7xx_it.o(i.USART3_IRQHandler)
    USART_RxCallback                         0x0800704d   Thumb Code   494  main.o(i.USART_RxCallback)
    UsageFault_Handler                       0x08007261   Thumb Code     2  stm32h7xx_it.o(i.UsageFault_Handler)
    __0printf                                0x08007265   Thumb Code    22  printfa.o(i.__0printf)
    __1printf                                0x08007265   Thumb Code     0  printfa.o(i.__0printf)
    __2printf                                0x08007265   Thumb Code     0  printfa.o(i.__0printf)
    __c89printf                              0x08007265   Thumb Code     0  printfa.o(i.__0printf)
    printf                                   0x08007265   Thumb Code     0  printfa.o(i.__0printf)
    __ARM_fpclassify                         0x08007285   Thumb Code    48  fpclassify.o(i.__ARM_fpclassify)
    __hardfp_tan                             0x08007329   Thumb Code   108  tan.o(i.__hardfp_tan)
    __ieee754_rem_pio2                       0x080073a9   Thumb Code   646  rred.o(i.__ieee754_rem_pio2)
    __kernel_poly                            0x080076b9   Thumb Code   112  poly.o(i.__kernel_poly)
    __kernel_tan                             0x08007729   Thumb Code   434  tan_i.o(i.__kernel_tan)
    __mathlib_dbl_invalid                    0x08007931   Thumb Code    10  dunder.o(i.__mathlib_dbl_invalid)
    __mathlib_dbl_underflow                  0x08007949   Thumb Code    10  dunder.o(i.__mathlib_dbl_underflow)
    __scatterload_copy                       0x08007961   Thumb Code    14  handlers.o(i.__scatterload_copy)
    __scatterload_null                       0x0800796f   Thumb Code     2  handlers.o(i.__scatterload_null)
    __scatterload_zeroinit                   0x08007971   Thumb Code    14  handlers.o(i.__scatterload_zeroinit)
    __set_errno                              0x08007981   Thumb Code     6  errno.o(i.__set_errno)
    calculate_cxof                           0x08008241   Thumb Code    64  matrix.o(i.calculate_cxof)
    calculate_location                       0x08008285   Thumb Code   236  matrix.o(i.calculate_location)
    creat_matrix                             0x08008381   Thumb Code   100  matrix.o(i.creat_matrix)
    delete_matrix                            0x080083e5   Thumb Code    36  matrix.o(i.delete_matrix)
    encodeDecode_Analysis                    0x08008409   Thumb Code   112  encodeddecoder.o(i.encodeDecode_Analysis)
    encodeDecode_UWBpacket                   0x0800847d   Thumb Code    66  encodeddecoder.o(i.encodeDecode_UWBpacket)
    fabs                                     0x080084bf   Thumb Code    24  fabs.o(i.fabs)
    fputc                                    0x080084d9   Thumb Code    16  main.o(i.fputc)
    free                                     0x080084ed   Thumb Code    76  malloc.o(i.free)
    main                                     0x0800853d   Thumb Code  1126  main.o(i.main)
    malloc                                   0x08008a69   Thumb Code    92  malloc.o(i.malloc)
    matrix_T                                 0x08008ad5   Thumb Code   100  matrix.o(i.matrix_T)
    matrix_inv3_3                            0x08008b39   Thumb Code   442  matrix.o(i.matrix_inv3_3)
    multiply_matrix                          0x08008cf5   Thumb Code   144  matrix.o(i.multiply_matrix)
    print_matrix                             0x08008d89   Thumb Code    78  matrix.o(i.print_matrix)
    LL_RCC_PrescTable                        0x08008e0c   Data          16  stm32h7xx_ll_rcc.o(.constdata)
    D1CorePrescTable                         0x08008e4c   Data          16  system_stm32h7xx.o(.constdata)
    Region$$Table$$Base                      0x08009010   Number         0  anon$$obj.o(Region$$Table)
    Region$$Table$$Limit                     0x08009030   Number         0  anon$$obj.o(Region$$Table)
    InitedFlag                               0x24000000   Data           1  flycontrol.o(.data)
    PWM_Pitch_mid                            0x24000004   Data           4  flycontrol.o(.data)
    PWM_Roll_mid                             0x24000008   Data           4  flycontrol.o(.data)
    PWM_Thr_mid                              0x2400000c   Data           4  flycontrol.o(.data)
    PWM_yaw_Max                              0x24000010   Data           4  flycontrol.o(.data)
    PWM_yaw_mid                              0x24000014   Data           4  flycontrol.o(.data)
    PWM_yaw_min                              0x24000018   Data           4  flycontrol.o(.data)
    PWM_Mode_Max                             0x2400001c   Data           4  flycontrol.o(.data)
    PWM_Mode_mid                             0x24000020   Data           4  flycontrol.o(.data)
    PWM_Mode_min                             0x24000024   Data           4  flycontrol.o(.data)
    DeadThreShold                            0x24000028   Data           4  flycontrol.o(.data)
    PWM_Thr_min_LOCK                         0x2400002c   Data           4  flycontrol.o(.data)
    pwm_pitch_out                            0x24000030   Data           4  flycontrol.o(.data)
    pwm_roll_out                             0x24000034   Data           4  flycontrol.o(.data)
    pwm_pitch_time                           0x24000040   Data           4  flycontrol.o(.data)
    pwm_roll_time                            0x24000044   Data           4  flycontrol.o(.data)
    Receive_ok                               0x24000050   Data           1  main.o(.data)
    sum                                      0x24000051   Data           1  main.o(.data)
    i                                        0x24000052   Data           1  main.o(.data)
    RangeStatus                              0x24000053   Data           1  main.o(.data)
    Time                                     0x24000054   Data           1  main.o(.data)
    Mode                                     0x24000055   Data           1  main.o(.data)
    uwb_receive_ready                        0x24000056   Data           1  main.o(.data)
    get_uwb_ready                            0x24000057   Data           1  main.o(.data)
    is_cxof_ready                            0x24000058   Data           1  main.o(.data)
    USART1_RX_STA                            0x2400005c   Data           2  main.o(.data)
    USART2_RX_STA                            0x2400005e   Data           2  main.o(.data)
    USART3_RX_STA                            0x24000060   Data           2  main.o(.data)
    distance                                 0x24000062   Data           2  main.o(.data)
    CHANNEL_1_RISE                           0x2400006c   Data           4  main.o(.data)
    CHANNEL_1_FALL                           0x24000070   Data           4  main.o(.data)
    CHANNEL_1_PULSE_WIDE                     0x24000074   Data           4  main.o(.data)
    CHANNEL_2_RISE                           0x24000078   Data           4  main.o(.data)
    CHANNEL_2_FALL                           0x2400007c   Data           4  main.o(.data)
    CHANNEL_2_PULSE_WIDE                     0x24000080   Data           4  main.o(.data)
    CHANNEL_3_RISE                           0x24000084   Data           4  main.o(.data)
    CHANNEL_3_FALL                           0x24000088   Data           4  main.o(.data)
    CHANNEL_3_PULSE_WIDE                     0x2400008c   Data           4  main.o(.data)
    CHANNEL_4_RISE                           0x24000090   Data           4  main.o(.data)
    CHANNEL_4_FALL                           0x24000094   Data           4  main.o(.data)
    CHANNEL_4_PULSE_WIDE                     0x24000098   Data           4  main.o(.data)
    CHANNEL_5_RISE                           0x2400009c   Data           4  main.o(.data)
    CHANNEL_5_FALL                           0x240000a0   Data           4  main.o(.data)
    CHANNEL_5_PULSE_WIDE                     0x240000a4   Data           4  main.o(.data)
    CHANNEL_6_RISE                           0x240000a8   Data           4  main.o(.data)
    CHANNEL_6_FALL                           0x240000ac   Data           4  main.o(.data)
    CHANNEL_6_PULSE_WIDE                     0x240000b0   Data           4  main.o(.data)
    CHANNEL_7_RISE                           0x240000b4   Data           4  main.o(.data)
    CHANNEL_7_FALL                           0x240000b8   Data           4  main.o(.data)
    CHANNEL_7_PULSE_WIDE                     0x240000bc   Data           4  main.o(.data)
    CHANNEL_8_RISE                           0x240000c0   Data           4  main.o(.data)
    CHANNEL_8_FALL                           0x240000c4   Data           4  main.o(.data)
    CHANNEL_8_PULSE_WIDE                     0x240000c8   Data           4  main.o(.data)
    ICFLAG_1                                 0x240000cc   Data           4  main.o(.data)
    ICFLAG_2                                 0x240000d0   Data           4  main.o(.data)
    ICFLAG_3                                 0x240000d4   Data           4  main.o(.data)
    ICFLAG_4                                 0x240000d8   Data           4  main.o(.data)
    ICFLAG_5                                 0x240000dc   Data           4  main.o(.data)
    ICFLAG_6                                 0x240000e0   Data           4  main.o(.data)
    ICFLAG_7                                 0x240000e4   Data           4  main.o(.data)
    ICFLAG_8                                 0x240000e8   Data           4  main.o(.data)
    PWM_Mode_N1                              0x240000ec   Data           4  main.o(.data)
    PWM_Mode_N2                              0x240000f0   Data           4  main.o(.data)
    PWM_Mode_N3                              0x240000f4   Data           4  main.o(.data)
    PWM_Mode_N4                              0x240000f8   Data           4  main.o(.data)
    mode_flag                                0x24000104   Data           4  main.o(.data)
    d_location                               0x24000108   Data           4  main.o(.data)
    s_volt                                   0x2400010c   Data           4  main.o(.data)
    ADC_ReadBuffer                           0x24000110   Data           4  main.o(.data)
    re_buf_Data                              0x24000114   Data           8  main.o(.data)
    encodeAnswer                             0x2400011c   Data          11  main.o(.data)
    uwTickFreq                               0x24000128   Data           1  stm32h7xx_hal.o(.data)
    uwTickPrio                               0x2400012c   Data           4  stm32h7xx_hal.o(.data)
    uwTick                                   0x24000130   Data           4  stm32h7xx_hal.o(.data)
    SystemCoreClock                          0x24000134   Data           4  system_stm32h7xx.o(.data)
    SystemD2Clock                            0x24000138   Data           4  system_stm32h7xx.o(.data)
    __stdout                                 0x2400013c   Data           4  stdout.o(.data)
    __microlib_freelist                      0x24000140   Data           4  mvars.o(.data)
    __microlib_freelist_initialised          0x24000144   Data           4  mvars.o(.data)
    Attitude                                 0x2400014c   Data          24  encodeddecoder.o(.bss)
    cxof_buf                                 0x24000164   Data           9  uart_api.o(.bss)
    PID_Control_Pitch                        0x24000170   Data          32  flycontrol.o(.bss)
    PID_Control_Roll                         0x24000190   Data          32  flycontrol.o(.bss)
    PID_Pitch_Time                           0x240001b0   Data          32  flycontrol.o(.bss)
    PID_Roll_Time                            0x240001d0   Data          32  flycontrol.o(.bss)
    uwb_buf                                  0x240001f0   Data          80  main.o(.bss)
    distance_to_station                      0x24000240   Data          16  main.o(.bss)
    location                                 0x24000250   Data          12  main.o(.bss)
    USART1_RX_BUF                            0x240002a0   Data         256  main.o(.bss)
    USART2_RX_BUF                            0x240003a0   Data         256  main.o(.bss)
    USART3_RX_BUF                            0x240004a0   Data         256  main.o(.bss)
    FreeBuffer_Encode                        0x240005a0   Data         256  main.o(.bss)
    FreeBuffer_Encode_3                      0x240006a0   Data         256  main.o(.bss)
    OutData                                  0x240007a0   Data          16  main.o(.bss)
    PID_Control_Att                          0x240007b0   Data          32  main.o(.bss)
    hadc1                                    0x240007d0   Data         100  main.o(.bss)
    hadc3                                    0x24000834   Data         100  main.o(.bss)
    hi2c1                                    0x24000898   Data          76  main.o(.bss)
    htim2                                    0x240008e4   Data          76  main.o(.bss)
    htim3                                    0x24000930   Data          76  main.o(.bss)
    htim4                                    0x2400097c   Data          76  main.o(.bss)
    htim5                                    0x240009c8   Data          76  main.o(.bss)
    htim12                                   0x24000a14   Data          76  main.o(.bss)
    htim13                                   0x24000a60   Data          76  main.o(.bss)
    htim15                                   0x24000aac   Data          76  main.o(.bss)
    __heap_base                              0x24000af8   Data           0  startup_stm32h743xx.o(HEAP)
    __heap_limit                             0x24000cf8   Data           0  startup_stm32h743xx.o(HEAP)
    __initial_sp                             0x240010f8   Data           0  startup_stm32h743xx.o(STACK)



==============================================================================

Memory Map of the image

  Image Entry point : 0x08000299

  Load Region LR_IROM1 (Base: 0x08000000, Size: 0x0000917c, Max: 0x00200000, ABSOLUTE, COMPRESSED[0x0000906c])

    Execution Region ER_IROM1 (Base: 0x08000000, Size: 0x00009030, Max: 0x00200000, ABSOLUTE)

    Base Addr    Size         Type   Attr      Idx    E Section Name        Object

    0x08000000   0x00000298   Data   RO            3    RESET               startup_stm32h743xx.o
    0x08000298   0x00000000   Code   RO         6220  * .ARM.Collect$$$$00000000  mc_w.l(entry.o)
    0x08000298   0x00000004   Code   RO         6552    .ARM.Collect$$$$00000001  mc_w.l(entry2.o)
    0x0800029c   0x00000004   Code   RO         6555    .ARM.Collect$$$$00000004  mc_w.l(entry5.o)
    0x080002a0   0x00000000   Code   RO         6557    .ARM.Collect$$$$00000008  mc_w.l(entry7b.o)
    0x080002a0   0x00000000   Code   RO         6559    .ARM.Collect$$$$0000000A  mc_w.l(entry8b.o)
    0x080002a0   0x00000008   Code   RO         6560    .ARM.Collect$$$$0000000B  mc_w.l(entry9a.o)
    0x080002a8   0x00000000   Code   RO         6562    .ARM.Collect$$$$0000000D  mc_w.l(entry10a.o)
    0x080002a8   0x00000000   Code   RO         6564    .ARM.Collect$$$$0000000F  mc_w.l(entry11a.o)
    0x080002a8   0x00000004   Code   RO         6553    .ARM.Collect$$$$00002712  mc_w.l(entry2.o)
    0x080002ac   0x00000024   Code   RO            4    .text               startup_stm32h743xx.o
    0x080002d0   0x00000024   Code   RO         6227    .text               mc_w.l(memcpya.o)
    0x080002f4   0x00000024   Code   RO         6229    .text               mc_w.l(memseta.o)
    0x08000318   0x0000002c   Code   RO         6567    .text               mc_w.l(uidiv.o)
    0x08000344   0x00000062   Code   RO         6569    .text               mc_w.l(uldiv.o)
    0x080003a6   0x00000000   Code   RO         6580    .text               mc_w.l(iusefp.o)
    0x080003a6   0x0000014e   Code   RO         6581    .text               mf_w.l(dadd.o)
    0x080004f4   0x000000e4   Code   RO         6583    .text               mf_w.l(dmul.o)
    0x080005d8   0x000000de   Code   RO         6585    .text               mf_w.l(ddiv.o)
    0x080006b6   0x00000030   Code   RO         6587    .text               mf_w.l(dfixul.o)
    0x080006e6   0x00000002   PAD
    0x080006e8   0x00000030   Code   RO         6589    .text               mf_w.l(cdrcmple.o)
    0x08000718   0x00000024   Code   RO         6597    .text               mc_w.l(init.o)
    0x0800073c   0x0000001e   Code   RO         6599    .text               mc_w.l(llshl.o)
    0x0800075a   0x00000020   Code   RO         6601    .text               mc_w.l(llushr.o)
    0x0800077a   0x00000024   Code   RO         6603    .text               mc_w.l(llsshr.o)
    0x0800079e   0x000000ba   Code   RO         6605    .text               mf_w.l(depilogue.o)
    0x08000858   0x00000056   Code   RO         6615    .text               mc_w.l(__dczerorl2.o)
    0x080008ae   0x00000002   PAD
    0x080008b0   0x00000108   Code   RO         1765    i.ADC_ConfigureBoostMode  stm32h7xx_hal_adc.o
    0x080009b8   0x00000010   Code   RO           13    i.BEEP_OFF          beep.o
    0x080009c8   0x00000010   Code   RO           14    i.BEEP_ON           beep.o
    0x080009d8   0x00000028   Code   RO          377    i.BSP_USART_SendArray_LL  uart_api.o
    0x08000a00   0x00000018   Code   RO          378    i.BSP_USART_SendData_LL  uart_api.o
    0x08000a18   0x00000016   Code   RO          379    i.BSP_USART_StartIT_LL  uart_api.o
    0x08000a2e   0x00000002   Code   RO         1506    i.BusFault_Handler  stm32h7xx_it.o
    0x08000a30   0x00000002   Code   RO         1507    i.DebugMon_Handler  stm32h7xx_it.o
    0x08000a32   0x00000002   PAD
    0x08000a34   0x00000074   Code   RO          857    i.Device_Init       flycontrol.o
    0x08000aa8   0x00000004   Code   RO         1127    i.Error_Handler     main.o
    0x08000aac   0x00000048   Code   RO         1128    i.Get_UWB_distance  main.o
    0x08000af4   0x00000128   Code   RO         2007    i.HAL_ADCEx_MultiModeConfigChannel  stm32h7xx_hal_adc_ex.o
    0x08000c1c   0x000003d8   Code   RO         1773    i.HAL_ADC_ConfigChannel  stm32h7xx_hal_adc.o
    0x08000ff4   0x00000228   Code   RO         1782    i.HAL_ADC_Init      stm32h7xx_hal_adc.o
    0x0800121c   0x000000a0   Code   RO         1661    i.HAL_ADC_MspInit   stm32h7xx_hal_msp.o
    0x080012bc   0x00000284   Code   RO         2864    i.HAL_DMA_Abort_IT  stm32h7xx_hal_dma.o
    0x08001540   0x00000006   Code   RO         2867    i.HAL_DMA_GetState  stm32h7xx_hal_dma.o
    0x08001546   0x00000002   PAD
    0x08001548   0x00000024   Code   RO         3713    i.HAL_Delay         stm32h7xx_hal.o
    0x0800156c   0x0000022c   Code   RO         2711    i.HAL_GPIO_Init     stm32h7xx_hal_gpio.o
    0x08001798   0x0000000a   Code   RO         2713    i.HAL_GPIO_ReadPin  stm32h7xx_hal_gpio.o
    0x080017a2   0x00000010   Code   RO         2714    i.HAL_GPIO_TogglePin  stm32h7xx_hal_gpio.o
    0x080017b2   0x0000000a   Code   RO         2715    i.HAL_GPIO_WritePin  stm32h7xx_hal_gpio.o
    0x080017bc   0x0000000c   Code   RO         3724    i.HAL_GetREVID      stm32h7xx_hal.o
    0x080017c8   0x0000000c   Code   RO         3725    i.HAL_GetTick       stm32h7xx_hal.o
    0x080017d4   0x00000058   Code   RO         4480    i.HAL_I2CEx_ConfigAnalogFilter  stm32h7xx_hal_i2c_ex.o
    0x0800182c   0x00000054   Code   RO         4481    i.HAL_I2CEx_ConfigDigitalFilter  stm32h7xx_hal_i2c_ex.o
    0x08001880   0x00000002   Code   RO         4018    i.HAL_I2C_AbortCpltCallback  stm32h7xx_hal_i2c.o
    0x08001882   0x00000002   Code   RO         4019    i.HAL_I2C_AddrCallback  stm32h7xx_hal_i2c.o
    0x08001884   0x00000068   Code   RO         4022    i.HAL_I2C_ER_IRQHandler  stm32h7xx_hal_i2c.o
    0x080018ec   0x00000010   Code   RO         4023    i.HAL_I2C_EV_IRQHandler  stm32h7xx_hal_i2c.o
    0x080018fc   0x00000002   Code   RO         4025    i.HAL_I2C_ErrorCallback  stm32h7xx_hal_i2c.o
    0x080018fe   0x00000002   PAD
    0x08001900   0x000000b8   Code   RO         4029    i.HAL_I2C_Init      stm32h7xx_hal_i2c.o
    0x080019b8   0x00000002   Code   RO         4031    i.HAL_I2C_ListenCpltCallback  stm32h7xx_hal_i2c.o
    0x080019ba   0x00000002   PAD
    0x080019bc   0x000000a4   Code   RO         1663    i.HAL_I2C_MspInit   stm32h7xx_hal_msp.o
    0x08001a60   0x00000002   Code   RO         4055    i.HAL_I2C_SlaveRxCpltCallback  stm32h7xx_hal_i2c.o
    0x08001a62   0x00000002   Code   RO         4056    i.HAL_I2C_SlaveTxCpltCallback  stm32h7xx_hal_i2c.o
    0x08001a64   0x00000010   Code   RO         3731    i.HAL_IncTick       stm32h7xx_hal.o
    0x08001a74   0x0000005c   Code   RO         3732    i.HAL_Init          stm32h7xx_hal.o
    0x08001ad0   0x00000040   Code   RO         3733    i.HAL_InitTick      stm32h7xx_hal.o
    0x08001b10   0x0000005c   Code   RO         3566    i.HAL_MPU_ConfigRegion  stm32h7xx_hal_cortex.o
    0x08001b6c   0x0000001c   Code   RO         3567    i.HAL_MPU_Disable   stm32h7xx_hal_cortex.o
    0x08001b88   0x00000024   Code   RO         3568    i.HAL_MPU_Enable    stm32h7xx_hal_cortex.o
    0x08001bac   0x0000001c   Code   RO         1664    i.HAL_MspInit       stm32h7xx_hal_msp.o
    0x08001bc8   0x0000001a   Code   RO         3571    i.HAL_NVIC_EnableIRQ  stm32h7xx_hal_cortex.o
    0x08001be2   0x00000002   PAD
    0x08001be4   0x00000040   Code   RO         3577    i.HAL_NVIC_SetPriority  stm32h7xx_hal_cortex.o
    0x08001c24   0x00000024   Code   RO         3578    i.HAL_NVIC_SetPriorityGrouping  stm32h7xx_hal_cortex.o
    0x08001c48   0x00000054   Code   RO         3312    i.HAL_PWREx_ConfigSupply  stm32h7xx_hal_pwr_ex.o
    0x08001c9c   0x00000024   Code   RO         2332    i.HAL_RCCEx_GetD3PCLK1Freq  stm32h7xx_hal_rcc_ex.o
    0x08001cc0   0x00000148   Code   RO         2333    i.HAL_RCCEx_GetPLL1ClockFreq  stm32h7xx_hal_rcc_ex.o
    0x08001e08   0x00000144   Code   RO         2334    i.HAL_RCCEx_GetPLL2ClockFreq  stm32h7xx_hal_rcc_ex.o
    0x08001f4c   0x00000144   Code   RO         2335    i.HAL_RCCEx_GetPLL3ClockFreq  stm32h7xx_hal_rcc_ex.o
    0x08002090   0x0000026c   Code   RO         2337    i.HAL_RCCEx_GetPeriphCLKFreq  stm32h7xx_hal_rcc_ex.o
    0x080022fc   0x000008d2   Code   RO         2341    i.HAL_RCCEx_PeriphCLKConfig  stm32h7xx_hal_rcc_ex.o
    0x08002bce   0x00000002   PAD
    0x08002bd0   0x0000025c   Code   RO         2217    i.HAL_RCC_ClockConfig  stm32h7xx_hal_rcc.o
    0x08002e2c   0x00000044   Code   RO         2222    i.HAL_RCC_GetHCLKFreq  stm32h7xx_hal_rcc.o
    0x08002e70   0x00000138   Code   RO         2226    i.HAL_RCC_GetSysClockFreq  stm32h7xx_hal_rcc.o
    0x08002fa8   0x00000530   Code   RO         2229    i.HAL_RCC_OscConfig  stm32h7xx_hal_rcc.o
    0x080034d8   0x00000010   Code   RO         3737    i.HAL_SYSCFG_AnalogSwitchConfig  stm32h7xx_hal.o
    0x080034e8   0x00000026   Code   RO         3582    i.HAL_SYSTICK_Config  stm32h7xx_hal_cortex.o
    0x0800350e   0x00000002   Code   RO         5702    i.HAL_TIMEx_Break2Callback  stm32h7xx_hal_tim_ex.o
    0x08003510   0x00000002   Code   RO         5703    i.HAL_TIMEx_BreakCallback  stm32h7xx_hal_tim_ex.o
    0x08003512   0x00000002   Code   RO         5704    i.HAL_TIMEx_CommutCallback  stm32h7xx_hal_tim_ex.o
    0x08003514   0x000000a4   Code   RO         5724    i.HAL_TIMEx_MasterConfigSynchronization  stm32h7xx_hal_tim_ex.o
    0x080035b8   0x00000062   Code   RO         4988    i.HAL_TIM_Base_Init  stm32h7xx_hal_tim.o
    0x0800361a   0x00000002   PAD
    0x0800361c   0x000001d0   Code   RO         1666    i.HAL_TIM_Base_MspInit  stm32h7xx_hal_msp.o
    0x080037ec   0x0000008c   Code   RO         4993    i.HAL_TIM_Base_Start_IT  stm32h7xx_hal_tim.o
    0x08003878   0x00000030   Code   RO         4996    i.HAL_TIM_Base_Stop_IT  stm32h7xx_hal_tim.o
    0x080038a8   0x000000fc   Code   RO         4997    i.HAL_TIM_ConfigClockSource  stm32h7xx_hal_tim.o
    0x080039a4   0x00000548   Code   RO         1129    i.HAL_TIM_IC_CaptureCallback  main.o
    0x08003eec   0x00000122   Code   RO         5024    i.HAL_TIM_IC_ConfigChannel  stm32h7xx_hal_tim.o
    0x0800400e   0x00000062   Code   RO         5027    i.HAL_TIM_IC_Init   stm32h7xx_hal_tim.o
    0x08004070   0x00000002   Code   RO         5029    i.HAL_TIM_IC_MspInit  stm32h7xx_hal_tim.o
    0x08004072   0x00000002   PAD
    0x08004074   0x00000144   Code   RO         5032    i.HAL_TIM_IC_Start_IT  stm32h7xx_hal_tim.o
    0x080041b8   0x000000b6   Code   RO         5035    i.HAL_TIM_IC_Stop_IT  stm32h7xx_hal_tim.o
    0x0800426e   0x00000182   Code   RO         5036    i.HAL_TIM_IRQHandler  stm32h7xx_hal_tim.o
    0x080043f0   0x00000084   Code   RO         1667    i.HAL_TIM_MspPostInit  stm32h7xx_hal_msp.o
    0x08004474   0x00000002   Code   RO         5039    i.HAL_TIM_OC_DelayElapsedCallback  stm32h7xx_hal_tim.o
    0x08004476   0x00000124   Code   RO         5060    i.HAL_TIM_PWM_ConfigChannel  stm32h7xx_hal_tim.o
    0x0800459a   0x00000062   Code   RO         5063    i.HAL_TIM_PWM_Init  stm32h7xx_hal_tim.o
    0x080045fc   0x00000002   Code   RO         5065    i.HAL_TIM_PWM_MspInit  stm32h7xx_hal_tim.o
    0x080045fe   0x00000002   Code   RO         5066    i.HAL_TIM_PWM_PulseFinishedCallback  stm32h7xx_hal_tim.o
    0x08004600   0x00000110   Code   RO         5068    i.HAL_TIM_PWM_Start  stm32h7xx_hal_tim.o
    0x08004710   0x000000b4   Code   RO         1130    i.HAL_TIM_PeriodElapsedCallback  main.o
    0x080047c4   0x0000002c   Code   RO         5076    i.HAL_TIM_ReadCapturedValue  stm32h7xx_hal_tim.o
    0x080047f0   0x00000002   Code   RO         5079    i.HAL_TIM_TriggerCallback  stm32h7xx_hal_tim.o
    0x080047f2   0x00000002   Code   RO         1508    i.HardFault_Handler  stm32h7xx_it.o
    0x080047f4   0x0000000c   Code   RO         1509    i.I2C1_ER_IRQHandler  stm32h7xx_it.o
    0x08004800   0x0000000c   Code   RO         1510    i.I2C1_EV_IRQHandler  stm32h7xx_it.o
    0x0800480c   0x00000014   Code   RO         4068    i.I2C_DMAAbort      stm32h7xx_hal_i2c.o
    0x08004820   0x00000060   Code   RO         4074    i.I2C_Disable_IRQ   stm32h7xx_hal_i2c.o
    0x08004880   0x00000022   Code   RO         4076    i.I2C_Flush_TXDR    stm32h7xx_hal_i2c.o
    0x080048a2   0x00000094   Code   RO         4077    i.I2C_ITAddrCplt    stm32h7xx_hal_i2c.o
    0x08004936   0x00000002   PAD
    0x08004938   0x000000f8   Code   RO         4078    i.I2C_ITError       stm32h7xx_hal_i2c.o
    0x08004a30   0x00000064   Code   RO         4079    i.I2C_ITListenCplt  stm32h7xx_hal_i2c.o
    0x08004a94   0x000001cc   Code   RO         4082    i.I2C_ITSlaveCplt   stm32h7xx_hal_i2c.o
    0x08004c60   0x00000072   Code   RO         4083    i.I2C_ITSlaveSeqCplt  stm32h7xx_hal_i2c.o
    0x08004cd2   0x00000002   PAD
    0x08004cd4   0x00000120   Code   RO         4090    i.I2C_Slave_ISR_IT  stm32h7xx_hal_i2c.o
    0x08004df4   0x0000002a   Code   RO         4092    i.I2C_TreatErrorCallback  stm32h7xx_hal_i2c.o
    0x08004e1e   0x00000002   PAD
    0x08004e20   0x0000000c   Code   RO          289    i.LED1_Flash        led.o
    0x08004e2c   0x0000002c   Code   RO          290    i.LED1_Slow_Flash   led.o
    0x08004e58   0x0000000c   Code   RO          291    i.LED2_Flash        led.o
    0x08004e64   0x0000000c   Code   RO          293    i.LED3_Flash        led.o
    0x08004e70   0x00000010   Code   RO          296    i.LED_B_Off         led.o
    0x08004e80   0x00000004   Code   RO          297    i.LED_G_Flash       led.o
    0x08004e84   0x00000010   Code   RO          298    i.LED_G_Off         led.o
    0x08004e94   0x00000010   Code   RO          300    i.LED_R_Off         led.o
    0x08004ea4   0x00000008   Code   RO         1794    i.LL_ADC_INJ_IsConversionOngoing  stm32h7xx_hal_adc.o
    0x08004eac   0x00000008   Code   RO         1795    i.LL_ADC_REG_IsConversionOngoing  stm32h7xx_hal_adc.o
    0x08004eb4   0x00000008   Code   RO         2017    i.LL_ADC_REG_IsConversionOngoing  stm32h7xx_hal_adc_ex.o
    0x08004ebc   0x0000001e   Code   RO         1798    i.LL_ADC_SetChannelSamplingTime  stm32h7xx_hal_adc.o
    0x08004eda   0x00000002   PAD
    0x08004edc   0x00000018   Code   RO         1131    i.LL_AHB4_GRP1_EnableClock  main.o
    0x08004ef4   0x00000018   Code   RO         1132    i.LL_APB1_GRP1_EnableClock  main.o
    0x08004f0c   0x000000b4   Code   RO         6062    i.LL_GPIO_Init      stm32h7xx_ll_gpio.o
    0x08004fc0   0x00000010   Code   RO         4606    i.LL_RCC_CSI_IsReady  stm32h7xx_ll_rcc.o
    0x08004fd0   0x0000004c   Code   RO         4607    i.LL_RCC_CalcPLLClockFreq  stm32h7xx_ll_rcc.o
    0x0800501c   0x00000020   Code   RO         4612    i.LL_RCC_GetClockSource  stm32h7xx_ll_rcc.o
    0x0800503c   0x000000f0   Code   RO         4619    i.LL_RCC_GetPLL1ClockFreq  stm32h7xx_ll_rcc.o
    0x0800512c   0x000000f4   Code   RO         4620    i.LL_RCC_GetPLL2ClockFreq  stm32h7xx_ll_rcc.o
    0x08005220   0x000000f8   Code   RO         4621    i.LL_RCC_GetPLL3ClockFreq  stm32h7xx_ll_rcc.o
    0x08005318   0x00000010   Code   RO         4629    i.LL_RCC_GetSysPrescaler  stm32h7xx_ll_rcc.o
    0x08005328   0x00000108   Code   RO         4631    i.LL_RCC_GetUSARTClockFreq  stm32h7xx_ll_rcc.o
    0x08005430   0x00000010   Code   RO         4633    i.LL_RCC_HSE_IsReady  stm32h7xx_ll_rcc.o
    0x08005440   0x00000010   Code   RO         4634    i.LL_RCC_HSI_GetDivider  stm32h7xx_ll_rcc.o
    0x08005450   0x00000010   Code   RO         4635    i.LL_RCC_HSI_IsReady  stm32h7xx_ll_rcc.o
    0x08005460   0x00000010   Code   RO         4636    i.LL_RCC_LSE_IsReady  stm32h7xx_ll_rcc.o
    0x08005470   0x00000010   Code   RO         4638    i.LL_RCC_PLL2_IsReady  stm32h7xx_ll_rcc.o
    0x08005480   0x00000010   Code   RO         4639    i.LL_RCC_PLL3_IsReady  stm32h7xx_ll_rcc.o
    0x08005490   0x00000012   Code   RO         1133    i.LL_USART_ConfigAsyncMode  main.o
    0x080054a2   0x00000002   PAD
    0x080054a4   0x00000118   Code   RO         5998    i.LL_USART_Init     stm32h7xx_ll_usart.o
    0x080055bc   0x0000001a   Code   RO         1134    i.LL_USART_SetRXFIFOThreshold  main.o
    0x080055d6   0x00000002   PAD
    0x080055d8   0x00000016   Code   RO         1135    i.LL_USART_SetTXFIFOThreshold  main.o
    0x080055ee   0x00000002   PAD
    0x080055f0   0x00000110   Code   RO          864    i.Loiter            flycontrol.o
    0x08005700   0x0000008c   Code   RO         1137    i.MX_ADC1_Init      main.o
    0x0800578c   0x00000070   Code   RO         1138    i.MX_ADC3_Init      main.o
    0x080057fc   0x000000d0   Code   RO         1139    i.MX_GPIO_Init      main.o
    0x080058cc   0x00000054   Code   RO         1140    i.MX_I2C1_Init      main.o
    0x08005920   0x0000004c   Code   RO         1141    i.MX_TIM12_Init     main.o
    0x0800596c   0x00000068   Code   RO         1142    i.MX_TIM15_Init     main.o
    0x080059d4   0x000000c4   Code   RO         1143    i.MX_TIM2_Init      main.o
    0x08005a98   0x000000c8   Code   RO         1144    i.MX_TIM3_Init      main.o
    0x08005b60   0x000000e4   Code   RO         1145    i.MX_TIM4_Init      main.o
    0x08005c44   0x000000e4   Code   RO         1146    i.MX_TIM5_Init      main.o
    0x08005d28   0x000000d8   Code   RO         1147    i.MX_UART5_Init     main.o
    0x08005e00   0x000000e8   Code   RO         1148    i.MX_USART1_UART_Init  main.o
    0x08005ee8   0x000000d8   Code   RO         1149    i.MX_USART2_UART_Init  main.o
    0x08005fc0   0x000000d8   Code   RO         1150    i.MX_USART3_UART_Init  main.o
    0x08006098   0x00000002   Code   RO         1511    i.MemManage_Handler  stm32h7xx_it.o
    0x0800609a   0x00000002   Code   RO         1512    i.NMI_Handler       stm32h7xx_it.o
    0x0800609c   0x00000032   Code   RO         1151    i.NVIC_EncodePriority  main.o
    0x080060ce   0x00000002   PAD
    0x080060d0   0x000000ec   Code   RO          865    i.PIDCalc           flycontrol.o
    0x080061bc   0x000000b0   Code   RO          866    i.PIDInit           flycontrol.o
    0x0800626c   0x0000009c   Code   RO          867    i.PID_GetTime       flycontrol.o
    0x08006308   0x00000040   Code   RO          380    i.Pack_cxof_buf     uart_api.o
    0x08006348   0x00000002   Code   RO         1513    i.PendSV_Handler    stm32h7xx_it.o
    0x0800634a   0x00000002   PAD
    0x0800634c   0x000001b8   Code   RO         1153    i.PrintfHardInfo    main.o
    0x08006504   0x00000120   Code   RO         2344    i.RCCEx_PLL2_Config  stm32h7xx_hal_rcc_ex.o
    0x08006624   0x00000120   Code   RO         2345    i.RCCEx_PLL3_Config  stm32h7xx_hal_rcc_ex.o
    0x08006744   0x0000001c   Code   RO         4640    i.RCC_GetHCLKClockFreq  stm32h7xx_ll_rcc.o
    0x08006760   0x00000020   Code   RO         4641    i.RCC_GetPCLK1ClockFreq  stm32h7xx_ll_rcc.o
    0x08006780   0x00000020   Code   RO         4642    i.RCC_GetPCLK2ClockFreq  stm32h7xx_ll_rcc.o
    0x080067a0   0x00000048   Code   RO         4644    i.RCC_GetSystemClockFreq  stm32h7xx_ll_rcc.o
    0x080067e8   0x00000030   Code   RO         1155    i.RC_Read           main.o
    0x08006818   0x00000060   Code   RO          868    i.RC_bridge         flycontrol.o
    0x08006878   0x00000002   Code   RO         1514    i.SVC_Handler       stm32h7xx_it.o
    0x0800687a   0x00000004   Code   RO          381    i.Send_cxof_buf     uart_api.o
    0x0800687e   0x00000002   PAD
    0x08006880   0x0000000c   Code   RO          872    i.Set_PWM_Pitch     flycontrol.o
    0x0800688c   0x0000000c   Code   RO          873    i.Set_PWM_Roll      flycontrol.o
    0x08006898   0x0000000c   Code   RO          874    i.Set_PWM_Thr       flycontrol.o
    0x080068a4   0x0000000c   Code   RO          875    i.Set_PWM_Yaw       flycontrol.o
    0x080068b0   0x00000004   Code   RO         1515    i.SysTick_Handler   stm32h7xx_it.o
    0x080068b4   0x000000a8   Code   RO         1156    i.SystemClock_Config  main.o
    0x0800695c   0x000000dc   Code   RO         6161    i.SystemInit        system_stm32h7xx.o
    0x08006a38   0x0000001c   Code   RO         1157    i.TIM12_Set         main.o
    0x08006a54   0x0000001c   Code   RO         1158    i.TIM13_Set         main.o
    0x08006a70   0x0000000c   Code   RO         1516    i.TIM15_IRQHandler  stm32h7xx_it.o
    0x08006a7c   0x0000001c   Code   RO         1159    i.TIM15_Set         main.o
    0x08006a98   0x0000000c   Code   RO         1517    i.TIM2_IRQHandler   stm32h7xx_it.o
    0x08006aa4   0x0000000c   Code   RO         1518    i.TIM3_IRQHandler   stm32h7xx_it.o
    0x08006ab0   0x0000000c   Code   RO         1519    i.TIM4_IRQHandler   stm32h7xx_it.o
    0x08006abc   0x0000000c   Code   RO         1520    i.TIM5_IRQHandler   stm32h7xx_it.o
    0x08006ac8   0x0000000c   Code   RO         1521    i.TIM8_BRK_TIM12_IRQHandler  stm32h7xx_it.o
    0x08006ad4   0x0000000c   Code   RO         1522    i.TIM8_UP_TIM13_IRQHandler  stm32h7xx_it.o
    0x08006ae0   0x000000c4   Code   RO         5081    i.TIM_Base_SetConfig  stm32h7xx_hal_tim.o
    0x08006ba4   0x0000001a   Code   RO         5082    i.TIM_CCxChannelCmd  stm32h7xx_hal_tim.o
    0x08006bbe   0x00000012   Code   RO         5092    i.TIM_ETR_SetConfig  stm32h7xx_hal_tim.o
    0x08006bd0   0x00000014   Code   RO         5093    i.TIM_ITRx_SetConfig  stm32h7xx_hal_tim.o
    0x08006be4   0x000000a8   Code   RO         5094    i.TIM_OC1_SetConfig  stm32h7xx_hal_tim.o
    0x08006c8c   0x00000098   Code   RO         5095    i.TIM_OC2_SetConfig  stm32h7xx_hal_tim.o
    0x08006d24   0x00000098   Code   RO         5096    i.TIM_OC3_SetConfig  stm32h7xx_hal_tim.o
    0x08006dbc   0x00000078   Code   RO         5097    i.TIM_OC4_SetConfig  stm32h7xx_hal_tim.o
    0x08006e34   0x00000074   Code   RO         5098    i.TIM_OC5_SetConfig  stm32h7xx_hal_tim.o
    0x08006ea8   0x00000074   Code   RO         5099    i.TIM_OC6_SetConfig  stm32h7xx_hal_tim.o
    0x08006f1c   0x00000022   Code   RO         5101    i.TIM_TI1_ConfigInputStage  stm32h7xx_hal_tim.o
    0x08006f3e   0x00000002   PAD
    0x08006f40   0x00000080   Code   RO         5102    i.TIM_TI1_SetConfig  stm32h7xx_hal_tim.o
    0x08006fc0   0x00000024   Code   RO         5103    i.TIM_TI2_ConfigInputStage  stm32h7xx_hal_tim.o
    0x08006fe4   0x00000036   Code   RO         5104    i.TIM_TI2_SetConfig  stm32h7xx_hal_tim.o
    0x0800701a   0x00000002   PAD
    0x0800701c   0x0000000c   Code   RO         1523    i.UART5_IRQHandler  stm32h7xx_it.o
    0x08007028   0x0000000c   Code   RO         1524    i.USART1_IRQHandler  stm32h7xx_it.o
    0x08007034   0x0000000c   Code   RO         1525    i.USART2_IRQHandler  stm32h7xx_it.o
    0x08007040   0x0000000c   Code   RO         1526    i.USART3_IRQHandler  stm32h7xx_it.o
    0x0800704c   0x00000214   Code   RO         1163    i.USART_RxCallback  main.o
    0x08007260   0x00000002   Code   RO         1527    i.UsageFault_Handler  stm32h7xx_it.o
    0x08007262   0x00000002   PAD
    0x08007264   0x00000020   Code   RO         6466    i.__0printf         mc_w.l(printfa.o)
    0x08007284   0x00000030   Code   RO         6536    i.__ARM_fpclassify  m_wv.l(fpclassify.o)
    0x080072b4   0x0000001a   Code   RO         1164    i.__NVIC_EnableIRQ  main.o
    0x080072ce   0x00000002   PAD
    0x080072d0   0x00000010   Code   RO         1165    i.__NVIC_GetPriorityGrouping  main.o
    0x080072e0   0x00000022   Code   RO         1166    i.__NVIC_SetPriority  main.o
    0x08007302   0x00000022   Code   RO         3584    i.__NVIC_SetPriority  stm32h7xx_hal_cortex.o
    0x08007324   0x00000004   PAD
    0x08007328   0x00000080   Code   RO         6208    i.__hardfp_tan      m_wv.l(tan.o)
    0x080073a8   0x00000310   Code   RO         6541    i.__ieee754_rem_pio2  m_wv.l(rred.o)
    0x080076b8   0x00000070   Code   RO         6538    i.__kernel_poly     m_wv.l(poly.o)
    0x08007728   0x00000208   Code   RO         6546    i.__kernel_tan      m_wv.l(tan_i.o)
    0x08007930   0x00000018   Code   RO         6525    i.__mathlib_dbl_invalid  m_wv.l(dunder.o)
    0x08007948   0x00000018   Code   RO         6528    i.__mathlib_dbl_underflow  m_wv.l(dunder.o)
    0x08007960   0x0000000e   Code   RO         6609    i.__scatterload_copy  mc_w.l(handlers.o)
    0x0800796e   0x00000002   Code   RO         6610    i.__scatterload_null  mc_w.l(handlers.o)
    0x08007970   0x0000000e   Code   RO         6611    i.__scatterload_zeroinit  mc_w.l(handlers.o)
    0x0800797e   0x00000002   PAD
    0x08007980   0x0000000c   Code   RO         6575    i.__set_errno       mc_w.l(errno.o)
    0x0800798c   0x00000184   Code   RO         6473    i._fp_digits        mc_w.l(printfa.o)
    0x08007b10   0x000006dc   Code   RO         6474    i._printf_core      mc_w.l(printfa.o)
    0x080081ec   0x00000024   Code   RO         6475    i._printf_post_padding  mc_w.l(printfa.o)
    0x08008210   0x0000002e   Code   RO         6476    i._printf_pre_padding  mc_w.l(printfa.o)
    0x0800823e   0x00000002   PAD
    0x08008240   0x00000044   Code   RO         1047    i.calculate_cxof    matrix.o
    0x08008284   0x000000fc   Code   RO         1048    i.calculate_location  matrix.o
    0x08008380   0x00000064   Code   RO         1049    i.creat_matrix      matrix.o
    0x080083e4   0x00000024   Code   RO         1050    i.delete_matrix     matrix.o
    0x08008408   0x00000074   Code   RO          197    i.encodeDecode_Analysis  encodeddecoder.o
    0x0800847c   0x00000042   Code   RO          198    i.encodeDecode_UWBpacket  encodeddecoder.o
    0x080084be   0x00000018   Code   RO         6593    i.fabs              m_wv.l(fabs.o)
    0x080084d6   0x00000002   PAD
    0x080084d8   0x00000014   Code   RO         1170    i.fputc             main.o
    0x080084ec   0x00000050   Code   RO         6494    i.free              mc_w.l(malloc.o)
    0x0800853c   0x0000052c   Code   RO         1173    i.main              main.o
    0x08008a68   0x0000006c   Code   RO         6495    i.malloc            mc_w.l(malloc.o)
    0x08008ad4   0x00000064   Code   RO         1051    i.matrix_T          matrix.o
    0x08008b38   0x000001ba   Code   RO         1053    i.matrix_inv3_3     matrix.o
    0x08008cf2   0x00000002   PAD
    0x08008cf4   0x00000094   Code   RO         1054    i.multiply_matrix   matrix.o
    0x08008d88   0x00000060   Code   RO         1055    i.print_matrix      matrix.o
    0x08008de8   0x00000024   Data   RO         1056    .constdata          matrix.o
    0x08008e0c   0x00000010   Data   RO         4645    .constdata          stm32h7xx_ll_rcc.o
    0x08008e1c   0x00000030   Data   RO         6000    .constdata          stm32h7xx_ll_usart.o
    0x08008e4c   0x00000010   Data   RO         6162    .constdata          system_stm32h7xx.o
    0x08008e5c   0x00000004   PAD
    0x08008e60   0x000000c8   Data   RO         6543    .constdata          m_wv.l(rred.o)
    0x08008f28   0x00000060   Data   RO         6547    .constdata          m_wv.l(tan_i.o)
    0x08008f88   0x00000088   Data   RO         1186    .conststring        main.o
    0x08009010   0x00000020   Data   RO         6607    Region$$Table       anon$$obj.o


    Execution Region RW_IRAM1 (Base: 0x20000000, Size: 0x00000000, Max: 0x00020000, ABSOLUTE)

    **** No section assigned to this execution region ****


    Execution Region RW_IRAM2 (Base: 0x24000000, Size: 0x000010f8, Max: 0x00080000, ABSOLUTE, COMPRESSED[0x0000003c])

    Base Addr    Size         Type   Attr      Idx    E Section Name        Object

    0x24000000   0x00000040   Data   RW          885    .data               flycontrol.o
    0x24000040   0x00000004   Data   RW          891    .data               flycontrol.o
    0x24000044   0x00000004   Data   RW          892    .data               flycontrol.o
    0x24000048   0x00000008   Data   RW         1057    .data               matrix.o
    0x24000050   0x000000d7   Data   RW         1188    .data               main.o
    0x24000127   0x00000001   PAD
    0x24000128   0x0000000c   Data   RW         3754    .data               stm32h7xx_hal.o
    0x24000134   0x00000008   Data   RW         6163    .data               system_stm32h7xx.o
    0x2400013c   0x00000004   Data   RW         6566    .data               mc_w.l(stdout.o)
    0x24000140   0x00000004   Data   RW         6571    .data               mc_w.l(mvars.o)
    0x24000144   0x00000004   Data   RW         6572    .data               mc_w.l(mvars.o)
    0x24000148   0x00000004   Data   RW         6576    .data               mc_w.l(errno.o)
    0x2400014c   0x00000018   Zero   RW          199    .bss                encodeddecoder.o
    0x24000164   0x00000009   Zero   RW          384    .bss                uart_api.o
    0x2400016d   0x00000003   PAD
    0x24000170   0x00000080   Zero   RW          883    .bss                flycontrol.o
    0x240001f0   0x00000908   Zero   RW         1179    .bss                main.o
    0x24000af8   0x00000200   Zero   RW            2    HEAP                startup_stm32h743xx.o
    0x24000cf8   0x00000400   Zero   RW            1    STACK               startup_stm32h743xx.o


==============================================================================

Image component sizes


      Code (inc. data)   RO Data    RW Data    ZI Data      Debug   Object Name

        32         12          0          0          0    1309644   beep.o
       182          4          0          0         24       4853   encodeddecoder.o
      1100        176          0         72        128      11272   flycontrol.o
       132         34          0          0          0       4075   led.o
      6920        872        136        215       2312     108985   main.o
      1242         42         36          8          0       7117   matrix.o
         0          0          0          0          0       3292   mav_altitude_decode.o
        36          8        664          0       1536        836   startup_stm32h743xx.o
       248         48          0         12          0      23956   stm32h7xx_hal.o
      1846        152          0          0          0      68660   stm32h7xx_hal_adc.o
       304         22          0          0          0      63279   stm32h7xx_hal_adc_ex.o
       354         28          0          0          0      41769   stm32h7xx_hal_cortex.o
       650         42          0          0          0       3266   stm32h7xx_hal_dma.o
       592         50          0          0          0       3496   stm32h7xx_hal_gpio.o
      1866         72          0          0          0      15839   stm32h7xx_hal_i2c.o
       172          0          0          0          0       1967   stm32h7xx_hal_i2c_ex.o
       948         94          0          0          0       4451   stm32h7xx_hal_msp.o
        84          6          0          0          0        789   stm32h7xx_hal_pwr_ex.o
      2312         88          0          0          0       5858   stm32h7xx_hal_rcc.o
      4466        172          0          0          0      10351   stm32h7xx_hal_rcc_ex.o
      3870        336          0          0          0      25413   stm32h7xx_hal_tim.o
       170         30          0          0          0       3076   stm32h7xx_hal_tim_ex.o
       176         78          0          0          0      10233   stm32h7xx_it.o
       180          0          0          0          0       7271   stm32h7xx_ll_gpio.o
      1396        180         16          0          0      58947   stm32h7xx_ll_rcc.o
       280         48         48          0          0      27268   stm32h7xx_ll_usart.o
       220         40         16          8          0       1378   system_stm32h7xx.o
       154          0          0          0          9      27132   uart_api.o

    ----------------------------------------------------------------------
     29982       2634        952        316       4012    1854473   Object Totals
         0          0         32          0          0          0   (incl. Generated)
        50          0          4          1          3          0   (incl. Padding)

    ----------------------------------------------------------------------

      Code (inc. data)   RO Data    RW Data    ZI Data      Debug   Library Member Name

        48         28          0          0          0        232   dunder.o
        24          0          0          0          0        124   fabs.o
        48          0          0          0          0        124   fpclassify.o
       112          0          0          0          0        116   poly.o
       784        138        200          0          0        172   rred.o
       128         20          0          0          0        144   tan.o
       520         86         96          0          0        196   tan_i.o
        86          0          0          0          0          0   __dczerorl2.o
         0          0          0          0          0          0   entry.o
         0          0          0          0          0          0   entry10a.o
         0          0          0          0          0          0   entry11a.o
         8          4          0          0          0          0   entry2.o
         4          0          0          0          0          0   entry5.o
         0          0          0          0          0          0   entry7b.o
         0          0          0          0          0          0   entry8b.o
         8          4          0          0          0          0   entry9a.o
        12          6          0          4          0         68   errno.o
        30          0          0          0          0          0   handlers.o
        36          8          0          0          0         68   init.o
         0          0          0          0          0          0   iusefp.o
        30          0          0          0          0         68   llshl.o
        36          0          0          0          0         68   llsshr.o
        32          0          0          0          0         68   llushr.o
       188         20          0          0          0        160   malloc.o
        36          0          0          0          0         68   memcpya.o
        36          0          0          0          0        108   memseta.o
         0          0          0          8          0          0   mvars.o
      2258         90          0          0          0        452   printfa.o
         0          0          0          4          0          0   stdout.o
        44          0          0          0          0         80   uidiv.o
        98          0          0          0          0         92   uldiv.o
        48          0          0          0          0         68   cdrcmple.o
       334          0          0          0          0        148   dadd.o
       222          0          0          0          0        100   ddiv.o
       186          0          0          0          0        176   depilogue.o
        48          0          0          0          0         68   dfixul.o
       228          0          0          0          0         96   dmul.o

    ----------------------------------------------------------------------
      5682        404        296         16          0       3064   Library Totals
        10          0          0          0          0          0   (incl. Padding)

    ----------------------------------------------------------------------

      Code (inc. data)   RO Data    RW Data    ZI Data      Debug   Library Name

      1664        272        296          0          0       1108   m_wv.l
      2942        132          0         16          0       1300   mc_w.l
      1066          0          0          0          0        656   mf_w.l

    ----------------------------------------------------------------------
      5682        404        296         16          0       3064   Library Totals

    ----------------------------------------------------------------------

==============================================================================


      Code (inc. data)   RO Data    RW Data    ZI Data      Debug   

     35664       3038       1248        332       4012    1835533   Grand Totals
     35664       3038       1248         60       4012    1835533   ELF Image Totals (compressed)
     35664       3038       1248         60          0          0   ROM Totals

==============================================================================

    Total RO  Size (Code + RO Data)                36912 (  36.05kB)
    Total RW  Size (RW Data + ZI Data)              4344 (   4.24kB)
    Total ROM Size (Code + RO Data + RW Data)      36972 (  36.11kB)

==============================================================================

