<html>
<body>
<pre>
<h1>µVision Build Log</h1>
<h2>Tool Versions:</h2>
IDE-Version: ¦ÌVision V5.23.0.0
Copyright (C) 2017 ARM Ltd and ARM Germany GmbH. All rights reserved.
License Information: 1 2041729, HP Inc., LIC=P6F56-DKL4I-JPTZQ-NPAAZ-GJ9CY-5X6VK
 
Tool Versions:
Toolchain:       MDK-ARM Professional  Version: 5.23
Toolchain Path:  F:\Tools\KEIL_v5\ARM\ARMCC\Bin
C Compiler:      Armcc.exe V5.06 update 4 (build 422)
Assembler:       Armasm.exe V5.06 update 4 (build 422)
Linker/Locator:  ArmLink.exe V5.06 update 4 (build 422)
Library Manager: ArmAr.exe V5.06 update 4 (build 422)
Hex Converter:   FromElf.exe V5.06 update 4 (build 422)
CPU DLL:         SARMCM3.DLL V5.23
Dialog DLL:      DCM.DLL V1.15.0.0
Target DLL:      STLink\ST-LINKIII-KEIL_SWO.dll V2.0.18.0
Dialog DLL:      TCM.DLL V1.27.0.0
 
<h2>Project:</h2>
F:\User\lemon\Desktop\UVA_assistant\MDK-ARM\FlyAssistant-f407.uvprojx
Project File Date:  07/21/2022

<h2>Output:</h2>
*** Using Compiler 'V5.06 update 4 (build 422)', folder: 'F:\Tools\KEIL_v5\ARM\ARMCC\Bin'
Build target 'FlyAssistant-f407'
compiling uart_api.c...
..\Src\uart_api.c(14): warning:  #1035-D: single-precision operand implicitly converted to double-precision
      dx =  (short)(speed[0] * 100 * 0.15);
..\Src\uart_api.c(15): warning:  #1035-D: single-precision operand implicitly converted to double-precision
      dy = -(short)(speed[1] * 100 * 0.15);
..\Src\uart_api.c: 2 warnings, 0 errors
linking...
Program Size: Code=43668 RO-data=1236 RW-data=1472 ZI-data=6224  
FromELF: creating hex file...
"FlyAssistant-f407\FlyAssistant-f407.axf" - 0 Error(s), 2 Warning(s).

<h2>Software Packages used:</h2>

Package Vendor: ARM
                http://www.keil.com/pack/ARM.CMSIS.5.0.1.pack
                ARM::CMSIS:CORE:5.0.1
                CMSIS (Cortex Microcontroller Software Interface Standard)
   * Component: CORE Version: 5.0.1

<h2>Collection of Component include folders:</h2>
  .\RTE\_FlyAssistant-f407
  F:\Tools\KEIL_v5\ARM\PACK\ARM\CMSIS\5.0.1\CMSIS\Include
  F:\Tools\KEIL_v5\ARM\PACK\Keil\STM32F4xx_DFP\2.15.0\Drivers\CMSIS\Device\ST\STM32F4xx\Include

<h2>Collection of Component Files used:</h2>

   * Component: ARM::CMSIS:CORE:5.0.1
Build Time Elapsed:  00:00:12
</pre>
</body>
</html>
