<html>
<body>
<pre>
<h1>�Vision Build Log</h1>
<h2>Tool Versions:</h2>
IDE-Version: ��Vision V5.23.0.0
Copyright (C) 2017 ARM Ltd and ARM Germany GmbH. All rights reserved.
License Information: 1 2041729, HP Inc., LIC=P6F56-DKL4I-JPTZQ-NPAAZ-GJ9CY-5X6VK
 
Tool Versions:
Toolchain:       MDK-ARM Professional  Version: 5.23
Toolchain Path:  F:\Tools\KEIL_v5\ARM\ARMCC\Bin
C Compiler:      Armcc.exe V5.06 update 4 (build 422)
Assembler:       Armasm.exe V5.06 update 4 (build 422)
Linker/Locator:  ArmLink.exe V5.06 update 4 (build 422)
Library Manager: ArmAr.exe V5.06 update 4 (build 422)
Hex Converter:   FromElf.exe V5.06 update 4 (build 422)
CPU DLL:         SARMCM3.DLL V5.23
Dialog DLL:      DCM.DLL V1.15.0.0
Target DLL:      STLink\ST-LINKIII-KEIL_SWO.dll V2.0.18.0
Dialog DLL:      TCM.DLL V1.27.0.0
 
<h2>Project:</h2>
f:\User\lemon\Desktop\UVA_assistant\MDK-ARM\FlyAssistant-f407.uvprojx
Project File Date:  07/26/2022

<h2>Output:</h2>
*** Using Compiler 'V5.06 update 4 (build 422)', folder: 'F:\Tools\KEIL_v5\ARM\ARMCC\Bin'
Build target 'FlyAssistant-f407'
compiling patrol.c...
../Inc/patrol.h(13): warning:  #1295-D: Deprecated declaration reset_path_flag - give arg types
  void reset_path_flag();
../Inc/patrol.h(25): warning:  #1-D: last line of file ends without a newline
  #endif
..\Src\patrol.c(19): warning:  #1035-D: single-precision operand implicitly converted to double-precision
      float tar_x = (float)target_location[0] / 100.0;
..\Src\patrol.c(20): warning:  #1035-D: single-precision operand implicitly converted to double-precision
      float tar_y = (float)target_location[1] / 100.0;
..\Src\patrol.c(35): warning:  #1035-D: single-precision operand implicitly converted to double-precision
              next_location[1] = (int)((current_location[1] + flag_y * 0.3) * 100);
..\Src\patrol.c(49): warning:  #1035-D: single-precision operand implicitly converted to double-precision
              next_location[0] = (int)((current_location[0] + flag_x * 0.3) * 100);
..\Src\patrol.c(57): warning:  #940-D: missing return statement at end of non-void function "set_NextLocation" 
  }
..\Src\patrol.c(197): warning:  #174-D: expression has no effect
      path[0][0], path[0][1] = begin[0], begin[1];        //起始�?
..\Src\patrol.c(213): warning:  #111-D: statement is unreachable
          return 1; break;
..\Src\patrol.c(215): warning:  #111-D: statement is unreachable
          return 3; break;
..\Src\patrol.c(216): warning:  #111-D: statement is unreachable
      default: return 2; break;
..\Src\patrol.c(226): warning:  #940-D: missing return statement at end of non-void function "Get_circle_2" 
  }
..\Src\patrol.c(243): warning:  #223-D: function "abs" declared implicitly
      if(abs(height - 1500) > 100 && *is_takeoff==1)
..\Src\patrol.c(290): warning:  #1-D: last line of file ends without a newline
  }
..\Src\patrol.c: 14 warnings, 0 errors
compiling encodedDecoder.c...
..\Src\encodedDecoder.c(90): warning:  #940-D: missing return statement at end of non-void function "encodeDecode_Analysis" 
  }
..\Src\encodedDecoder.c(127): warning:  #1035-D: single-precision operand implicitly converted to double-precision
  						outBuf[uwb_id - 1] /= 100.00;
..\Src\encodedDecoder.c: 2 warnings, 0 errors
compiling flyControl.c...
..\Src\flyControl.c(132): warning:  #223-D: function "abs" declared implicitly
  		PID_Control_param = (abs(CurrentPoint - SetPoint) > 95)?  1.2  : 1.0;
..\Src\flyControl.c(144): warning:  #1035-D: single-precision operand implicitly converted to double-precision
  		if(flag) out *= 0.5;
..\Src\flyControl.c(163): warning:  #223-D: function "abs" declared implicitly
  	out = abs((int)out);
..\Src\flyControl.c(330): warning:  #1035-D: single-precision operand implicitly converted to double-precision
  			Set_PWM_Thr((int)(4500 + 750 * exp((-current_height / target_height) * 0.95)));
..\Src\flyControl.c(448): warning:  #223-D: function "abs" declared implicitly
  	if(abs(deadZoneX) >= 20)
..\Src\flyControl.c(458): warning:  #223-D: function "abs" declared implicitly
  	if(abs(deadZoneY) >= 20)
..\Src\flyControl.c(486): warning:  #223-D: function "abs" declared implicitly
  	if(abs(deadZoneX)>=DeadThreShold)
..\Src\flyControl.c(494): warning:  #223-D: function "abs" declared implicitly
  	if(abs(deadZoneX)<DeadThreShold)
..\Src\flyControl.c(500): warning:  #223-D: function "abs" declared implicitly
  	if(abs(deadZoneY)>=DeadThreShold)
..\Src\flyControl.c(508): warning:  #223-D: function "abs" declared implicitly
  	if(abs(deadZoneY) < DeadThreShold)
..\Src\flyControl.c(480): warning:  #177-D: variable "h"  was declared but never referenced
  	int h = 50;
..\Src\flyControl.c: 11 warnings, 0 errors
compiling main.c...
../Inc/patrol.h(13): warning:  #1295-D: Deprecated declaration reset_path_flag - give arg types
  void reset_path_flag();
../Inc/patrol.h(25): warning:  #1-D: last line of file ends without a newline
  #endif
../Core/Src/main.c(416): warning:  #223-D: function "Set_PWM_Ctrl" declared implicitly
  		Set_PWM_Ctrl(CHANNEL_3_PULSE_WIDE);		//便于在地面站观察直通或桥接模式
../Core/Src/main.c(250): warning:  #177-D: variable "i3"  was declared but never referenced
  	uint16_t i1 = 0, i2 = 0, i3 = 0, i5 = 0;
../Core/Src/main.c(251): warning:  #177-D: variable "len"  was declared but never referenced
  	uint16_t len = 0;
../Core/Src/main.c(254): warning:  #177-D: variable "rxlen_usart_3"  was declared but never referenced
  	uint16_t rxlen_usart_3;
../Core/Src/main.c(257): warning:  #550-D: variable "cmd"  was set but never used
  	uint8_t cmd = 0;
../Core/Src/main.c(259): warning:  #550-D: variable "RunTime"  was set but never used
  	uint32_t RunTime = 0;
../Core/Src/main.c(260): warning:  #177-D: variable "ContrlTime_x"  was declared but never referenced
  	uint32_t ContrlTime_x = 0;
../Core/Src/main.c(261): warning:  #177-D: variable "ContrlTime_y"  was declared but never referenced
  	uint32_t ContrlTime_y = 0;
../Core/Src/main.c(266): warning:  #177-D: variable "Ctrl_flag_time"  was declared but never referenced
  	uint32_t Ctrl_flag_time = 0;
../Core/Src/main.c(268): warning:  #177-D: variable "decodetimer"  was declared but never referenced
  	uint32_t decodetimer;
../Core/Src/main.c(274): warning:  #177-D: variable "flag_rx2"  was declared but never referenced
  	int flag_rx2 = 0;
../Core/Src/main.c(281): warning:  #177-D: variable "str"  was declared but never referenced
    uint8_t str[] = "hello world\r\n";
../Core/Src/main.c(668): warning:  #870-D: invalid multibyte character sequence
  	printf("  PA6       ------>   PWM1      与遥控器接收机油门相�?? \r\n");
../Core/Src/main.c(816): warning:  #1035-D: single-precision operand implicitly converted to double-precision
  	out_Data = 0.7 * IN_Data + 0.3 * last_Data;
../Core/Src/main.c(816): warning:  #1035-D: single-precision operand implicitly converted to double-precision
  	out_Data = 0.7 * IN_Data + 0.3 * last_Data;
../Core/Src/main.c(1540): warning:  #550-D: variable "len"  was set but never used
  	uint16_t len;
../Core/Src/main.c(1564): warning:  #550-D: variable "len"  was set but never used
  	uint16_t len;
../Core/Src/main.c(1593): warning:  #550-D: variable "len"  was set but never used
  	uint16_t len;
../Core/Src/main.c(98): warning:  #177-D: variable "heartbeat"  was declared but never referenced
  static int heartbeat = 0;
../Core/Src/main.c: 21 warnings, 0 errors
linking...
Program Size: Code=45088 RO-data=992 RW-data=1568 ZI-data=6304  
FromELF: creating hex file...
"FlyAssistant-f407\FlyAssistant-f407.axf" - 0 Error(s), 48 Warning(s).

<h2>Software Packages used:</h2>

Package Vendor: ARM
                http://www.keil.com/pack/ARM.CMSIS.5.0.1.pack
                ARM::CMSIS:CORE:5.0.1
                CMSIS (Cortex Microcontroller Software Interface Standard)
   * Component: CORE Version: 5.0.1

<h2>Collection of Component include folders:</h2>
  .\RTE\_FlyAssistant-f407
  F:\Tools\KEIL_v5\ARM\PACK\ARM\CMSIS\5.0.1\CMSIS\Include
  F:\Tools\KEIL_v5\ARM\PACK\Keil\STM32F4xx_DFP\2.15.0\Drivers\CMSIS\Device\ST\STM32F4xx\Include

<h2>Collection of Component Files used:</h2>

   * Component: ARM::CMSIS:CORE:5.0.1
Build Time Elapsed:  00:00:10
</pre>
</body>
</html>
