Component: ARM Compiler 5.06 update 4 (build 422) Tool: armlink [4d35d2]

==============================================================================

Section Cross References

    beep.o(i.BEEP_OFF) refers to stm32f4xx_hal_gpio.o(i.HAL_GPIO_WritePin) for HAL_GPIO_WritePin
    beep.o(i.BEEP_ON) refers to stm32f4xx_hal_gpio.o(i.HAL_GPIO_WritePin) for HAL_GPIO_WritePin
    key.o(i.GetKey_NUM) refers to key.o(i.KeyScanning) for KeyScanning
    key.o(i.GetKey_NUM) refers to led.o(i.LED2_Flash) for LED2_Flash
    key.o(i.GetKey_NUM) refers to beep.o(i.BEEP_ON) for BEEP_ON
    key.o(i.KEY_Init) refers to stm32f4xx_hal_gpio.o(i.HAL_GPIO_Init) for HAL_GPIO_Init
    key.o(i.KeyScanning) refers to stm32f4xx_hal_gpio.o(i.HAL_GPIO_ReadPin) for HAL_GPIO_ReadPin
    key.o(i.KeyScanning) refers to printfa.o(i.__0printf) for __2printf
    key.o(i.KeyScanning) refers to stm32f4xx_hal.o(i.HAL_Delay) for HAL_Delay
    key.o(i.KeyScanning) refers to key.o(.data) for .data
    mav_altitude_decode.o(i.Mav_Altitude_Decoder) refers to mav_altitude_decode.o(i.mavlink_parse_char) for mavlink_parse_char
    mav_altitude_decode.o(i.Mav_Altitude_Decoder) refers to memcpya.o(.text) for __aeabi_memcpy4
    mav_altitude_decode.o(i.mavlink_parse_char) refers to mav_altitude_decode.o(i.mavlink_update_checksum) for mavlink_update_checksum
    mav_altitude_decode.o(i.mavlink_parse_char) refers to memcpya.o(.text) for __aeabi_memcpy
    mav_altitude_decode.o(i.mavlink_parse_char) refers to mav_altitude_decode.o(.bss) for .bss
    mav_altitude_decode.o(i.mavlink_parse_char) refers to mav_altitude_decode.o(.constdata) for .constdata
    startup_stm32f407xx.o(RESET) refers to startup_stm32f407xx.o(STACK) for __initial_sp
    startup_stm32f407xx.o(RESET) refers to startup_stm32f407xx.o(.text) for Reset_Handler
    startup_stm32f407xx.o(RESET) refers to stm32f4xx_it.o(i.NMI_Handler) for NMI_Handler
    startup_stm32f407xx.o(RESET) refers to stm32f4xx_it.o(i.HardFault_Handler) for HardFault_Handler
    startup_stm32f407xx.o(RESET) refers to stm32f4xx_it.o(i.MemManage_Handler) for MemManage_Handler
    startup_stm32f407xx.o(RESET) refers to stm32f4xx_it.o(i.BusFault_Handler) for BusFault_Handler
    startup_stm32f407xx.o(RESET) refers to stm32f4xx_it.o(i.UsageFault_Handler) for UsageFault_Handler
    startup_stm32f407xx.o(RESET) refers to stm32f4xx_it.o(i.SVC_Handler) for SVC_Handler
    startup_stm32f407xx.o(RESET) refers to stm32f4xx_it.o(i.DebugMon_Handler) for DebugMon_Handler
    startup_stm32f407xx.o(RESET) refers to stm32f4xx_it.o(i.PendSV_Handler) for PendSV_Handler
    startup_stm32f407xx.o(RESET) refers to stm32f4xx_it.o(i.SysTick_Handler) for SysTick_Handler
    startup_stm32f407xx.o(RESET) refers to stm32f4xx_it.o(i.TIM1_UP_TIM10_IRQHandler) for TIM1_UP_TIM10_IRQHandler
    startup_stm32f407xx.o(RESET) refers to stm32f4xx_it.o(i.TIM1_TRG_COM_TIM11_IRQHandler) for TIM1_TRG_COM_TIM11_IRQHandler
    startup_stm32f407xx.o(RESET) refers to stm32f4xx_it.o(i.TIM2_IRQHandler) for TIM2_IRQHandler
    startup_stm32f407xx.o(RESET) refers to stm32f4xx_it.o(i.TIM3_IRQHandler) for TIM3_IRQHandler
    startup_stm32f407xx.o(RESET) refers to stm32f4xx_it.o(i.TIM4_IRQHandler) for TIM4_IRQHandler
    startup_stm32f407xx.o(RESET) refers to stm32f4xx_it.o(i.USART1_IRQHandler) for USART1_IRQHandler
    startup_stm32f407xx.o(RESET) refers to stm32f4xx_it.o(i.USART2_IRQHandler) for USART2_IRQHandler
    startup_stm32f407xx.o(RESET) refers to stm32f4xx_it.o(i.USART3_IRQHandler) for USART3_IRQHandler
    startup_stm32f407xx.o(RESET) refers to stm32f4xx_it.o(i.TIM8_UP_TIM13_IRQHandler) for TIM8_UP_TIM13_IRQHandler
    startup_stm32f407xx.o(RESET) refers to stm32f4xx_it.o(i.TIM8_TRG_COM_TIM14_IRQHandler) for TIM8_TRG_COM_TIM14_IRQHandler
    startup_stm32f407xx.o(RESET) refers to stm32f4xx_it.o(i.TIM5_IRQHandler) for TIM5_IRQHandler
    startup_stm32f407xx.o(RESET) refers to stm32f4xx_it.o(i.UART5_IRQHandler) for UART5_IRQHandler
    startup_stm32f407xx.o(RESET) refers to stm32f4xx_it.o(i.TIM7_IRQHandler) for TIM7_IRQHandler
    startup_stm32f407xx.o(.text) refers to system_stm32f4xx.o(i.SystemInit) for SystemInit
    startup_stm32f407xx.o(.text) refers to entry.o(.ARM.Collect$$$$00000000) for __main
    mpu6050.o(i.IICwriteBit) refers to i2c_application.o(i.IIC_Read_nByte) for IIC_Read_nByte
    mpu6050.o(i.IICwriteBit) refers to i2c_application.o(i.IIC_Write_1Byte) for IIC_Write_1Byte
    mpu6050.o(i.IICwriteBit) refers to mpu6050.o(.data) for .data
    mpu6050.o(i.IICwriteBits) refers to i2c_application.o(i.IIC_Read_nByte) for IIC_Read_nByte
    mpu6050.o(i.IICwriteBits) refers to i2c_application.o(i.IIC_Write_1Byte) for IIC_Write_1Byte
    mpu6050.o(i.MPU6050_Data_Offset) refers to mpu6050.o(.bss) for .bss
    mpu6050.o(i.MPU6050_Data_Offset) refers to mpu6050.o(.data) for .data
    mpu6050.o(i.MPU6050_Data_Prepare) refers to memseta.o(.text) for __aeabi_memclr4
[...]
    HardFault_Handler                        0x08002fe9   Thumb Code     2  stm32f4xx_it.o(i.HardFault_Handler)
    IIC_Read_nByte                           0x0800339d   Thumb Code    56  i2c_application.o(i.IIC_Read_nByte)
    IMUupdate                                0x080033d9   Thumb Code  1248  imu.o(i.IMUupdate)
    KEY_Init                                 0x080038c1   Thumb Code    70  key.o(i.KEY_Init)
    KeyScanning                              0x08003911   Thumb Code   226  key.o(i.KeyScanning)
    LED1_Flash                               0x08003a4d   Thumb Code     8  led.o(i.LED1_Flash)
    LED1_Slow_Flash                          0x08003a59   Thumb Code    40  led.o(i.LED1_Slow_Flash)
    LED2_Flash                               0x08003a85   Thumb Code     8  led.o(i.LED2_Flash)
    LED3_Flash                               0x08003a91   Thumb Code     8  led.o(i.LED3_Flash)
    LED_B_Flash                              0x08003a9d   Thumb Code     4  led.o(i.LED_B_Flash)
    LED_B_Off                                0x08003aa1   Thumb Code    10  led.o(i.LED_B_Off)
    LED_G_Flash                              0x08003ab1   Thumb Code     4  led.o(i.LED_G_Flash)
    LED_G_Off                                0x08003ab5   Thumb Code    10  led.o(i.LED_G_Off)
    LED_R_Off                                0x08003ac5   Thumb Code    10  led.o(i.LED_R_Off)
    LL_GPIO_Init                             0x08003b05   Thumb Code   310  stm32f4xx_ll_gpio.o(i.LL_GPIO_Init)
    LL_RCC_GetSystemClocksFreq               0x08003c3b   Thumb Code    32  stm32f4xx_ll_rcc.o(i.LL_RCC_GetSystemClocksFreq)
    LL_USART_Init                            0x08003c85   Thumb Code   136  stm32f4xx_ll_usart.o(i.LL_USART_Init)
    Loiter                                   0x08003dd5   Thumb Code   234  flycontrol.o(i.Loiter)
    Loiter_location                          0x08003ef5   Thumb Code    96  flycontrol.o(i.Loiter_location)
    MPU6050_Data_Offset                      0x08003f61   Thumb Code   330  mpu6050.o(i.MPU6050_Data_Offset)
    MPU6050_Data_Prepare                     0x080040b9   Thumb Code   650  mpu6050.o(i.MPU6050_Data_Prepare)
    MPU6050_Read                             0x0800435d   Thumb Code    12  mpu6050.o(i.MPU6050_Read)
    MX_ADC1_Init                             0x0800436d   Thumb Code    88  adc.o(i.MX_ADC1_Init)
    MX_GPIO_Init                             0x080043d1   Thumb Code   238  gpio.o(i.MX_GPIO_Init)
    MX_I2C1_Init                             0x080044d1   Thumb Code    50  i2c.o(i.MX_I2C1_Init)
    MX_I2C3_Init                             0x08004511   Thumb Code    50  i2c.o(i.MX_I2C3_Init)
    MX_TIM10_Init                            0x08004551   Thumb Code    46  tim.o(i.MX_TIM10_Init)
    MX_TIM11_Init                            0x08004589   Thumb Code    46  tim.o(i.MX_TIM11_Init)
    MX_TIM13_Init                            0x080045c1   Thumb Code    46  tim.o(i.MX_TIM13_Init)
    MX_TIM14_Init                            0x080045f9   Thumb Code    46  tim.o(i.MX_TIM14_Init)
    MX_TIM2_Init                             0x08004631   Thumb Code   192  tim.o(i.MX_TIM2_Init)
    MX_TIM3_Init                             0x080046f5   Thumb Code   190  tim.o(i.MX_TIM3_Init)
    MX_TIM4_Init                             0x080047bd   Thumb Code   198  tim.o(i.MX_TIM4_Init)
    MX_TIM5_Init                             0x0800488d   Thumb Code   198  tim.o(i.MX_TIM5_Init)
    MX_TIM7_Init                             0x0800495d   Thumb Code    62  tim.o(i.MX_TIM7_Init)
    MX_UART5_Init                            0x080049a5   Thumb Code   168  usart.o(i.MX_UART5_Init)
    MX_USART1_UART_Init                      0x08004a59   Thumb Code   150  usart.o(i.MX_USART1_UART_Init)
    MX_USART2_UART_Init                      0x08004afd   Thumb Code   138  usart.o(i.MX_USART2_UART_Init)
    MX_USART3_UART_Init                      0x08004b91   Thumb Code   140  usart.o(i.MX_USART3_UART_Init)
    MemManage_Handler                        0x08004c25   Thumb Code     2  stm32f4xx_it.o(i.MemManage_Handler)
    NMI_Handler                              0x08004c27   Thumb Code     2  stm32f4xx_it.o(i.NMI_Handler)
    PIDCalc                                  0x08004c5d   Thumb Code   308  flycontrol.o(i.PIDCalc)
    PIDInit                                  0x08004da5   Thumb Code   228  flycontrol.o(i.PIDInit)
    PID_GetTime                              0x08004ea9   Thumb Code   202  flycontrol.o(i.PID_GetTime)
    PID_location                             0x08004f81   Thumb Code   118  flycontrol.o(i.PID_location)
    Pack_cxof_buf                            0x08004ff9   Thumb Code   134  uart_api.o(i.Pack_cxof_buf)
    PendSV_Handler                           0x0800508d   Thumb Code     2  stm32f4xx_it.o(i.PendSV_Handler)
    RCC_GetHCLKClockFreq                     0x080051f5   Thumb Code    18  stm32f4xx_ll_rcc.o(i.RCC_GetHCLKClockFreq)
    RCC_GetPCLK1ClockFreq                    0x08005211   Thumb Code    20  stm32f4xx_ll_rcc.o(i.RCC_GetPCLK1ClockFreq)
    RCC_GetPCLK2ClockFreq                    0x0800522d   Thumb Code    20  stm32f4xx_ll_rcc.o(i.RCC_GetPCLK2ClockFreq)
    RCC_GetSystemClockFreq                   0x08005249   Thumb Code    30  stm32f4xx_ll_rcc.o(i.RCC_GetSystemClockFreq)
    RCC_PLL_GetFreqDomain_SYS                0x08005275   Thumb Code    68  stm32f4xx_ll_rcc.o(i.RCC_PLL_GetFreqDomain_SYS)
    RC_Read                                  0x080052c1   Thumb Code    60  main.o(i.RC_Read)
    RC_bridge                                0x08005301   Thumb Code    62  flycontrol.o(i.RC_bridge)
    SVC_Handler                              0x08005361   Thumb Code     2  stm32f4xx_it.o(i.SVC_Handler)
    Send_cxof_buf                            0x08005363   Thumb Code    18  uart_api.o(i.Send_cxof_buf)
    Set_PWM_Pitch                            0x080055e9   Thumb Code     6  flycontrol.o(i.Set_PWM_Pitch)
    Set_PWM_Roll                             0x080055f5   Thumb Code     6  flycontrol.o(i.Set_PWM_Roll)
    Set_PWM_Thr                              0x08005601   Thumb Code     6  flycontrol.o(i.Set_PWM_Thr)
    Set_PWM_Yaw                              0x0800560d   Thumb Code     6  flycontrol.o(i.Set_PWM_Yaw)
    SysTick_Handler                          0x08005619   Thumb Code     4  stm32f4xx_it.o(i.SysTick_Handler)
    SystemClock_Config                       0x0800561d   Thumb Code   138  main.o(i.SystemClock_Config)
    SystemInit                               0x080056b1   Thumb Code    12  system_stm32f4xx.o(i.SystemInit)
    TIM11_Set                                0x080056c1   Thumb Code    20  main.o(i.TIM11_Set)
    TIM13_Set                                0x080056dd   Thumb Code    20  main.o(i.TIM13_Set)
    TIM14_Set                                0x080056f9   Thumb Code    20  main.o(i.TIM14_Set)
    TIM1_TRG_COM_TIM11_IRQHandler            0x08005715   Thumb Code     6  stm32f4xx_it.o(i.TIM1_TRG_COM_TIM11_IRQHandler)
    TIM1_UP_TIM10_IRQHandler                 0x08005721   Thumb Code     6  stm32f4xx_it.o(i.TIM1_UP_TIM10_IRQHandler)
    TIM2_IRQHandler                          0x0800572d   Thumb Code     6  stm32f4xx_it.o(i.TIM2_IRQHandler)
    TIM3_IRQHandler                          0x08005739   Thumb Code     6  stm32f4xx_it.o(i.TIM3_IRQHandler)
    TIM4_IRQHandler                          0x08005745   Thumb Code     6  stm32f4xx_it.o(i.TIM4_IRQHandler)
    TIM5_IRQHandler                          0x08005751   Thumb Code     6  stm32f4xx_it.o(i.TIM5_IRQHandler)
    TIM7_IRQHandler                          0x0800575d   Thumb Code     6  stm32f4xx_it.o(i.TIM7_IRQHandler)
    TIM8_TRG_COM_TIM14_IRQHandler            0x08005769   Thumb Code     6  stm32f4xx_it.o(i.TIM8_TRG_COM_TIM14_IRQHandler)
    TIM8_UP_TIM13_IRQHandler                 0x08005775   Thumb Code     6  stm32f4xx_it.o(i.TIM8_UP_TIM13_IRQHandler)
    TIM_Base_SetConfig                       0x08005781   Thumb Code   156  stm32f4xx_hal_tim.o(i.TIM_Base_SetConfig)
    TIM_CCxChannelCmd                        0x08005849   Thumb Code    26  stm32f4xx_hal_tim.o(i.TIM_CCxChannelCmd)
    TIM_ETR_SetConfig                        0x08005863   Thumb Code    20  stm32f4xx_hal_tim.o(i.TIM_ETR_SetConfig)
    TIM_OC2_SetConfig                        0x080058e9   Thumb Code    98  stm32f4xx_hal_tim.o(i.TIM_OC2_SetConfig)
    TIM_TI1_SetConfig                        0x08005a31   Thumb Code   100  stm32f4xx_hal_tim.o(i.TIM_TI1_SetConfig)
    Take_off                                 0x08005b0d   Thumb Code   198  flycontrol.o(i.Take_off)
    To_180_degrees                           0x08005bfd   Thumb Code    36  mymath.o(i.To_180_degrees)
    Transform                                0x08005c2d   Thumb Code    14  mpu6050.o(i.Transform)
    UART5_IRQHandler                         0x08005c3d   Thumb Code     6  stm32f4xx_it.o(i.UART5_IRQHandler)
    USART1_IRQHandler                        0x08005c49   Thumb Code     6  stm32f4xx_it.o(i.USART1_IRQHandler)
    USART2_IRQHandler                        0x08005c55   Thumb Code     6  stm32f4xx_it.o(i.USART2_IRQHandler)
    USART3_IRQHandler                        0x08005c61   Thumb Code     6  stm32f4xx_it.o(i.USART3_IRQHandler)
    USART_RxCallback                         0x08005c6d   Thumb Code   244  main.o(i.USART_RxCallback)
    Unlock                                   0x08005d8d   Thumb Code    90  flycontrol.o(i.Unlock)
    UsageFault_Handler                       0x08005e1d   Thumb Code     2  stm32f4xx_it.o(i.UsageFault_Handler)
    VL53L1_ClearInterruptAndStartMeasurement 0x08005e1f   Thumb Code    22  vl53l1_api.o(i.VL53L1_ClearInterruptAndStartMeasurement)
    VL53L1_DataInit                          0x08005e35   Thumb Code    90  vl53l1_api.o(i.VL53L1_DataInit)
    VL53L1_GetLimitCheckEnable               0x08005e8f   Thumb Code    24  vl53l1_api.o(i.VL53L1_GetLimitCheckEnable)
    VL53L1_GetLimitCheckValue                0x08005ea9   Thumb Code    84  vl53l1_api.o(i.VL53L1_GetLimitCheckValue)
    VL53L1_GetMeasurementDataReady           0x08005efd   Thumb Code     4  vl53l1_api.o(i.VL53L1_GetMeasurementDataReady)
    VL53L1_GetRangingMeasurementData         0x08005f01   Thumb Code    60  vl53l1_api.o(i.VL53L1_GetRangingMeasurementData)
    VL53L1_GetSequenceStepEnable             0x08005f3d   Thumb Code     4  vl53l1_api.o(i.VL53L1_GetSequenceStepEnable)
    VL53L1_RdByte                            0x08005f41   Thumb Code    54  vl53l1_platform.o(i.VL53L1_RdByte)
    VL53L1_RdWord                            0x08005f7d   Thumb Code    66  vl53l1_platform.o(i.VL53L1_RdWord)
    VL53L1_ReadMulti                         0x08005fc5   Thumb Code    56  vl53l1_platform.o(i.VL53L1_ReadMulti)
    VL53L1_SetDistanceMode                   0x08006001   Thumb Code   128  vl53l1_api.o(i.VL53L1_SetDistanceMode)
    VL53L1_SetInterMeasurementPeriodMilliSeconds 0x08006081   Thumb Code     4  vl53l1_api.o(i.VL53L1_SetInterMeasurementPeriodMilliSeconds)
    VL53L1_SetLimitCheckEnable               0x08006085   Thumb Code    54  vl53l1_api.o(i.VL53L1_SetLimitCheckEnable)
    VL53L1_SetLimitCheckValue                0x080060bb   Thumb Code    46  vl53l1_api.o(i.VL53L1_SetLimitCheckValue)
    VL53L1_SetMeasurementTimingBudgetMicroSeconds 0x080060e9   Thumb Code   246  vl53l1_api.o(i.VL53L1_SetMeasurementTimingBudgetMicroSeconds)
    VL53L1_SetPresetMode                     0x080061e9   Thumb Code    82  vl53l1_api.o(i.VL53L1_SetPresetMode)
    VL53L1_StartMeasurement                  0x0800623b   Thumb Code    76  vl53l1_api.o(i.VL53L1_StartMeasurement)
    VL53L1_StaticInit                        0x08006287   Thumb Code    28  vl53l1_api.o(i.VL53L1_StaticInit)
    VL53L1_WaitDeviceBooted                  0x080062a3   Thumb Code     8  vl53l1_api.o(i.VL53L1_WaitDeviceBooted)
    VL53L1_WaitUs                            0x080062ab   Thumb Code    18  vl53l1_platform.o(i.VL53L1_WaitUs)
    VL53L1_WaitValueMaskEx                   0x080062bd   Thumb Code   116  vl53l1_platform.o(i.VL53L1_WaitValueMaskEx)
    VL53L1_WriteMulti                        0x08006335   Thumb Code    58  vl53l1_platform.o(i.VL53L1_WriteMulti)
    VL53L1_calc_decoded_timeout_us           0x08006375   Thumb Code    18  vl53l1_core.o(i.VL53L1_calc_decoded_timeout_us)
    VL53L1_calc_encoded_timeout              0x08006387   Thumb Code    14  vl53l1_core.o(i.VL53L1_calc_encoded_timeout)
    VL53L1_calc_macro_period_us              0x08006395   Thumb Code    32  vl53l1_core.o(i.VL53L1_calc_macro_period_us)
    VL53L1_calc_pll_period_us                0x080063b5   Thumb Code    10  vl53l1_core_support.o(i.VL53L1_calc_pll_period_us)
    VL53L1_calc_range_ignore_threshold       0x080063bf   Thumb Code    70  vl53l1_core.o(i.VL53L1_calc_range_ignore_threshold)
    VL53L1_calc_timeout_mclks                0x08006405   Thumb Code    12  vl53l1_core.o(i.VL53L1_calc_timeout_mclks)
    VL53L1_calc_timeout_register_values      0x08006411   Thumb Code   126  vl53l1_core.o(i.VL53L1_calc_timeout_register_values)
    VL53L1_calc_timeout_us                   0x0800648f   Thumb Code    22  vl53l1_core.o(i.VL53L1_calc_timeout_us)
    VL53L1_check_ll_driver_rd_state          0x080064a5   Thumb Code    76  vl53l1_core.o(i.VL53L1_check_ll_driver_rd_state)
    VL53L1_clear_interrupt_and_enable_next_range 0x080064f1   Thumb Code     6  vl53l1_api_core.o(i.VL53L1_clear_interrupt_and_enable_next_range)
    VL53L1_config_low_power_auto_mode        0x080064f7   Thumb Code    26  vl53l1_core.o(i.VL53L1_config_low_power_auto_mode)
    VL53L1_copy_rtn_good_spads_to_buffer     0x08006511   Thumb Code   132  vl53l1_core.o(i.VL53L1_copy_rtn_good_spads_to_buffer)
    VL53L1_copy_sys_and_core_results_to_range_results 0x08006595   Thumb Code   272  vl53l1_api_core.o(i.VL53L1_copy_sys_and_core_results_to_range_results)
    VL53L1_data_init                         0x080066a5   Thumb Code   168  vl53l1_api_core.o(i.VL53L1_data_init)
    VL53L1_decode_row_col                    0x0800674d   Thumb Code    36  vl53l1_core_support.o(i.VL53L1_decode_row_col)
    VL53L1_decode_timeout                    0x08006771   Thumb Code    12  vl53l1_core.o(i.VL53L1_decode_timeout)
    VL53L1_decode_vcsel_period               0x0800677d   Thumb Code     8  vl53l1_core_support.o(i.VL53L1_decode_vcsel_period)
    VL53L1_decode_zone_size                  0x08006785   Thumb Code    12  vl53l1_core.o(i.VL53L1_decode_zone_size)
    VL53L1_encode_row_col                    0x08006791   Thumb Code    28  vl53l1_core.o(i.VL53L1_encode_row_col)
    VL53L1_encode_timeout                    0x080067ad   Thumb Code    30  vl53l1_core.o(i.VL53L1_encode_timeout)
    VL53L1_encode_zone_size                  0x080067cb   Thumb Code     8  vl53l1_core.o(i.VL53L1_encode_zone_size)
    VL53L1_get_customer_nvm_managed          0x080067d3   Thumb Code    34  vl53l1_register_funcs.o(i.VL53L1_get_customer_nvm_managed)
    VL53L1_get_device_results                0x080067f5   Thumb Code   138  vl53l1_api_core.o(i.VL53L1_get_device_results)
    VL53L1_get_lite_min_count_rate           0x0800687f   Thumb Code    12  vl53l1_api_core.o(i.VL53L1_get_lite_min_count_rate)
    VL53L1_get_lite_sigma_threshold          0x0800688b   Thumb Code    12  vl53l1_api_core.o(i.VL53L1_get_lite_sigma_threshold)
    VL53L1_get_measurement_results           0x08006897   Thumb Code    98  vl53l1_api_core.o(i.VL53L1_get_measurement_results)
    VL53L1_get_mode_mitigation_roi           0x080068f9   Thumb Code    58  vl53l1_api_core.o(i.VL53L1_get_mode_mitigation_roi)
    VL53L1_get_nvm_copy_data                 0x08006933   Thumb Code    36  vl53l1_register_funcs.o(i.VL53L1_get_nvm_copy_data)
    VL53L1_get_preset_mode_timing_cfg        0x08006957   Thumb Code   128  vl53l1_api_core.o(i.VL53L1_get_preset_mode_timing_cfg)
    VL53L1_get_sequence_config_bit           0x080069d7   Thumb Code    52  vl53l1_api_core.o(i.VL53L1_get_sequence_config_bit)
    VL53L1_get_static_nvm_managed            0x08006a0b   Thumb Code    30  vl53l1_register_funcs.o(i.VL53L1_get_static_nvm_managed)
    VL53L1_get_timeouts_us                   0x08006a29   Thumb Code   114  vl53l1_api_core.o(i.VL53L1_get_timeouts_us)
    VL53L1_get_tuning_parm                   0x08006a9b   Thumb Code   432  vl53l1_api_core.o(i.VL53L1_get_tuning_parm)
    VL53L1_get_user_zone                     0x08006c4b   Thumb Code    36  vl53l1_api_core.o(i.VL53L1_get_user_zone)
    VL53L1_i2c_decode_core_results           0x08006c6f   Thumb Code   120  vl53l1_register_funcs.o(i.VL53L1_i2c_decode_core_results)
    VL53L1_i2c_decode_customer_nvm_managed   0x08006ce7   Thumb Code   158  vl53l1_register_funcs.o(i.VL53L1_i2c_decode_customer_nvm_managed)
    VL53L1_i2c_decode_debug_results          0x08006d85   Thumb Code   404  vl53l1_register_funcs.o(i.VL53L1_i2c_decode_debug_results)
    VL53L1_i2c_decode_int16_t                0x08006f19   Thumb Code    34  vl53l1_core.o(i.VL53L1_i2c_decode_int16_t)
    VL53L1_i2c_decode_int32_t                0x08006f3d   Thumb Code    32  vl53l1_core.o(i.VL53L1_i2c_decode_int32_t)
    VL53L1_i2c_decode_nvm_copy_data          0x08006f5d   Thumb Code   318  vl53l1_register_funcs.o(i.VL53L1_i2c_decode_nvm_copy_data)
    VL53L1_i2c_decode_static_nvm_managed     0x0800709b   Thumb Code    92  vl53l1_register_funcs.o(i.VL53L1_i2c_decode_static_nvm_managed)
    VL53L1_i2c_decode_system_results         0x080070f7   Thumb Code   284  vl53l1_register_funcs.o(i.VL53L1_i2c_decode_system_results)
    VL53L1_i2c_decode_uint16_t               0x08007215   Thumb Code    26  vl53l1_core.o(i.VL53L1_i2c_decode_uint16_t)
    VL53L1_i2c_decode_uint32_t               0x08007231   Thumb Code    24  vl53l1_core.o(i.VL53L1_i2c_decode_uint32_t)
    VL53L1_i2c_encode_customer_nvm_managed   0x08007249   Thumb Code   166  vl53l1_register_funcs.o(i.VL53L1_i2c_encode_customer_nvm_managed)
    VL53L1_i2c_encode_dynamic_config         0x080072ef   Thumb Code   134  vl53l1_register_funcs.o(i.VL53L1_i2c_encode_dynamic_config)
    VL53L1_i2c_encode_general_config         0x08007375   Thumb Code   140  vl53l1_register_funcs.o(i.VL53L1_i2c_encode_general_config)
    VL53L1_i2c_encode_int16_t                0x08007401   Thumb Code    26  vl53l1_core.o(i.VL53L1_i2c_encode_int16_t)
    VL53L1_i2c_encode_static_config          0x0800741b   Thumb Code   222  vl53l1_register_funcs.o(i.VL53L1_i2c_encode_static_config)
    VL53L1_i2c_encode_static_nvm_managed     0x080074f9   Thumb Code    92  vl53l1_register_funcs.o(i.VL53L1_i2c_encode_static_nvm_managed)
    VL53L1_i2c_encode_system_control         0x08007555   Thumb Code    52  vl53l1_register_funcs.o(i.VL53L1_i2c_encode_system_control)
    VL53L1_i2c_encode_timing_config          0x08007589   Thumb Code   138  vl53l1_register_funcs.o(i.VL53L1_i2c_encode_timing_config)
    VL53L1_i2c_encode_uint16_t               0x08007613   Thumb Code    26  vl53l1_core.o(i.VL53L1_i2c_encode_uint16_t)
    VL53L1_i2c_encode_uint32_t               0x0800762d   Thumb Code    26  vl53l1_core.o(i.VL53L1_i2c_encode_uint32_t)
    VL53L1_init_and_start_range              0x08007647   Thumb Code   486  vl53l1_api_core.o(i.VL53L1_init_and_start_range)
    VL53L1_init_ll_driver_state              0x0800782d   Thumb Code    24  vl53l1_core.o(i.VL53L1_init_ll_driver_state)
    VL53L1_init_offset_cal_config_struct     0x08007845   Thumb Code    38  vl53l1_api_preset_modes.o(i.VL53L1_init_offset_cal_config_struct)
    VL53L1_init_refspadchar_config_struct    0x0800786b   Thumb Code    34  vl53l1_api_preset_modes.o(i.VL53L1_init_refspadchar_config_struct)
    VL53L1_init_ssc_config_struct            0x0800788d   Thumb Code    30  vl53l1_api_preset_modes.o(i.VL53L1_init_ssc_config_struct)
    VL53L1_init_tuning_parm_storage_struct   0x080078ab   Thumb Code   142  vl53l1_api_preset_modes.o(i.VL53L1_init_tuning_parm_storage_struct)
    VL53L1_init_version                      0x08007939   Thumb Code    26  vl53l1_core.o(i.VL53L1_init_version)
    VL53L1_init_xtalk_config_struct          0x08007953   Thumb Code    80  vl53l1_api_preset_modes.o(i.VL53L1_init_xtalk_config_struct)
    VL53L1_is_new_data_ready                 0x080079a3   Thumb Code    54  vl53l1_wait.o(i.VL53L1_is_new_data_ready)
    VL53L1_low_power_auto_data_init          0x080079d9   Thumb Code    44  vl53l1_core.o(i.VL53L1_low_power_auto_data_init)
    VL53L1_low_power_auto_data_stop_range    0x08007a05   Thumb Code    48  vl53l1_core.o(i.VL53L1_low_power_auto_data_stop_range)
    VL53L1_low_power_auto_setup_manual_calibration 0x08007a35   Thumb Code    70  vl53l1_core.o(i.VL53L1_low_power_auto_setup_manual_calibration)
    VL53L1_low_power_auto_update_DSS         0x08007a7b   Thumb Code    98  vl53l1_core.o(i.VL53L1_low_power_auto_update_DSS)
    VL53L1_poll_for_boot_completion          0x08007add   Thumb Code    52  vl53l1_wait.o(i.VL53L1_poll_for_boot_completion)
    VL53L1_preset_mode_low_power_auto_long_ranging 0x08007b11   Thumb Code    46  vl53l1_api_preset_modes.o(i.VL53L1_preset_mode_low_power_auto_long_ranging)
    VL53L1_preset_mode_low_power_auto_ranging 0x08007b3f   Thumb Code    46  vl53l1_api_preset_modes.o(i.VL53L1_preset_mode_low_power_auto_ranging)
    VL53L1_preset_mode_low_power_auto_short_ranging 0x08007b6d   Thumb Code    46  vl53l1_api_preset_modes.o(i.VL53L1_preset_mode_low_power_auto_short_ranging)
    VL53L1_preset_mode_olt                   0x08007b9b   Thumb Code    24  vl53l1_api_preset_modes.o(i.VL53L1_preset_mode_olt)
    VL53L1_preset_mode_singleshot_ranging    0x08007bb3   Thumb Code    50  vl53l1_api_preset_modes.o(i.VL53L1_preset_mode_singleshot_ranging)
    VL53L1_preset_mode_standard_ranging      0x08007be5   Thumb Code   326  vl53l1_api_preset_modes.o(i.VL53L1_preset_mode_standard_ranging)
    VL53L1_preset_mode_standard_ranging_long_range 0x08007d2b   Thumb Code    62  vl53l1_api_preset_modes.o(i.VL53L1_preset_mode_standard_ranging_long_range)
    VL53L1_preset_mode_standard_ranging_mm1_cal 0x08007d69   Thumb Code    36  vl53l1_api_preset_modes.o(i.VL53L1_preset_mode_standard_ranging_mm1_cal)
    VL53L1_preset_mode_standard_ranging_mm2_cal 0x08007d8d   Thumb Code    36  vl53l1_api_preset_modes.o(i.VL53L1_preset_mode_standard_ranging_mm2_cal)
    VL53L1_preset_mode_standard_ranging_short_range 0x08007db1   Thumb Code    62  vl53l1_api_preset_modes.o(i.VL53L1_preset_mode_standard_ranging_short_range)
    VL53L1_preset_mode_timed_ranging         0x08007def   Thumb Code    56  vl53l1_api_preset_modes.o(i.VL53L1_preset_mode_timed_ranging)
    VL53L1_preset_mode_timed_ranging_long_range 0x08007e27   Thumb Code    56  vl53l1_api_preset_modes.o(i.VL53L1_preset_mode_timed_ranging_long_range)
    VL53L1_preset_mode_timed_ranging_short_range 0x08007e5f   Thumb Code    58  vl53l1_api_preset_modes.o(i.VL53L1_preset_mode_timed_ranging_short_range)
    VL53L1_read_p2p_data                     0x08007e99   Thumb Code   124  vl53l1_api_core.o(i.VL53L1_read_p2p_data)
    VL53L1_set_inter_measurement_period_ms   0x08007f15   Thumb Code    28  vl53l1_api_core.o(i.VL53L1_set_inter_measurement_period_ms)
    VL53L1_set_lite_min_count_rate           0x08007f31   Thumb Code    10  vl53l1_api_core.o(i.VL53L1_set_lite_min_count_rate)
    VL53L1_set_lite_sigma_threshold          0x08007f3b   Thumb Code    10  vl53l1_api_core.o(i.VL53L1_set_lite_sigma_threshold)
    VL53L1_set_preset_mode                   0x08007f45   Thumb Code   418  vl53l1_api_core.o(i.VL53L1_set_preset_mode)
    VL53L1_set_system_control                0x080080e7   Thumb Code    34  vl53l1_register_funcs.o(i.VL53L1_set_system_control)
    VL53L1_set_timeouts_us                   0x08008109   Thumb Code    54  vl53l1_api_core.o(i.VL53L1_set_timeouts_us)
    VL53L1_set_user_zone                     0x0800813f   Thumb Code    36  vl53l1_api_core.o(i.VL53L1_set_user_zone)
    VL53L1_set_vhv_loopbound                 0x08008163   Thumb Code    18  vl53l1_api_core.o(i.VL53L1_set_vhv_loopbound)
    VL53L1_stop_range                        0x08008175   Thumb Code    70  vl53l1_api_core.o(i.VL53L1_stop_range)
    VL53L1_update_ll_driver_cfg_state        0x080081bb   Thumb Code    96  vl53l1_core.o(i.VL53L1_update_ll_driver_cfg_state)
    VL53L1_update_ll_driver_rd_state         0x0800821b   Thumb Code   116  vl53l1_core.o(i.VL53L1_update_ll_driver_rd_state)
    _I2CRead                                 0x0800828f   Thumb Code    32  vl53l1_platform.o(i._I2CRead)
    _I2CWrite                                0x080082af   Thumb Code    28  vl53l1_platform.o(i._I2CWrite)
    __0printf                                0x080082cd   Thumb Code    22  printfa.o(i.__0printf)
    __1printf                                0x080082cd   Thumb Code     0  printfa.o(i.__0printf)
    __2printf                                0x080082cd   Thumb Code     0  printfa.o(i.__0printf)
    __c89printf                              0x080082cd   Thumb Code     0  printfa.o(i.__0printf)
    printf                                   0x080082cd   Thumb Code     0  printfa.o(i.__0printf)
    __ARM_fpclassify                         0x080082ed   Thumb Code    48  fpclassify.o(i.__ARM_fpclassify)
    __hardfp_asin                            0x08008389   Thumb Code   770  asin.o(i.__hardfp_asin)
    __hardfp_exp                             0x080086e9   Thumb Code   714  exp.o(i.__hardfp_exp)
    __hardfp_sqrt                            0x08008a41   Thumb Code   122  sqrt.o(i.__hardfp_sqrt)
    __hardfp_tan                             0x08008ac1   Thumb Code   108  tan.o(i.__hardfp_tan)
    __ieee754_rem_pio2                       0x08008b41   Thumb Code   938  rred.o(i.__ieee754_rem_pio2)
    __kernel_poly                            0x08008f79   Thumb Code   248  poly.o(i.__kernel_poly)
    __kernel_tan                             0x08009071   Thumb Code   764  tan_i.o(i.__kernel_tan)
    __mathlib_dbl_infnan                     0x080093c1   Thumb Code    20  dunder.o(i.__mathlib_dbl_infnan)
    __mathlib_dbl_invalid                    0x080093d9   Thumb Code    24  dunder.o(i.__mathlib_dbl_invalid)
    __mathlib_dbl_overflow                   0x080093f9   Thumb Code    24  dunder.o(i.__mathlib_dbl_overflow)
    __mathlib_dbl_underflow                  0x08009419   Thumb Code    24  dunder.o(i.__mathlib_dbl_underflow)
    __scatterload_copy                       0x08009439   Thumb Code    14  handlers.o(i.__scatterload_copy)
    __scatterload_null                       0x08009447   Thumb Code     2  handlers.o(i.__scatterload_null)
    __scatterload_zeroinit                   0x08009449   Thumb Code    14  handlers.o(i.__scatterload_zeroinit)
    __set_errno                              0x08009459   Thumb Code     6  errno.o(i.__set_errno)
    calculate_cxof                           0x08009d19   Thumb Code   134  matrix.o(i.calculate_cxof)
    calculate_location                       0x08009da9   Thumb Code   734  matrix.o(i.calculate_location)
    creat_matrix                             0x0800a0d1   Thumb Code   100  matrix.o(i.creat_matrix)
    delete_matrix                            0x0800a135   Thumb Code    36  matrix.o(i.delete_matrix)
    encodeDecode_Analysis                    0x0800a159   Thumb Code   112  encodeddecoder.o(i.encodeDecode_Analysis)
    encodeDecode_Analysis_UWB                0x0800a1cd   Thumb Code   206  encodeddecoder.o(i.encodeDecode_Analysis_UWB)
    fabs                                     0x0800a2a9   Thumb Code    24  fabs.o(i.fabs)
    fast_atan2                               0x0800a2c1   Thumb Code   256  mymath.o(i.fast_atan2)
    fputc                                    0x0800a3dd   Thumb Code    16  main.o(i.fputc)
    free                                     0x0800a3f1   Thumb Code    76  malloc.o(i.free)
    init_A_matrix                            0x0800a441   Thumb Code   178  matrix.o(i.init_A_matrix)
    kalman_calc                              0x0800a4fd   Thumb Code   162  kalman.o(i.kalman_calc)
    kalman_init                              0x0800a5a9   Thumb Code    30  kalman.o(i.kalman_init)
    main                                     0x0800a5d9   Thumb Code  1756  main.o(i.main)
    malloc                                   0x0800ad79   Thumb Code    92  malloc.o(i.malloc)
    matrix_T                                 0x0800ade5   Thumb Code   100  matrix.o(i.matrix_T)
    matrix_inv2_2                            0x0800ae49   Thumb Code   100  matrix.o(i.matrix_inv2_2)
    multiply_matrix                          0x0800aead   Thumb Code   144  matrix.o(i.multiply_matrix)
    my_abs                                   0x0800af41   Thumb Code    16  mymath.o(i.my_abs)
    my_sqrt                                  0x0800af51   Thumb Code    60  mymath.o(i.my_sqrt)
    sqrt                                     0x0800af91   Thumb Code   110  sqrt.o(i.sqrt)
    takeoff                                  0x0800b001   Thumb Code   176  patrol.o(i.takeoff)
    vl53l1x_GetDistance                      0x0800b0cd   Thumb Code    66  main.o(i.vl53l1x_GetDistance)
    vl53l1x_init                             0x0800b12d   Thumb Code   180  main.o(i.vl53l1x_init)
    AHBPrescTable                            0x0800b2b8   Data          16  system_stm32f4xx.o(.constdata)
    APBPrescTable                            0x0800b2c8   Data           8  system_stm32f4xx.o(.constdata)
    Region$$Table$$Base                      0x0800b618   Number         0  anon$$obj.o(Region$$Table)
    Region$$Table$$Limit                     0x0800b638   Number         0  anon$$obj.o(Region$$Table)
    filter_cnt                               0x20000002   Data           1  mpu6050.o(.data)
    filter_cnt_old                           0x20000003   Data           1  mpu6050.o(.data)
    mpu6050_ok                               0x20000004   Data           1  mpu6050.o(.data)
    acc_sum_cnt                              0x20000006   Data           2  mpu6050.o(.data)
    gyro_sum_cnt                             0x20000008   Data           2  mpu6050.o(.data)
    fly_ready                                0x2000000c   Data           1  imu.o(.data)
    Yaw                                      0x20000014   Data           4  imu.o(.data)
    norm_acc                                 0x20000018   Data           4  imu.o(.data)
    norm_q                                   0x2000001c   Data           4  imu.o(.data)
    norm_acc_lpf                             0x20000020   Data           4  imu.o(.data)
    ref_q                                    0x20000024   Data          16  imu.o(.data)
    Roll                                     0x20000034   Data           4  imu.o(.data)
    Pitch                                    0x20000038   Data           4  imu.o(.data)
    fast_atan_table                          0x2000003c   Data        1028  mymath.o(.data)
    InitedFlag                               0x20000440   Data           1  flycontrol.o(.data)
    PWM_Pitch_mid                            0x20000444   Data           4  flycontrol.o(.data)
    PWM_Roll_mid                             0x20000448   Data           4  flycontrol.o(.data)
    PWM_Thr_mid                              0x2000044c   Data           4  flycontrol.o(.data)
    PWM_yaw_Max                              0x20000450   Data           4  flycontrol.o(.data)
    PWM_yaw_mid                              0x20000454   Data           4  flycontrol.o(.data)
    PWM_yaw_min                              0x20000458   Data           4  flycontrol.o(.data)
    PWM_Mode_Max                             0x2000045c   Data           4  flycontrol.o(.data)
    PWM_Mode_mid                             0x20000460   Data           4  flycontrol.o(.data)
    PWM_Mode_min                             0x20000464   Data           4  flycontrol.o(.data)
    DeadThreShold                            0x20000468   Data           4  flycontrol.o(.data)
    PWM_Thr_min_LOCK                         0x2000046c   Data           4  flycontrol.o(.data)
    pwm_pitch_out                            0x20000470   Data           4  flycontrol.o(.data)
    pwm_roll_out                             0x20000474   Data           4  flycontrol.o(.data)
    pwm_pitch_time                           0x20000480   Data           4  flycontrol.o(.data)
    pwm_roll_time                            0x20000484   Data           4  flycontrol.o(.data)
    USART1_RX_STA                            0x2000049c   Data           2  main.o(.data)
    USART2_RX_STA                            0x2000049e   Data           2  main.o(.data)
    USART3_RX_STA                            0x200004a0   Data           2  main.o(.data)
    UART5_RX_STA                             0x200004a2   Data           2  main.o(.data)
    CHANNEL_1_RISE                           0x200004b0   Data           4  main.o(.data)
    CHANNEL_1_FALL                           0x200004b4   Data           4  main.o(.data)
    CHANNEL_1_PULSE_WIDE                     0x200004b8   Data           4  main.o(.data)
    CHANNEL_2_RISE                           0x200004bc   Data           4  main.o(.data)
    CHANNEL_2_FALL                           0x200004c0   Data           4  main.o(.data)
    CHANNEL_2_PULSE_WIDE                     0x200004c4   Data           4  main.o(.data)
    CHANNEL_3_RISE                           0x200004c8   Data           4  main.o(.data)
    CHANNEL_3_FALL                           0x200004cc   Data           4  main.o(.data)
    CHANNEL_3_PULSE_WIDE                     0x200004d0   Data           4  main.o(.data)
    CHANNEL_4_RISE                           0x200004d4   Data           4  main.o(.data)
    CHANNEL_4_FALL                           0x200004d8   Data           4  main.o(.data)
    CHANNEL_4_PULSE_WIDE                     0x200004dc   Data           4  main.o(.data)
    CHANNEL_5_RISE                           0x200004e0   Data           4  main.o(.data)
    CHANNEL_5_FALL                           0x200004e4   Data           4  main.o(.data)
    CHANNEL_5_PULSE_WIDE                     0x200004e8   Data           4  main.o(.data)
    CHANNEL_6_RISE                           0x200004ec   Data           4  main.o(.data)
    CHANNEL_6_FALL                           0x200004f0   Data           4  main.o(.data)
    CHANNEL_6_PULSE_WIDE                     0x200004f4   Data           4  main.o(.data)
    CHANNEL_7_RISE                           0x200004f8   Data           4  main.o(.data)
    CHANNEL_7_FALL                           0x200004fc   Data           4  main.o(.data)
    CHANNEL_7_PULSE_WIDE                     0x20000500   Data           4  main.o(.data)
    CHANNEL_8_RISE                           0x20000504   Data           4  main.o(.data)
    CHANNEL_8_FALL                           0x20000508   Data           4  main.o(.data)
    CHANNEL_8_PULSE_WIDE                     0x2000050c   Data           4  main.o(.data)
    ICFLAG_1                                 0x20000510   Data           4  main.o(.data)
    ICFLAG_2                                 0x20000514   Data           4  main.o(.data)
    ICFLAG_3                                 0x20000518   Data           4  main.o(.data)
    ICFLAG_4                                 0x2000051c   Data           4  main.o(.data)
    ICFLAG_5                                 0x20000520   Data           4  main.o(.data)
    ICFLAG_6                                 0x20000524   Data           4  main.o(.data)
    ICFLAG_7                                 0x20000528   Data           4  main.o(.data)
    ICFLAG_8                                 0x2000052c   Data           4  main.o(.data)
    PWM_Ctrl_N1                              0x20000530   Data           4  main.o(.data)
    PWM_Ctrl_N2                              0x20000534   Data           4  main.o(.data)
    PWM_Ctrl_N3                              0x20000538   Data           4  main.o(.data)
    PWM_Ctrl_N4                              0x2000053c   Data           4  main.o(.data)
    d_location                               0x2000054c   Data           4  main.o(.data)
    height_esm                               0x20000550   Data           4  main.o(.data)
    old_value                                0x20000560   Data           4  main.o(.data)
    s_volt                                   0x20000564   Data           4  main.o(.data)
    ADC_ReadBuffer                           0x20000568   Data           4  main.o(.data)
    height                                   0x2000056c   Data           4  main.o(.data)
    next_location                            0x20000570   Data           8  main.o(.data)
    speed                                    0x20000578   Data           8  main.o(.data)
    encodeAnswer                             0x20000580   Data          11  main.o(.data)
    cmd_buf                                  0x2000058f   Data           3  patrol.o(.data)
    uwTickFreq                               0x200005a8   Data           1  stm32f4xx_hal.o(.data)
    uwTickPrio                               0x200005ac   Data           4  stm32f4xx_hal.o(.data)
    uwTick                                   0x200005b0   Data           4  stm32f4xx_hal.o(.data)
    SystemCoreClock                          0x200005b4   Data           4  system_stm32f4xx.o(.data)
    __stdout                                 0x200005d4   Data           4  stdout.o(.data)
    __microlib_freelist                      0x200005d8   Data           4  mvars.o(.data)
    __microlib_freelist_initialised          0x200005dc   Data           4  mvars.o(.data)
    sum_temp                                 0x200005e4   Data          28  mpu6050.o(.bss)
    mpu6050                                  0x20000600   Data         112  mpu6050.o(.bss)
    mpu6050_buffer                           0x20000670   Data          14  mpu6050.o(.bss)
    FILT_BUF                                 0x2000067e   Data         154  mpu6050.o(.bss)
    mpu6050_tmp                              0x20000718   Data          28  mpu6050.o(.bss)
    mpu_fil_tmp                              0x20000734   Data          28  mpu6050.o(.bss)
    reference_v                              0x20000750   Data          12  imu.o(.bss)
    ref                                      0x2000075c   Data          60  imu.o(.bss)
    PID_Control_Pitch                        0x20000798   Data          32  flycontrol.o(.bss)
    PID_Control_Roll                         0x200007b8   Data          32  flycontrol.o(.bss)
    PID_Pitch_Time                           0x200007d8   Data          32  flycontrol.o(.bss)
    PID_Roll_Time                            0x200007f8   Data          32  flycontrol.o(.bss)
    PID_Location_x                           0x20000818   Data          32  flycontrol.o(.bss)
    PID_Location_y                           0x20000838   Data          32  flycontrol.o(.bss)
    Attitude                                 0x20000858   Data          24  encodeddecoder.o(.bss)
    kalman_x                                 0x20000870   Data          40  kalman.o(.bss)
    kalman_y                                 0x20000898   Data          40  kalman.o(.bss)
    kalman_d                                 0x200008c0   Data         160  kalman.o(.bss)
    kalman_h                                 0x20000960   Data          40  kalman.o(.bss)
    cxof_buf                                 0x20000994   Data           9  uart_api.o(.bss)
    distance_to_station                      0x200009a0   Data          16  main.o(.bss)
    distance_to_station_esm                  0x200009b0   Data          16  main.o(.bss)
    location                                 0x200009c0   Data          12  main.o(.bss)
    location_esm                             0x200009cc   Data          12  main.o(.bss)
    USART1_RX_BUF                            0x20000a08   Data         256  main.o(.bss)
    USART2_RX_BUF                            0x20000b08   Data         256  main.o(.bss)
    USART3_RX_BUF                            0x20000c08   Data         256  main.o(.bss)
    UART5_RX_BUF                             0x20000d08   Data         256  main.o(.bss)
    FreeBuffer_Encode                        0x20000e08   Data         256  main.o(.bss)
    FreeBuffer_Encode_5                      0x20000f08   Data         256  main.o(.bss)
    OutData                                  0x20001008   Data          16  main.o(.bss)
    PID_Control_Att                          0x20001018   Data          32  main.o(.bss)
    Dev                                      0x20001038   Data         932  main.o(.bss)
    result_data                              0x200013dc   Data          28  main.o(.bss)
    hadc1                                    0x200013f8   Data          72  adc.o(.bss)
    hi2c1                                    0x20001440   Data          84  i2c.o(.bss)
    hi2c3                                    0x20001494   Data          84  i2c.o(.bss)
    htim2                                    0x200014e8   Data          72  tim.o(.bss)
    htim3                                    0x20001530   Data          72  tim.o(.bss)
    htim4                                    0x20001578   Data          72  tim.o(.bss)
    htim5                                    0x200015c0   Data          72  tim.o(.bss)
    htim7                                    0x20001608   Data          72  tim.o(.bss)
    htim10                                   0x20001650   Data          72  tim.o(.bss)
    htim11                                   0x20001698   Data          72  tim.o(.bss)
    htim13                                   0x200016e0   Data          72  tim.o(.bss)
    htim14                                   0x20001728   Data          72  tim.o(.bss)
    _I2CBuffer                               0x20001770   Data         256  vl53l1_platform.o(.bss)
    __heap_base                              0x20001870   Data           0  startup_stm32f407xx.o(HEAP)
    __heap_limit                             0x20001a70   Data           0  startup_stm32f407xx.o(HEAP)
    __initial_sp                             0x20001e70   Data           0  startup_stm32f407xx.o(STACK)



==============================================================================

Memory Map of the image

  Image Entry point : 0x08000189

  Load Region LR_IROM1 (Base: 0x08000000, Size: 0x0000bc1c, Max: 0x00080000, ABSOLUTE, COMPRESSED[0x0000ba94])

    Execution Region ER_IROM1 (Base: 0x08000000, Size: 0x0000b638, Max: 0x00080000, ABSOLUTE)

    Base Addr    Size         Type   Attr      Idx    E Section Name        Object

    0x08000000   0x00000188   Data   RO          647    RESET               startup_stm32f407xx.o
    0x08000188   0x00000000   Code   RO         7589  * .ARM.Collect$$$$00000000  mc_w.l(entry.o)
    0x08000188   0x00000004   Code   RO         7945    .ARM.Collect$$$$00000001  mc_w.l(entry2.o)
    0x0800018c   0x00000004   Code   RO         7948    .ARM.Collect$$$$00000004  mc_w.l(entry5.o)
    0x08000190   0x00000000   Code   RO         7950    .ARM.Collect$$$$00000008  mc_w.l(entry7b.o)
    0x08000190   0x00000000   Code   RO         7952    .ARM.Collect$$$$0000000A  mc_w.l(entry8b.o)
    0x08000190   0x00000008   Code   RO         7953    .ARM.Collect$$$$0000000B  mc_w.l(entry9a.o)
    0x08000198   0x00000000   Code   RO         7955    .ARM.Collect$$$$0000000D  mc_w.l(entry10a.o)
    0x08000198   0x00000000   Code   RO         7957    .ARM.Collect$$$$0000000F  mc_w.l(entry11a.o)
    0x08000198   0x00000004   Code   RO         7946    .ARM.Collect$$$$00002712  mc_w.l(entry2.o)
    0x0800019c   0x00000024   Code   RO          648    .text               startup_stm32f407xx.o
    0x080001c0   0x00000062   Code   RO         7592    .text               mc_w.l(uldiv.o)
    0x08000222   0x00000008   Code   RO         7594    .text               mc_w.l(siabs.o)
    0x0800022a   0x00000024   Code   RO         7598    .text               mc_w.l(memcpya.o)
    0x0800024e   0x00000024   Code   RO         7600    .text               mc_w.l(memseta.o)
    0x08000272   0x00000018   Code   RO         7602    .text               mc_w.l(strncpy.o)
    0x0800028a   0x0000014e   Code   RO         7895    .text               mf_w.l(dadd.o)
    0x080003d8   0x000000e4   Code   RO         7897    .text               mf_w.l(dmul.o)
    0x080004bc   0x000000de   Code   RO         7899    .text               mf_w.l(ddiv.o)
    0x0800059a   0x00000022   Code   RO         7901    .text               mf_w.l(dflti.o)
    0x080005bc   0x0000003e   Code   RO         7903    .text               mf_w.l(dfixi.o)
    0x080005fa   0x00000026   Code   RO         7907    .text               mf_w.l(f2d.o)
    0x08000620   0x00000030   Code   RO         7909    .text               mf_w.l(cdcmple.o)
    0x08000650   0x00000030   Code   RO         7911    .text               mf_w.l(cdrcmple.o)
    0x08000680   0x00000038   Code   RO         7913    .text               mf_w.l(d2f.o)
    0x080006b8   0x0000002c   Code   RO         7960    .text               mc_w.l(uidiv.o)
    0x080006e4   0x0000001e   Code   RO         7962    .text               mc_w.l(llshl.o)
    0x08000702   0x00000020   Code   RO         7964    .text               mc_w.l(llushr.o)
    0x08000722   0x00000024   Code   RO         7966    .text               mc_w.l(llsshr.o)
    0x08000746   0x00000000   Code   RO         7977    .text               mc_w.l(iusefp.o)
    0x08000746   0x0000006e   Code   RO         7978    .text               mf_w.l(fepilogue.o)
    0x080007b4   0x000000ba   Code   RO         7980    .text               mf_w.l(depilogue.o)
    0x0800086e   0x000000a2   Code   RO         7984    .text               mf_w.l(dsqrt.o)
    0x08000910   0x00000030   Code   RO         7986    .text               mf_w.l(dfixul.o)
    0x08000940   0x00000024   Code   RO         7988    .text               mc_w.l(init.o)
    0x08000964   0x0000001a   Code   RO         7990    .text               mf_w.l(dfltui.o)
    0x0800097e   0x00000056   Code   RO         8000    .text               mc_w.l(__dczerorl2.o)
    0x080009d4   0x00000128   Code   RO         2539    i.ADC_Init          stm32f4xx_hal_adc.o
    0x08000afc   0x00000010   Code   RO            4    i.BEEP_OFF          beep.o
    0x08000b0c   0x00000010   Code   RO            5    i.BEEP_ON           beep.o
    0x08000b1c   0x00000028   Code   RO         1443    i.BSP_USART_SendArray_LL  uart_api.o
    0x08000b44   0x00000018   Code   RO         1444    i.BSP_USART_SendData_LL  uart_api.o
    0x08000b5c   0x0000001e   Code   RO         1445    i.BSP_USART_StartIT_LL  uart_api.o
    0x08000b7a   0x00000002   Code   RO         2183    i.BusFault_Handler  stm32f4xx_it.o
    0x08000b7c   0x00000084   Code   RO         5881    i.ChangePresetMode  vl53l1_api.o
    0x08000c00   0x00000002   Code   RO         2184    i.DebugMon_Handler  stm32f4xx_it.o
    0x08000c02   0x00000002   PAD
    0x08000c04   0x00000074   Code   RO         1051    i.Device_Init       flycontrol.o
    0x08000c78   0x00000004   Code   RO         1523    i.Error_Handler     main.o
    0x08000c7c   0x00000018   Code   RO         1053    i.Go_ahead          flycontrol.o
    0x08000c94   0x00000018   Code   RO         1054    i.Go_back           flycontrol.o
    0x08000cac   0x00000018   Code   RO         1055    i.Go_left           flycontrol.o
    0x08000cc4   0x00000018   Code   RO         1056    i.Go_right          flycontrol.o
    0x08000cdc   0x0000014c   Code   RO         2541    i.HAL_ADC_ConfigChannel  stm32f4xx_hal_adc.o
    0x08000e28   0x00000054   Code   RO         2550    i.HAL_ADC_Init      stm32f4xx_hal_adc.o
    0x08000e7c   0x00000060   Code   RO         1911    i.HAL_ADC_MspInit   adc.o
    0x08000edc   0x000000fc   Code   RO         2556    i.HAL_ADC_Start     stm32f4xx_hal_adc.o
    0x08000fd8   0x00000024   Code   RO         3776    i.HAL_Delay         stm32f4xx_hal.o
    0x08000ffc   0x000001f0   Code   RO         3250    i.HAL_GPIO_Init     stm32f4xx_hal_gpio.o
    0x080011ec   0x0000000a   Code   RO         3252    i.HAL_GPIO_ReadPin  stm32f4xx_hal_gpio.o
    0x080011f6   0x00000010   Code   RO         3253    i.HAL_GPIO_TogglePin  stm32f4xx_hal_gpio.o
    0x08001206   0x0000000a   Code   RO         3254    i.HAL_GPIO_WritePin  stm32f4xx_hal_gpio.o
    0x08001210   0x0000000c   Code   RO         3782    i.HAL_GetTick       stm32f4xx_hal.o
    0x0800121c   0x00000188   Code   RO         4264    i.HAL_I2C_Init      stm32f4xx_hal_i2c.o
    0x080013a4   0x000001e0   Code   RO         4270    i.HAL_I2C_Master_Receive  stm32f4xx_hal_i2c.o
    0x08001584   0x0000012c   Code   RO         4277    i.HAL_I2C_Master_Transmit  stm32f4xx_hal_i2c.o
    0x080016b0   0x000000e8   Code   RO         1953    i.HAL_I2C_MspInit   i2c.o
    0x08001798   0x00000010   Code   RO         3788    i.HAL_IncTick       stm32f4xx_hal.o
    0x080017a8   0x00000034   Code   RO         3789    i.HAL_Init          stm32f4xx_hal.o
    0x080017dc   0x00000040   Code   RO         3790    i.HAL_InitTick      stm32f4xx_hal.o
    0x0800181c   0x00000030   Code   RO         2337    i.HAL_MspInit       stm32f4xx_hal_msp.o
    0x0800184c   0x0000001a   Code   RO         3639    i.HAL_NVIC_EnableIRQ  stm32f4xx_hal_cortex.o
    0x08001866   0x00000002   PAD
    0x08001868   0x00000040   Code   RO         3645    i.HAL_NVIC_SetPriority  stm32f4xx_hal_cortex.o
    0x080018a8   0x00000024   Code   RO         3646    i.HAL_NVIC_SetPriorityGrouping  stm32f4xx_hal_cortex.o
    0x080018cc   0x00000134   Code   RO         2896    i.HAL_RCC_ClockConfig  stm32f4xx_hal_rcc.o
    0x08001a00   0x00000020   Code   RO         2903    i.HAL_RCC_GetPCLK1Freq  stm32f4xx_hal_rcc.o
    0x08001a20   0x00000060   Code   RO         2905    i.HAL_RCC_GetSysClockFreq  stm32f4xx_hal_rcc.o
    0x08001a80   0x0000036c   Code   RO         2908    i.HAL_RCC_OscConfig  stm32f4xx_hal_rcc.o
    0x08001dec   0x00000028   Code   RO         3650    i.HAL_SYSTICK_Config  stm32f4xx_hal_cortex.o
    0x08001e14   0x00000002   Code   RO         5409    i.HAL_TIMEx_BreakCallback  stm32f4xx_hal_tim_ex.o
    0x08001e16   0x00000002   Code   RO         5410    i.HAL_TIMEx_CommutCallback  stm32f4xx_hal_tim_ex.o
    0x08001e18   0x00000090   Code   RO         5428    i.HAL_TIMEx_MasterConfigSynchronization  stm32f4xx_hal_tim_ex.o
    0x08001ea8   0x0000005a   Code   RO         4705    i.HAL_TIM_Base_Init  stm32f4xx_hal_tim.o
    0x08001f02   0x00000002   PAD
    0x08001f04   0x00000228   Code   RO         2001    i.HAL_TIM_Base_MspInit  tim.o
    0x0800212c   0x00000080   Code   RO         4710    i.HAL_TIM_Base_Start_IT  stm32f4xx_hal_tim.o
    0x080021ac   0x00000030   Code   RO         4713    i.HAL_TIM_Base_Stop_IT  stm32f4xx_hal_tim.o
    0x080021dc   0x000000dc   Code   RO         4714    i.HAL_TIM_ConfigClockSource  stm32f4xx_hal_tim.o
    0x080022b8   0x00000544   Code   RO         1524    i.HAL_TIM_IC_CaptureCallback  main.o
    0x080027fc   0x0000011e   Code   RO         4741    i.HAL_TIM_IC_ConfigChannel  stm32f4xx_hal_tim.o
    0x0800291a   0x0000005a   Code   RO         4744    i.HAL_TIM_IC_Init   stm32f4xx_hal_tim.o
    0x08002974   0x00000002   Code   RO         4746    i.HAL_TIM_IC_MspInit  stm32f4xx_hal_tim.o
    0x08002976   0x00000002   PAD
    0x08002978   0x0000010c   Code   RO         4749    i.HAL_TIM_IC_Start_IT  stm32f4xx_hal_tim.o
    0x08002a84   0x00000092   Code   RO         4752    i.HAL_TIM_IC_Stop_IT  stm32f4xx_hal_tim.o
    0x08002b16   0x00000166   Code   RO         4753    i.HAL_TIM_IRQHandler  stm32f4xx_hal_tim.o
    0x08002c7c   0x00000084   Code   RO         2002    i.HAL_TIM_MspPostInit  tim.o
    0x08002d00   0x00000002   Code   RO         4756    i.HAL_TIM_OC_DelayElapsedCallback  stm32f4xx_hal_tim.o
    0x08002d02   0x000000cc   Code   RO         4777    i.HAL_TIM_PWM_ConfigChannel  stm32f4xx_hal_tim.o
    0x08002dce   0x0000005a   Code   RO         4780    i.HAL_TIM_PWM_Init  stm32f4xx_hal_tim.o
    0x08002e28   0x00000002   Code   RO         4782    i.HAL_TIM_PWM_MspInit  stm32f4xx_hal_tim.o
    0x08002e2a   0x00000002   Code   RO         4783    i.HAL_TIM_PWM_PulseFinishedCallback  stm32f4xx_hal_tim.o
    0x08002e2c   0x000000c8   Code   RO         4785    i.HAL_TIM_PWM_Start  stm32f4xx_hal_tim.o
    0x08002ef4   0x000000c8   Code   RO         1525    i.HAL_TIM_PeriodElapsedCallback  main.o
    0x08002fbc   0x0000002a   Code   RO         4793    i.HAL_TIM_ReadCapturedValue  stm32f4xx_hal_tim.o
    0x08002fe6   0x00000002   Code   RO         4796    i.HAL_TIM_TriggerCallback  stm32f4xx_hal_tim.o
    0x08002fe8   0x00000002   Code   RO         2185    i.HardFault_Handler  stm32f4xx_it.o
    0x08002fea   0x0000002e   Code   RO         4306    i.I2C_IsAcknowledgeFailed  stm32f4xx_hal_i2c.o
    0x08003018   0x000000ec   Code   RO         4309    i.I2C_MasterRequestRead  stm32f4xx_hal_i2c.o
    0x08003104   0x0000009c   Code   RO         4310    i.I2C_MasterRequestWrite  stm32f4xx_hal_i2c.o
    0x080031a0   0x0000004c   Code   RO         4321    i.I2C_WaitOnBTFFlagUntilTimeout  stm32f4xx_hal_i2c.o
    0x080031ec   0x00000068   Code   RO         4322    i.I2C_WaitOnFlagUntilTimeout  stm32f4xx_hal_i2c.o
    0x08003254   0x00000096   Code   RO         4323    i.I2C_WaitOnMasterAddressFlagUntilTimeout  stm32f4xx_hal_i2c.o
    0x080032ea   0x00000066   Code   RO         4324    i.I2C_WaitOnRXNEFlagUntilTimeout  stm32f4xx_hal_i2c.o
    0x08003350   0x0000004c   Code   RO         4325    i.I2C_WaitOnTXEFlagUntilTimeout  stm32f4xx_hal_i2c.o
    0x0800339c   0x0000003c   Code   RO          780    i.IIC_Read_nByte    i2c_application.o
    0x080033d8   0x000004e8   Code   RO          825    i.IMUupdate         imu.o
    0x080038c0   0x00000050   Code   RO          180    i.KEY_Init          key.o
    0x08003910   0x0000013c   Code   RO          181    i.KeyScanning       key.o
    0x08003a4c   0x0000000c   Code   RO          961    i.LED1_Flash        led.o
    0x08003a58   0x0000002c   Code   RO          962    i.LED1_Slow_Flash   led.o
    0x08003a84   0x0000000c   Code   RO          963    i.LED2_Flash        led.o
    0x08003a90   0x0000000c   Code   RO          965    i.LED3_Flash        led.o
    0x08003a9c   0x00000004   Code   RO          967    i.LED_B_Flash       led.o
    0x08003aa0   0x00000010   Code   RO          968    i.LED_B_Off         led.o
    0x08003ab0   0x00000004   Code   RO          969    i.LED_G_Flash       led.o
    0x08003ab4   0x00000010   Code   RO          970    i.LED_G_Off         led.o
    0x08003ac4   0x00000010   Code   RO          972    i.LED_R_Off         led.o
    0x08003ad4   0x00000018   Code   RO         2096    i.LL_AHB1_GRP1_EnableClock  usart.o
    0x08003aec   0x00000018   Code   RO         2097    i.LL_APB1_GRP1_EnableClock  usart.o
    0x08003b04   0x00000136   Code   RO         5748    i.LL_GPIO_Init      stm32f4xx_ll_gpio.o
    0x08003c3a   0x00000020   Code   RO         4031    i.LL_RCC_GetSystemClocksFreq  stm32f4xx_ll_rcc.o
    0x08003c5a   0x00000012   Code   RO         2098    i.LL_USART_ConfigAsyncMode  usart.o
    0x08003c6c   0x00000016   Code   RO         1526    i.LL_USART_DisableIT_RXNE  main.o
    0x08003c82   0x00000002   PAD
    0x08003c84   0x000000a0   Code   RO         5681    i.LL_USART_Init     stm32f4xx_ll_usart.o
    0x08003d24   0x000000b0   Code   RO         5682    i.LL_USART_SetBaudRate  stm32f4xx_ll_usart.o
    0x08003dd4   0x00000120   Code   RO         1058    i.Loiter            flycontrol.o
    0x08003ef4   0x0000006c   Code   RO         1059    i.Loiter_location   flycontrol.o
    0x08003f60   0x00000158   Code   RO          657    i.MPU6050_Data_Offset  mpu6050.o
    0x080040b8   0x000002a4   Code   RO          658    i.MPU6050_Data_Prepare  mpu6050.o
    0x0800435c   0x00000010   Code   RO          661    i.MPU6050_Read      mpu6050.o
    0x0800436c   0x00000064   Code   RO         1912    i.MX_ADC1_Init      adc.o
    0x080043d0   0x00000100   Code   RO         1886    i.MX_GPIO_Init      gpio.o
    0x080044d0   0x00000040   Code   RO         1954    i.MX_I2C1_Init      i2c.o
    0x08004510   0x00000040   Code   RO         1955    i.MX_I2C3_Init      i2c.o
    0x08004550   0x00000038   Code   RO         2003    i.MX_TIM10_Init     tim.o
    0x08004588   0x00000038   Code   RO         2004    i.MX_TIM11_Init     tim.o
    0x080045c0   0x00000038   Code   RO         2005    i.MX_TIM13_Init     tim.o
    0x080045f8   0x00000038   Code   RO         2006    i.MX_TIM14_Init     tim.o
    0x08004630   0x000000c4   Code   RO         2007    i.MX_TIM2_Init      tim.o
    0x080046f4   0x000000c8   Code   RO         2008    i.MX_TIM3_Init      tim.o
    0x080047bc   0x000000d0   Code   RO         2009    i.MX_TIM4_Init      tim.o
    0x0800488c   0x000000d0   Code   RO         2010    i.MX_TIM5_Init      tim.o
    0x0800495c   0x00000048   Code   RO         2011    i.MX_TIM7_Init      tim.o
    0x080049a4   0x000000b4   Code   RO         2099    i.MX_UART5_Init     usart.o
    0x08004a58   0x000000a4   Code   RO         2100    i.MX_USART1_UART_Init  usart.o
    0x08004afc   0x00000094   Code   RO         2101    i.MX_USART2_UART_Init  usart.o
    0x08004b90   0x00000094   Code   RO         2102    i.MX_USART3_UART_Init  usart.o
    0x08004c24   0x00000002   Code   RO         2186    i.MemManage_Handler  stm32f4xx_it.o
    0x08004c26   0x00000002   Code   RO         2187    i.NMI_Handler       stm32f4xx_it.o
    0x08004c28   0x00000032   Code   RO         2103    i.NVIC_EncodePriority  usart.o
    0x08004c5a   0x00000002   PAD
    0x08004c5c   0x00000148   Code   RO         1060    i.PIDCalc           flycontrol.o
    0x08004da4   0x00000104   Code   RO         1061    i.PIDInit           flycontrol.o
    0x08004ea8   0x000000d8   Code   RO         1062    i.PID_GetTime       flycontrol.o
    0x08004f80   0x00000076   Code   RO         1063    i.PID_location      flycontrol.o
    0x08004ff6   0x00000002   PAD
    0x08004ff8   0x00000094   Code   RO         1447    i.Pack_cxof_buf     uart_api.o
    0x0800508c   0x00000002   Code   RO         2188    i.PendSV_Handler    stm32f4xx_it.o
    0x0800508e   0x00000002   PAD
    0x08005090   0x00000164   Code   RO         1529    i.PrintfHardInfo    main.o
    0x080051f4   0x0000001c   Code   RO         4034    i.RCC_GetHCLKClockFreq  stm32f4xx_ll_rcc.o
    0x08005210   0x0000001c   Code   RO         4035    i.RCC_GetPCLK1ClockFreq  stm32f4xx_ll_rcc.o
    0x0800522c   0x0000001c   Code   RO         4036    i.RCC_GetPCLK2ClockFreq  stm32f4xx_ll_rcc.o
    0x08005248   0x0000002c   Code   RO         4037    i.RCC_GetSystemClockFreq  stm32f4xx_ll_rcc.o
    0x08005274   0x0000004c   Code   RO         4040    i.RCC_PLL_GetFreqDomain_SYS  stm32f4xx_ll_rcc.o
    0x080052c0   0x00000040   Code   RO         1531    i.RC_Read           main.o
    0x08005300   0x00000060   Code   RO         1064    i.RC_bridge         flycontrol.o
    0x08005360   0x00000002   Code   RO         2189    i.SVC_Handler       stm32f4xx_it.o
    0x08005362   0x00000012   Code   RO         1448    i.Send_cxof_buf     uart_api.o
    0x08005374   0x00000024   Code   RO         5884    i.SetLimitValue     vl53l1_api.o
    0x08005398   0x000000a8   Code   RO         5885    i.SetPresetMode     vl53l1_api.o
    0x08005440   0x000001a8   Code   RO         5886    i.SetSimpleData     vl53l1_api.o
    0x080055e8   0x0000000c   Code   RO         1068    i.Set_PWM_Pitch     flycontrol.o
    0x080055f4   0x0000000c   Code   RO         1069    i.Set_PWM_Roll      flycontrol.o
    0x08005600   0x0000000c   Code   RO         1070    i.Set_PWM_Thr       flycontrol.o
    0x0800560c   0x0000000c   Code   RO         1071    i.Set_PWM_Yaw       flycontrol.o
    0x08005618   0x00000004   Code   RO         2190    i.SysTick_Handler   stm32f4xx_it.o
    0x0800561c   0x00000094   Code   RO         1533    i.SystemClock_Config  main.o
    0x080056b0   0x00000010   Code   RO         5844    i.SystemInit        system_stm32f4xx.o
    0x080056c0   0x0000001c   Code   RO         1535    i.TIM11_Set         main.o
    0x080056dc   0x0000001c   Code   RO         1536    i.TIM13_Set         main.o
    0x080056f8   0x0000001c   Code   RO         1537    i.TIM14_Set         main.o
    0x08005714   0x0000000c   Code   RO         2191    i.TIM1_TRG_COM_TIM11_IRQHandler  stm32f4xx_it.o
    0x08005720   0x0000000c   Code   RO         2192    i.TIM1_UP_TIM10_IRQHandler  stm32f4xx_it.o
    0x0800572c   0x0000000c   Code   RO         2193    i.TIM2_IRQHandler   stm32f4xx_it.o
    0x08005738   0x0000000c   Code   RO         2194    i.TIM3_IRQHandler   stm32f4xx_it.o
    0x08005744   0x0000000c   Code   RO         2195    i.TIM4_IRQHandler   stm32f4xx_it.o
    0x08005750   0x0000000c   Code   RO         2196    i.TIM5_IRQHandler   stm32f4xx_it.o
    0x0800575c   0x0000000c   Code   RO         2197    i.TIM7_IRQHandler   stm32f4xx_it.o
    0x08005768   0x0000000c   Code   RO         2198    i.TIM8_TRG_COM_TIM14_IRQHandler  stm32f4xx_it.o
    0x08005774   0x0000000c   Code   RO         2199    i.TIM8_UP_TIM13_IRQHandler  stm32f4xx_it.o
    0x08005780   0x000000c8   Code   RO         4798    i.TIM_Base_SetConfig  stm32f4xx_hal_tim.o
    0x08005848   0x0000001a   Code   RO         4799    i.TIM_CCxChannelCmd  stm32f4xx_hal_tim.o
    0x08005862   0x00000014   Code   RO         4809    i.TIM_ETR_SetConfig  stm32f4xx_hal_tim.o
    0x08005876   0x00000010   Code   RO         4810    i.TIM_ITRx_SetConfig  stm32f4xx_hal_tim.o
    0x08005886   0x00000002   PAD
    0x08005888   0x00000060   Code   RO         4811    i.TIM_OC1_SetConfig  stm32f4xx_hal_tim.o
    0x080058e8   0x0000006c   Code   RO         4812    i.TIM_OC2_SetConfig  stm32f4xx_hal_tim.o
    0x08005954   0x00000068   Code   RO         4813    i.TIM_OC3_SetConfig  stm32f4xx_hal_tim.o
    0x080059bc   0x00000050   Code   RO         4814    i.TIM_OC4_SetConfig  stm32f4xx_hal_tim.o
    0x08005a0c   0x00000022   Code   RO         4816    i.TIM_TI1_ConfigInputStage  stm32f4xx_hal_tim.o
    0x08005a2e   0x00000002   PAD
    0x08005a30   0x00000080   Code   RO         4817    i.TIM_TI1_SetConfig  stm32f4xx_hal_tim.o
    0x08005ab0   0x00000024   Code   RO         4818    i.TIM_TI2_ConfigInputStage  stm32f4xx_hal_tim.o
    0x08005ad4   0x00000036   Code   RO         4819    i.TIM_TI2_SetConfig  stm32f4xx_hal_tim.o
    0x08005b0a   0x00000002   PAD
    0x08005b0c   0x000000f0   Code   RO         1072    i.Take_off          flycontrol.o
    0x08005bfc   0x00000030   Code   RO          865    i.To_180_degrees    mymath.o
    0x08005c2c   0x0000000e   Code   RO          670    i.Transform         mpu6050.o
    0x08005c3a   0x00000002   PAD
    0x08005c3c   0x0000000c   Code   RO         2200    i.UART5_IRQHandler  stm32f4xx_it.o
    0x08005c48   0x0000000c   Code   RO         2201    i.USART1_IRQHandler  stm32f4xx_it.o
    0x08005c54   0x0000000c   Code   RO         2202    i.USART2_IRQHandler  stm32f4xx_it.o
    0x08005c60   0x0000000c   Code   RO         2203    i.USART3_IRQHandler  stm32f4xx_it.o
    0x08005c6c   0x00000120   Code   RO         1538    i.USART_RxCallback  main.o
    0x08005d8c   0x00000090   Code   RO         1076    i.Unlock            flycontrol.o
    0x08005e1c   0x00000002   Code   RO         2204    i.UsageFault_Handler  stm32f4xx_it.o
    0x08005e1e   0x00000016   Code   RO         5888    i.VL53L1_ClearInterruptAndStartMeasurement  vl53l1_api.o
    0x08005e34   0x0000005a   Code   RO         5889    i.VL53L1_DataInit   vl53l1_api.o
    0x08005e8e   0x00000018   Code   RO         5895    i.VL53L1_GetLimitCheckEnable  vl53l1_api.o
    0x08005ea6   0x00000002   PAD
    0x08005ea8   0x00000054   Code   RO         5898    i.VL53L1_GetLimitCheckValue  vl53l1_api.o
    0x08005efc   0x00000004   Code   RO         5899    i.VL53L1_GetMeasurementDataReady  vl53l1_api.o
    0x08005f00   0x0000003c   Code   RO         5910    i.VL53L1_GetRangingMeasurementData  vl53l1_api.o
    0x08005f3c   0x00000004   Code   RO         5911    i.VL53L1_GetSequenceStepEnable  vl53l1_api.o
    0x08005f40   0x0000003c   Code   RO         2363    i.VL53L1_RdByte     vl53l1_platform.o
    0x08005f7c   0x00000048   Code   RO         2365    i.VL53L1_RdWord     vl53l1_platform.o
    0x08005fc4   0x0000003c   Code   RO         2366    i.VL53L1_ReadMulti  vl53l1_platform.o
    0x08006000   0x00000080   Code   RO         5924    i.VL53L1_SetDistanceMode  vl53l1_api.o
    0x08006080   0x00000004   Code   RO         5925    i.VL53L1_SetInterMeasurementPeriodMilliSeconds  vl53l1_api.o
    0x08006084   0x00000036   Code   RO         5926    i.VL53L1_SetLimitCheckEnable  vl53l1_api.o
    0x080060ba   0x0000002e   Code   RO         5927    i.VL53L1_SetLimitCheckValue  vl53l1_api.o
    0x080060e8   0x00000100   Code   RO         5928    i.VL53L1_SetMeasurementTimingBudgetMicroSeconds  vl53l1_api.o
    0x080061e8   0x00000052   Code   RO         5930    i.VL53L1_SetPresetMode  vl53l1_api.o
    0x0800623a   0x0000004c   Code   RO         5936    i.VL53L1_StartMeasurement  vl53l1_api.o
    0x08006286   0x0000001c   Code   RO         5937    i.VL53L1_StaticInit  vl53l1_api.o
    0x080062a2   0x00000008   Code   RO         5939    i.VL53L1_WaitDeviceBooted  vl53l1_api.o
    0x080062aa   0x00000012   Code   RO         2369    i.VL53L1_WaitUs     vl53l1_platform.o
    0x080062bc   0x00000078   Code   RO         2370    i.VL53L1_WaitValueMaskEx  vl53l1_platform.o
    0x08006334   0x00000040   Code   RO         2374    i.VL53L1_WriteMulti  vl53l1_platform.o
    0x08006374   0x00000012   Code   RO         6873    i.VL53L1_calc_decoded_timeout_us  vl53l1_core.o
    0x08006386   0x0000000e   Code   RO         6874    i.VL53L1_calc_encoded_timeout  vl53l1_core.o
    0x08006394   0x00000020   Code   RO         6875    i.VL53L1_calc_macro_period_us  vl53l1_core.o
    0x080063b4   0x0000000a   Code   RO         7216    i.VL53L1_calc_pll_period_us  vl53l1_core_support.o
    0x080063be   0x00000046   Code   RO         6877    i.VL53L1_calc_range_ignore_threshold  vl53l1_core.o
    0x08006404   0x0000000c   Code   RO         6878    i.VL53L1_calc_timeout_mclks  vl53l1_core.o
    0x08006410   0x0000007e   Code   RO         6879    i.VL53L1_calc_timeout_register_values  vl53l1_core.o
    0x0800648e   0x00000016   Code   RO         6880    i.VL53L1_calc_timeout_us  vl53l1_core.o
    0x080064a4   0x0000004c   Code   RO         6881    i.VL53L1_check_ll_driver_rd_state  vl53l1_core.o
    0x080064f0   0x00000006   Code   RO         6336    i.VL53L1_clear_interrupt_and_enable_next_range  vl53l1_api_core.o
    0x080064f6   0x0000001a   Code   RO         6883    i.VL53L1_config_low_power_auto_mode  vl53l1_core.o
    0x08006510   0x00000084   Code   RO         6884    i.VL53L1_copy_rtn_good_spads_to_buffer  vl53l1_core.o
    0x08006594   0x00000110   Code   RO         6337    i.VL53L1_copy_sys_and_core_results_to_range_results  vl53l1_api_core.o
    0x080066a4   0x000000a8   Code   RO         6338    i.VL53L1_data_init  vl53l1_api_core.o
    0x0800674c   0x00000024   Code   RO         7217    i.VL53L1_decode_row_col  vl53l1_core_support.o
    0x08006770   0x0000000c   Code   RO         6886    i.VL53L1_decode_timeout  vl53l1_core.o
    0x0800677c   0x00000008   Code   RO         7218    i.VL53L1_decode_vcsel_period  vl53l1_core_support.o
    0x08006784   0x0000000c   Code   RO         6889    i.VL53L1_decode_zone_size  vl53l1_core.o
    0x08006790   0x0000001c   Code   RO         6895    i.VL53L1_encode_row_col  vl53l1_core.o
    0x080067ac   0x0000001e   Code   RO         6896    i.VL53L1_encode_timeout  vl53l1_core.o
    0x080067ca   0x00000008   Code   RO         6899    i.VL53L1_encode_zone_size  vl53l1_core.o
    0x080067d2   0x00000022   Code   RO         7264    i.VL53L1_get_customer_nvm_managed  vl53l1_register_funcs.o
    0x080067f4   0x0000008a   Code   RO         6343    i.VL53L1_get_device_results  vl53l1_api_core.o
    0x0800687e   0x0000000c   Code   RO         6346    i.VL53L1_get_lite_min_count_rate  vl53l1_api_core.o
    0x0800688a   0x0000000c   Code   RO         6347    i.VL53L1_get_lite_sigma_threshold  vl53l1_api_core.o
    0x08006896   0x00000062   Code   RO         6349    i.VL53L1_get_measurement_results  vl53l1_api_core.o
    0x080068f8   0x0000003a   Code   RO         6350    i.VL53L1_get_mode_mitigation_roi  vl53l1_api_core.o
    0x08006932   0x00000024   Code   RO         7265    i.VL53L1_get_nvm_copy_data  vl53l1_register_funcs.o
    0x08006956   0x00000080   Code   RO         6354    i.VL53L1_get_preset_mode_timing_cfg  vl53l1_api_core.o
    0x080069d6   0x00000034   Code   RO         6357    i.VL53L1_get_sequence_config_bit  vl53l1_api_core.o
    0x08006a0a   0x0000001e   Code   RO         7266    i.VL53L1_get_static_nvm_managed  vl53l1_register_funcs.o
    0x08006a28   0x00000072   Code   RO         6358    i.VL53L1_get_timeouts_us  vl53l1_api_core.o
    0x08006a9a   0x000001b0   Code   RO         6359    i.VL53L1_get_tuning_parm  vl53l1_api_core.o
    0x08006c4a   0x00000024   Code   RO         6360    i.VL53L1_get_user_zone  vl53l1_api_core.o
    0x08006c6e   0x00000078   Code   RO         7268    i.VL53L1_i2c_decode_core_results  vl53l1_register_funcs.o
    0x08006ce6   0x0000009e   Code   RO         7269    i.VL53L1_i2c_decode_customer_nvm_managed  vl53l1_register_funcs.o
    0x08006d84   0x00000194   Code   RO         7270    i.VL53L1_i2c_decode_debug_results  vl53l1_register_funcs.o
    0x08006f18   0x00000022   Code   RO         6901    i.VL53L1_i2c_decode_int16_t  vl53l1_core.o
    0x08006f3a   0x00000002   PAD
    0x08006f3c   0x00000020   Code   RO         6902    i.VL53L1_i2c_decode_int32_t  vl53l1_core.o
    0x08006f5c   0x0000013e   Code   RO         7272    i.VL53L1_i2c_decode_nvm_copy_data  vl53l1_register_funcs.o
    0x0800709a   0x0000005c   Code   RO         7274    i.VL53L1_i2c_decode_static_nvm_managed  vl53l1_register_funcs.o
    0x080070f6   0x0000011c   Code   RO         7275    i.VL53L1_i2c_decode_system_results  vl53l1_register_funcs.o
    0x08007212   0x00000002   PAD
    0x08007214   0x0000001a   Code   RO         6903    i.VL53L1_i2c_decode_uint16_t  vl53l1_core.o
    0x0800722e   0x00000002   PAD
    0x08007230   0x00000018   Code   RO         6904    i.VL53L1_i2c_decode_uint32_t  vl53l1_core.o
    0x08007248   0x000000a6   Code   RO         7276    i.VL53L1_i2c_encode_customer_nvm_managed  vl53l1_register_funcs.o
    0x080072ee   0x00000086   Code   RO         7277    i.VL53L1_i2c_encode_dynamic_config  vl53l1_register_funcs.o
    0x08007374   0x0000008c   Code   RO         7278    i.VL53L1_i2c_encode_general_config  vl53l1_register_funcs.o
    0x08007400   0x0000001a   Code   RO         6906    i.VL53L1_i2c_encode_int16_t  vl53l1_core.o
    0x0800741a   0x000000de   Code   RO         7279    i.VL53L1_i2c_encode_static_config  vl53l1_register_funcs.o
    0x080074f8   0x0000005c   Code   RO         7280    i.VL53L1_i2c_encode_static_nvm_managed  vl53l1_register_funcs.o
    0x08007554   0x00000034   Code   RO         7281    i.VL53L1_i2c_encode_system_control  vl53l1_register_funcs.o
    0x08007588   0x0000008a   Code   RO         7282    i.VL53L1_i2c_encode_timing_config  vl53l1_register_funcs.o
    0x08007612   0x0000001a   Code   RO         6908    i.VL53L1_i2c_encode_uint16_t  vl53l1_core.o
    0x0800762c   0x0000001a   Code   RO         6909    i.VL53L1_i2c_encode_uint32_t  vl53l1_core.o
    0x08007646   0x000001e6   Code   RO         6364    i.VL53L1_init_and_start_range  vl53l1_api_core.o
    0x0800782c   0x00000018   Code   RO         6910    i.VL53L1_init_ll_driver_state  vl53l1_core.o
    0x08007844   0x00000026   Code   RO         6701    i.VL53L1_init_offset_cal_config_struct  vl53l1_api_preset_modes.o
    0x0800786a   0x00000022   Code   RO         6702    i.VL53L1_init_refspadchar_config_struct  vl53l1_api_preset_modes.o
    0x0800788c   0x0000001e   Code   RO         6703    i.VL53L1_init_ssc_config_struct  vl53l1_api_preset_modes.o
    0x080078aa   0x0000008e   Code   RO         6704    i.VL53L1_init_tuning_parm_storage_struct  vl53l1_api_preset_modes.o
    0x08007938   0x0000001a   Code   RO         6912    i.VL53L1_init_version  vl53l1_core.o
    0x08007952   0x00000050   Code   RO         6705    i.VL53L1_init_xtalk_config_struct  vl53l1_api_preset_modes.o
    0x080079a2   0x00000036   Code   RO         7458    i.VL53L1_is_new_data_ready  vl53l1_wait.o
    0x080079d8   0x0000002c   Code   RO         6914    i.VL53L1_low_power_auto_data_init  vl53l1_core.o
    0x08007a04   0x00000030   Code   RO         6915    i.VL53L1_low_power_auto_data_stop_range  vl53l1_core.o
    0x08007a34   0x00000046   Code   RO         6916    i.VL53L1_low_power_auto_setup_manual_calibration  vl53l1_core.o
    0x08007a7a   0x00000062   Code   RO         6917    i.VL53L1_low_power_auto_update_DSS  vl53l1_core.o
    0x08007adc   0x00000034   Code   RO         7459    i.VL53L1_poll_for_boot_completion  vl53l1_wait.o
    0x08007b10   0x0000002e   Code   RO         6706    i.VL53L1_preset_mode_low_power_auto_long_ranging  vl53l1_api_preset_modes.o
    0x08007b3e   0x0000002e   Code   RO         6707    i.VL53L1_preset_mode_low_power_auto_ranging  vl53l1_api_preset_modes.o
    0x08007b6c   0x0000002e   Code   RO         6708    i.VL53L1_preset_mode_low_power_auto_short_ranging  vl53l1_api_preset_modes.o
    0x08007b9a   0x00000018   Code   RO         6709    i.VL53L1_preset_mode_olt  vl53l1_api_preset_modes.o
    0x08007bb2   0x00000032   Code   RO         6710    i.VL53L1_preset_mode_singleshot_ranging  vl53l1_api_preset_modes.o
    0x08007be4   0x00000146   Code   RO         6711    i.VL53L1_preset_mode_standard_ranging  vl53l1_api_preset_modes.o
    0x08007d2a   0x0000003e   Code   RO         6712    i.VL53L1_preset_mode_standard_ranging_long_range  vl53l1_api_preset_modes.o
    0x08007d68   0x00000024   Code   RO         6713    i.VL53L1_preset_mode_standard_ranging_mm1_cal  vl53l1_api_preset_modes.o
    0x08007d8c   0x00000024   Code   RO         6714    i.VL53L1_preset_mode_standard_ranging_mm2_cal  vl53l1_api_preset_modes.o
    0x08007db0   0x0000003e   Code   RO         6715    i.VL53L1_preset_mode_standard_ranging_short_range  vl53l1_api_preset_modes.o
    0x08007dee   0x00000038   Code   RO         6716    i.VL53L1_preset_mode_timed_ranging  vl53l1_api_preset_modes.o
    0x08007e26   0x00000038   Code   RO         6717    i.VL53L1_preset_mode_timed_ranging_long_range  vl53l1_api_preset_modes.o
    0x08007e5e   0x0000003a   Code   RO         6718    i.VL53L1_preset_mode_timed_ranging_short_range  vl53l1_api_preset_modes.o
    0x08007e98   0x0000007c   Code   RO         6365    i.VL53L1_read_p2p_data  vl53l1_api_core.o
    0x08007f14   0x0000001c   Code   RO         6370    i.VL53L1_set_inter_measurement_period_ms  vl53l1_api_core.o
    0x08007f30   0x0000000a   Code   RO         6372    i.VL53L1_set_lite_min_count_rate  vl53l1_api_core.o
    0x08007f3a   0x0000000a   Code   RO         6373    i.VL53L1_set_lite_sigma_threshold  vl53l1_api_core.o
    0x08007f44   0x000001a2   Code   RO         6378    i.VL53L1_set_preset_mode  vl53l1_api_core.o
    0x080080e6   0x00000022   Code   RO         7288    i.VL53L1_set_system_control  vl53l1_register_funcs.o
    0x08008108   0x00000036   Code   RO         6382    i.VL53L1_set_timeouts_us  vl53l1_api_core.o
    0x0800813e   0x00000024   Code   RO         6384    i.VL53L1_set_user_zone  vl53l1_api_core.o
    0x08008162   0x00000012   Code   RO         6386    i.VL53L1_set_vhv_loopbound  vl53l1_api_core.o
    0x08008174   0x00000046   Code   RO         6388    i.VL53L1_stop_range  vl53l1_api_core.o
    0x080081ba   0x00000060   Code   RO         6927    i.VL53L1_update_ll_driver_cfg_state  vl53l1_core.o
    0x0800821a   0x00000074   Code   RO         6928    i.VL53L1_update_ll_driver_rd_state  vl53l1_core.o
    0x0800828e   0x00000020   Code   RO         2375    i._I2CRead          vl53l1_platform.o
    0x080082ae   0x0000001c   Code   RO         2376    i._I2CWrite         vl53l1_platform.o
    0x080082ca   0x00000002   PAD
    0x080082cc   0x00000020   Code   RO         7839    i.__0printf         mc_w.l(printfa.o)
    0x080082ec   0x00000030   Code   RO         7929    i.__ARM_fpclassify  m_wm.l(fpclassify.o)
    0x0800831c   0x0000001a   Code   RO         2104    i.__NVIC_EnableIRQ  usart.o
    0x08008336   0x00000002   PAD
    0x08008338   0x00000010   Code   RO         2105    i.__NVIC_GetPriorityGrouping  usart.o
    0x08008348   0x00000020   Code   RO         2106    i.__NVIC_SetPriority  usart.o
    0x08008368   0x00000020   Code   RO         3652    i.__NVIC_SetPriority  stm32f4xx_hal_cortex.o
    0x08008388   0x00000360   Code   RO         7531    i.__hardfp_asin     m_wm.l(asin.o)
    0x080086e8   0x00000358   Code   RO         7545    i.__hardfp_exp      m_wm.l(exp.o)
    0x08008a40   0x0000007a   Code   RO         7565    i.__hardfp_sqrt     m_wm.l(sqrt.o)
    0x08008aba   0x00000006   PAD
    0x08008ac0   0x00000080   Code   RO         7577    i.__hardfp_tan      m_wm.l(tan.o)
    0x08008b40   0x00000438   Code   RO         7934    i.__ieee754_rem_pio2  m_wm.l(rred.o)
    0x08008f78   0x000000f8   Code   RO         7931    i.__kernel_poly     m_wm.l(poly.o)
    0x08009070   0x00000350   Code   RO         7939    i.__kernel_tan      m_wm.l(tan_i.o)
    0x080093c0   0x00000014   Code   RO         7916    i.__mathlib_dbl_infnan  m_wm.l(dunder.o)
    0x080093d4   0x00000004   PAD
    0x080093d8   0x00000020   Code   RO         7918    i.__mathlib_dbl_invalid  m_wm.l(dunder.o)
    0x080093f8   0x00000020   Code   RO         7919    i.__mathlib_dbl_overflow  m_wm.l(dunder.o)
    0x08009418   0x00000020   Code   RO         7921    i.__mathlib_dbl_underflow  m_wm.l(dunder.o)
    0x08009438   0x0000000e   Code   RO         7994    i.__scatterload_copy  mc_w.l(handlers.o)
    0x08009446   0x00000002   Code   RO         7995    i.__scatterload_null  mc_w.l(handlers.o)
    0x08009448   0x0000000e   Code   RO         7996    i.__scatterload_zeroinit  mc_w.l(handlers.o)
    0x08009456   0x00000002   PAD
    0x08009458   0x0000000c   Code   RO         7972    i.__set_errno       mc_w.l(errno.o)
    0x08009464   0x00000184   Code   RO         7846    i._fp_digits        mc_w.l(printfa.o)
    0x080095e8   0x000006dc   Code   RO         7847    i._printf_core      mc_w.l(printfa.o)
    0x08009cc4   0x00000024   Code   RO         7848    i._printf_post_padding  mc_w.l(printfa.o)
    0x08009ce8   0x0000002e   Code   RO         7849    i._printf_pre_padding  mc_w.l(printfa.o)
    0x08009d16   0x00000002   PAD
    0x08009d18   0x00000090   Code   RO         1337    i.calculate_cxof    matrix.o
    0x08009da8   0x00000328   Code   RO         1338    i.calculate_location  matrix.o
    0x0800a0d0   0x00000064   Code   RO         1339    i.creat_matrix      matrix.o
    0x0800a134   0x00000024   Code   RO         1340    i.delete_matrix     matrix.o
    0x0800a158   0x00000074   Code   RO         1267    i.encodeDecode_Analysis  encodeddecoder.o
    0x0800a1cc   0x000000dc   Code   RO         1268    i.encodeDecode_Analysis_UWB  encodeddecoder.o
    0x0800a2a8   0x00000018   Code   RO         7561    i.fabs              m_wm.l(fabs.o)
    0x0800a2c0   0x0000011c   Code   RO          866    i.fast_atan2        mymath.o
    0x0800a3dc   0x00000014   Code   RO         1543    i.fputc             main.o
    0x0800a3f0   0x00000050   Code   RO         7867    i.free              mc_w.l(malloc.o)
    0x0800a440   0x000000bc   Code   RO         1341    i.init_A_matrix     matrix.o
    0x0800a4fc   0x000000ac   Code   RO         1309    i.kalman_calc       kalman.o
    0x0800a5a8   0x00000030   Code   RO         1310    i.kalman_init       kalman.o
    0x0800a5d8   0x000007a0   Code   RO         1546    i.main              main.o
    0x0800ad78   0x0000006c   Code   RO         7868    i.malloc            mc_w.l(malloc.o)
    0x0800ade4   0x00000064   Code   RO         1343    i.matrix_T          matrix.o
    0x0800ae48   0x00000064   Code   RO         1344    i.matrix_inv2_2     matrix.o
    0x0800aeac   0x00000094   Code   RO         1347    i.multiply_matrix   matrix.o
    0x0800af40   0x00000010   Code   RO          868    i.my_abs            mymath.o
    0x0800af50   0x00000040   Code   RO          876    i.my_sqrt           mymath.o
    0x0800af90   0x0000006e   Code   RO         7567    i.sqrt              m_wm.l(sqrt.o)
    0x0800affe   0x00000002   PAD
    0x0800b000   0x000000cc   Code   RO         2480    i.takeoff           patrol.o
    0x0800b0cc   0x00000060   Code   RO         1552    i.vl53l1x_GetDistance  main.o
    0x0800b12c   0x00000168   Code   RO         1553    i.vl53l1x_init      main.o
    0x0800b294   0x00000024   Data   RO         1351    .constdata          matrix.o
    0x0800b2b8   0x00000010   Data   RO         5845    .constdata          system_stm32f4xx.o
    0x0800b2c8   0x00000008   Data   RO         5846    .constdata          system_stm32f4xx.o
    0x0800b2d0   0x00000050   Data   RO         7534    .constdata          m_wm.l(asin.o)
    0x0800b320   0x00000058   Data   RO         7548    .constdata          m_wm.l(exp.o)
    0x0800b378   0x000000c8   Data   RO         7936    .constdata          m_wm.l(rred.o)
    0x0800b440   0x00000060   Data   RO         7940    .constdata          m_wm.l(tan_i.o)
    0x0800b4a0   0x00000177   Data   RO         1566    .conststring        main.o
    0x0800b617   0x00000001   PAD
    0x0800b618   0x00000020   Data   RO         7992    Region$$Table       anon$$obj.o


    Execution Region RW_IRAM1 (Base: 0x20000000, Size: 0x00001e70, Max: 0x0001c000, ABSOLUTE, COMPRESSED[0x0000045c])

    Base Addr    Size         Type   Attr      Idx    E Section Name        Object

    0x20000000   0x00000001   Data   RW          182    .data               key.o
    0x20000001   0x00000001   PAD
    0x20000002   0x00000008   Data   RW          672    .data               mpu6050.o
    0x2000000a   0x00000002   PAD
    0x2000000c   0x00000028   Data   RW          827    .data               imu.o
    0x20000034   0x00000004   Data   RW          828    .data               imu.o
    0x20000038   0x00000004   Data   RW          829    .data               imu.o
    0x2000003c   0x00000404   Data   RW          877    .data               mymath.o
    0x20000440   0x00000040   Data   RW         1081    .data               flycontrol.o
    0x20000480   0x00000004   Data   RW         1087    .data               flycontrol.o
    0x20000484   0x00000004   Data   RW         1088    .data               flycontrol.o
    0x20000488   0x0000000c   Data   RW         1271    .data               encodeddecoder.o
    0x20000494   0x00000008   Data   RW         1352    .data               matrix.o
    0x2000049c   0x000000ef   Data   RW         1567    .data               main.o
    0x2000058b   0x00000001   PAD
    0x2000058c   0x0000001c   Data   RW         2481    .data               patrol.o
    0x200005a8   0x0000000c   Data   RW         3796    .data               stm32f4xx_hal.o
    0x200005b4   0x00000004   Data   RW         5847    .data               system_stm32f4xx.o
    0x200005b8   0x0000001c   Data   RW         5944    .data               vl53l1_api.o
    0x200005d4   0x00000004   Data   RW         7959    .data               mc_w.l(stdout.o)
    0x200005d8   0x00000004   Data   RW         7968    .data               mc_w.l(mvars.o)
    0x200005dc   0x00000004   Data   RW         7969    .data               mc_w.l(mvars.o)
    0x200005e0   0x00000004   Data   RW         7973    .data               mc_w.l(errno.o)
    0x200005e4   0x0000016c   Zero   RW          671    .bss                mpu6050.o
    0x20000750   0x00000048   Zero   RW          826    .bss                imu.o
    0x20000798   0x000000c0   Zero   RW         1079    .bss                flycontrol.o
    0x20000858   0x00000018   Zero   RW         1270    .bss                encodeddecoder.o
    0x20000870   0x00000028   Zero   RW         1311    .bss                kalman.o
    0x20000898   0x00000028   Zero   RW         1312    .bss                kalman.o
    0x200008c0   0x000000a0   Zero   RW         1313    .bss                kalman.o
    0x20000960   0x00000028   Zero   RW         1314    .bss                kalman.o
    0x20000988   0x0000000c   Zero   RW         1350    .bss                matrix.o
    0x20000994   0x00000009   Zero   RW         1451    .bss                uart_api.o
    0x2000099d   0x00000003   PAD
    0x200009a0   0x00000a58   Zero   RW         1556    .bss                main.o
    0x200013f8   0x00000048   Zero   RW         1913    .bss                adc.o
    0x20001440   0x000000a8   Zero   RW         1956    .bss                i2c.o
    0x200014e8   0x00000288   Zero   RW         2012    .bss                tim.o
    0x20001770   0x00000100   Zero   RW         2377    .bss                vl53l1_platform.o
    0x20001870   0x00000200   Zero   RW          646    HEAP                startup_stm32f407xx.o
    0x20001a70   0x00000400   Zero   RW          645    STACK               startup_stm32f407xx.o


    Execution Region RW_IRAM2 (Base: 0x2001c000, Size: 0x00000000, Max: 0x00004000, ABSOLUTE)

    **** No section assigned to this execution region ****


==============================================================================

Image component sizes


      Code (inc. data)   RO Data    RW Data    ZI Data      Debug   Object Name

       196         24          0          0         72       1701   adc.o
        32         12          0          0          0     731109   beep.o
       336         18          0         12         24       5402   encodeddecoder.o
      2058        340          0         72        192      17001   flycontrol.o
       256         18          0          0          0       1067   gpio.o
       360         52          0          0        168       2406   i2c.o
        60          4          0          0          0       2061   i2c_application.o
      1256         88          0         48         72      14623   imu.o
       220         28          0          0        280       2290   kalman.o
       396        100          0          1          0       1905   key.o
       136         34          0          0          0       4501   led.o
      4942       1074        375        239       2648      99214   main.o
      1624         98         36          8         12       7450   matrix.o
         0          0          0          0          0       3292   mav_altitude_decode.o
      1050         44          0          8        364      15910   mpu6050.o
       412         44          0       1028          0       3403   mymath.o
       204         28          0         28          0       1913   patrol.o
        36          8        392          0       1536        804   startup_stm32f407xx.o
       180         28          0         12          0       9401   stm32f4xx_hal.o
       964         52          0          0          0       3751   stm32f4xx_hal_adc.o
       198         14          0          0          0      33943   stm32f4xx_hal_cortex.o
       532         46          0          0          0       3496   stm32f4xx_hal_gpio.o
      2118         50          0          0          0      12562   stm32f4xx_hal_i2c.o
        48          6          0          0          0        854   stm32f4xx_hal_msp.o
      1312         60          0          0          0       4637   stm32f4xx_hal_rcc.o
      3082        192          0          0          0      23605   stm32f4xx_hal_tim.o
       148         28          0          0          0       2449   stm32f4xx_hal_tim_ex.o
       176         78          0          0          0      10273   stm32f4xx_it.o
       310          0          0          0          0       7171   stm32f4xx_ll_gpio.o
       236         48          0          0          0      27751   stm32f4xx_ll_rcc.o
       336         24          0          0          0      16336   stm32f4xx_ll_usart.o
        16          4         24          4          0       1127   system_stm32f4xx.o
      1792        150          0          0        648       8320   tim.o
       260         14          0          0          9      16904   uart_api.o
       830         62          0          0          0      54833   usart.o
      1730         52          0         28          0      21142   vl53l1_api.o
      2780         82          0          0          0      22776   vl53l1_api_core.o
      1228          0          0          0          0      15655   vl53l1_api_preset_modes.o
      1334          0          0          0          0      23949   vl53l1_core.o
        54          0          0          0          0       2809   vl53l1_core_support.o
       454         26          0          0        256       7980   vl53l1_platform.o
      2454          0          0          0          0      15626   vl53l1_register_funcs.o
       106          0          0          0          0       2576   vl53l1_wait.o

    ----------------------------------------------------------------------
     36288       3030        860       1492       6284    1265978   Object Totals
         0          0         32          0          0          0   (incl. Generated)
        36          0          1          4          3          0   (incl. Padding)

    ----------------------------------------------------------------------

      Code (inc. data)   RO Data    RW Data    ZI Data      Debug   Library Member Name

       864         94         80          0          0        280   asin.o
       116         24          0          0          0        496   dunder.o
       856        142         88          0          0        288   exp.o
        24          0          0          0          0        124   fabs.o
        48          0          0          0          0        124   fpclassify.o
       248          0          0          0          0        152   poly.o
      1080        142        200          0          0        188   rred.o
       232          0          0          0          0        296   sqrt.o
       128         20          0          0          0        144   tan.o
       848         84         96          0          0        196   tan_i.o
        86          0          0          0          0          0   __dczerorl2.o
         0          0          0          0          0          0   entry.o
         0          0          0          0          0          0   entry10a.o
         0          0          0          0          0          0   entry11a.o
         8          4          0          0          0          0   entry2.o
         4          0          0          0          0          0   entry5.o
         0          0          0          0          0          0   entry7b.o
         0          0          0          0          0          0   entry8b.o
         8          4          0          0          0          0   entry9a.o
        12          6          0          4          0         68   errno.o
        30          0          0          0          0          0   handlers.o
        36          8          0          0          0         68   init.o
         0          0          0          0          0          0   iusefp.o
        30          0          0          0          0         68   llshl.o
        36          0          0          0          0         68   llsshr.o
        32          0          0          0          0         68   llushr.o
       188         20          0          0          0        160   malloc.o
        36          0          0          0          0         68   memcpya.o
        36          0          0          0          0        108   memseta.o
         0          0          0          8          0          0   mvars.o
      2258         90          0          0          0        452   printfa.o
         8          0          0          0          0         68   siabs.o
         0          0          0          4          0          0   stdout.o
        24          0          0          0          0         76   strncpy.o
        44          0          0          0          0         80   uidiv.o
        98          0          0          0          0         92   uldiv.o
        48          0          0          0          0         68   cdcmple.o
        48          0          0          0          0         68   cdrcmple.o
        56          0          0          0          0         88   d2f.o
       334          0          0          0          0        148   dadd.o
       222          0          0          0          0        100   ddiv.o
       186          0          0          0          0        176   depilogue.o
        62          0          0          0          0         80   dfixi.o
        48          0          0          0          0         68   dfixul.o
        34          0          0          0          0         76   dflti.o
        26          0          0          0          0         76   dfltui.o
       228          0          0          0          0         96   dmul.o
       162          0          0          0          0        100   dsqrt.o
        38          0          0          0          0         68   f2d.o
       110          0          0          0          0        168   fepilogue.o

    ----------------------------------------------------------------------
      9036        638        464         16          0       5112   Library Totals
        16          0          0          0          0          0   (incl. Padding)

    ----------------------------------------------------------------------

      Code (inc. data)   RO Data    RW Data    ZI Data      Debug   Library Name

      4444        506        464          0          0       2288   m_wm.l
      2974        132          0         16          0       1444   mc_w.l
      1602          0          0          0          0       1380   mf_w.l

    ----------------------------------------------------------------------
      9036        638        464         16          0       5112   Library Totals

    ----------------------------------------------------------------------

==============================================================================


      Code (inc. data)   RO Data    RW Data    ZI Data      Debug   

     45324       3668       1324       1508       6284    1238118   Grand Totals
     45324       3668       1324       1116       6284    1238118   ELF Image Totals (compressed)
     45324       3668       1324       1116          0          0   ROM Totals

==============================================================================

    Total RO  Size (Code + RO Data)                46648 (  45.55kB)
    Total RW  Size (RW Data + ZI Data)              7792 (   7.61kB)
    Total ROM Size (Code + RO Data + RW Data)      47764 (  46.64kB)

==============================================================================

